Archive member included to satisfy reference by file (symbol)

C:\dev\polden-vert\polden-vert-motorControl-lpc1758\lpc_board_nxp_lpcxpresso_1769\Debug\liblpc_board_nxp_lpcxpresso_1769.a(board.o)
                              ./example/src/cdc_main.o (Board_Init)
C:\dev\polden-vert\polden-vert-motorControl-lpc1758\lpc_board_nxp_lpcxpresso_1769\Debug\liblpc_board_nxp_lpcxpresso_1769.a(board_sysinit.o)
                              ./example/src/sysinit.o (Board_SystemInit)
C:\dev\polden-vert\polden-vert-motorControl-lpc1758\lpc_chip_175x_6x\Debug\liblpc_chip_175x_6x.a(chip_17xx_40xx.o)
                              ./example/src/cdc_main.o (SystemCoreClockUpdate)
C:\dev\polden-vert\polden-vert-motorControl-lpc1758\lpc_chip_175x_6x\Debug\liblpc_chip_175x_6x.a(clock_17xx_40xx.o)
                              C:\dev\polden-vert\polden-vert-motorControl-lpc1758\lpc_chip_175x_6x\Debug\liblpc_chip_175x_6x.a(chip_17xx_40xx.o) (Chip_Clock_EnablePLL)
C:\dev\polden-vert\polden-vert-motorControl-lpc1758\lpc_chip_175x_6x\Debug\liblpc_chip_175x_6x.a(i2s_17xx_40xx.o)
                              C:\dev\polden-vert\polden-vert-motorControl-lpc1758\lpc_board_nxp_lpcxpresso_1769\Debug\liblpc_board_nxp_lpcxpresso_1769.a(board.o) (Chip_I2S_Init)
C:\dev\polden-vert\polden-vert-motorControl-lpc1758\lpc_chip_175x_6x\Debug\liblpc_chip_175x_6x.a(iocon_17xx_40xx.o)
                              C:\dev\polden-vert\polden-vert-motorControl-lpc1758\lpc_board_nxp_lpcxpresso_1769\Debug\liblpc_board_nxp_lpcxpresso_1769.a(board.o) (Chip_IOCON_PinMux)
C:\dev\polden-vert\polden-vert-motorControl-lpc1758\lpc_chip_175x_6x\Debug\liblpc_chip_175x_6x.a(sysinit_17xx_40xx.o)
                              C:\dev\polden-vert\polden-vert-motorControl-lpc1758\lpc_board_nxp_lpcxpresso_1769\Debug\liblpc_board_nxp_lpcxpresso_1769.a(board_sysinit.o) (Chip_SetupXtalClocking)
C:\dev\polden-vert\polden-vert-motorControl-lpc1758\lpc_chip_175x_6x\Debug\liblpc_chip_175x_6x.a(uart_17xx_40xx.o)
                              ./example/src/cdc_uart.o (Chip_UART_Init)
C:\dev\polden-vert\polden-vert-motorControl-lpc1758\lpc_chip_175x_6x\Debug\liblpc_chip_175x_6x.a(ring_buffer.o)
                              C:\dev\polden-vert\polden-vert-motorControl-lpc1758\lpc_chip_175x_6x\Debug\liblpc_chip_175x_6x.a(uart_17xx_40xx.o) (RingBuffer_Insert)
C:\dev\polden-vert\polden-vert-motorControl-lpc1758\lpc_chip_175x_6x\libs\libusbd_175x_6x_lib.a(mw_usbd_rom_api.o)
                              ./example/src/cdc_main.o (cdc_api)
C:\dev\polden-vert\polden-vert-motorControl-lpc1758\lpc_chip_175x_6x\libs\libusbd_175x_6x_lib.a(hw_usbd_ip3503.o)
                              C:\dev\polden-vert\polden-vert-motorControl-lpc1758\lpc_chip_175x_6x\libs\libusbd_175x_6x_lib.a(mw_usbd_rom_api.o) (hwUSB_GetMemSize)
C:\dev\polden-vert\polden-vert-motorControl-lpc1758\lpc_chip_175x_6x\libs\libusbd_175x_6x_lib.a(mw_usbd_cdcuser.o)
                              C:\dev\polden-vert\polden-vert-motorControl-lpc1758\lpc_chip_175x_6x\libs\libusbd_175x_6x_lib.a(mw_usbd_rom_api.o) (mwCDC_SendNotification)
C:\dev\polden-vert\polden-vert-motorControl-lpc1758\lpc_chip_175x_6x\libs\libusbd_175x_6x_lib.a(mw_usbd_core.o)
                              C:\dev\polden-vert\polden-vert-motorControl-lpc1758\lpc_chip_175x_6x\libs\libusbd_175x_6x_lib.a(mw_usbd_rom_api.o) (mwUSB_SetupStage)
C:\dev\polden-vert\polden-vert-motorControl-lpc1758\lpc_chip_175x_6x\libs\libusbd_175x_6x_lib.a(mw_usbd_dfuuser.o)
                              C:\dev\polden-vert\polden-vert-motorControl-lpc1758\lpc_chip_175x_6x\libs\libusbd_175x_6x_lib.a(mw_usbd_rom_api.o) (mwDFU_GetMemSize)
C:\dev\polden-vert\polden-vert-motorControl-lpc1758\lpc_chip_175x_6x\libs\libusbd_175x_6x_lib.a(mw_usbd_hiduser.o)
                              C:\dev\polden-vert\polden-vert-motorControl-lpc1758\lpc_chip_175x_6x\libs\libusbd_175x_6x_lib.a(mw_usbd_rom_api.o) (mwHID_GetMemSize)
C:\dev\polden-vert\polden-vert-motorControl-lpc1758\lpc_chip_175x_6x\libs\libusbd_175x_6x_lib.a(mw_usbd_mscuser.o)
                              C:\dev\polden-vert\polden-vert-motorControl-lpc1758\lpc_chip_175x_6x\libs\libusbd_175x_6x_lib.a(mw_usbd_rom_api.o) (mwMSC_GetMemSize)
c:/nxp/lpcxpresso_8.2.0_647/lpcxpresso/tools/bin/../lib/gcc/arm-none-eabi/5.3.1/../../../../arm-none-eabi/lib/armv7-m\libcr_nohost.a(_cr__main.o)
                              ./example/src/cr_startup_lpc175x_6x.o (__main)
c:/nxp/lpcxpresso_8.2.0_647/lpcxpresso/tools/bin/../lib/gcc/arm-none-eabi/5.3.1/../../../../arm-none-eabi/lib/armv7-m\libcr_c.a(memcpy.o)
                              C:\dev\polden-vert\polden-vert-motorControl-lpc1758\lpc_board_nxp_lpcxpresso_1769\Debug\liblpc_board_nxp_lpcxpresso_1769.a(board.o) (memcpy)
c:/nxp/lpcxpresso_8.2.0_647/lpcxpresso/tools/bin/../lib/gcc/arm-none-eabi/5.3.1/../../../../arm-none-eabi/lib/armv7-m\libcr_c.a(memset.o)
                              ./example/src/cdc_main.o (memset)
[...]
Memory Configuration

Name             Origin             Length             Attributes
MFlash512        0x00000000         0x00080000         xr
RamLoc32         0x10000000         0x00008000         xrw
RamAHB32         0x2007c000         0x00008000         xrw
*default*        0x00000000         0xffffffff

Linker script and memory map

LOAD ./example/src/cdc_desc.o
LOAD ./example/src/cdc_main.o
LOAD ./example/src/cdc_uart.o
LOAD ./example/src/cr_startup_lpc175x_6x.o
LOAD ./example/src/sysinit.o
LOAD C:\dev\polden-vert\polden-vert-motorControl-lpc1758\lpc_board_nxp_lpcxpresso_1769\Debug\liblpc_board_nxp_lpcxpresso_1769.a
LOAD C:\dev\polden-vert\polden-vert-motorControl-lpc1758\lpc_chip_175x_6x\Debug\liblpc_chip_175x_6x.a
LOAD C:\dev\polden-vert\polden-vert-motorControl-lpc1758\lpc_chip_175x_6x\libs\libusbd_175x_6x_lib.a
START GROUP
LOAD c:/nxp/lpcxpresso_8.2.0_647/lpcxpresso/tools/bin/../lib/gcc/arm-none-eabi/5.3.1/../../../../arm-none-eabi/lib/armv7-m\libcr_nohost.a
LOAD c:/nxp/lpcxpresso_8.2.0_647/lpcxpresso/tools/bin/../lib/gcc/arm-none-eabi/5.3.1/../../../../arm-none-eabi/lib/armv7-m\libcr_c.a
LOAD c:/nxp/lpcxpresso_8.2.0_647/lpcxpresso/tools/bin/../lib/gcc/arm-none-eabi/5.3.1/armv7-m\libcr_eabihelpers.a
END GROUP
                0x00000000                __base_MFlash512 = 0x0
                0x00000000                __base_Flash = 0x0
                0x00080000                __top_MFlash512 = 0x80000
                0x00080000                __top_Flash = 0x80000
                0x10000000                __base_RamLoc32 = 0x10000000
                0x10000000                __base_RAM = 0x10000000
                0x10008000                __top_RamLoc32 = 0x10008000
                0x10008000                __top_RAM = 0x10008000
                0x2007c000                __base_RamAHB32 = 0x2007c000
                0x2007c000                __base_RAM2 = 0x2007c000
                0x20084000                __top_RamAHB32 = 0x20084000
                0x20084000                __top_RAM2 = 0x20084000

.text           0x00000000     0x324c
 FILL mask 0xff
                0x00000000                __vectors_start__ = ABSOLUTE (.)
 *(.isr_vector)
 .isr_vector    0x00000000       0xcc ./example/src/cr_startup_lpc175x_6x.o
                0x00000000                g_pfnVectors
                0x000000cc                . = ALIGN (0x4)
                0x000000cc                __section_table_start = .
                0x000000cc                __data_section_table = .
                0x000000cc        0x4 LONG 0x324c LOADADDR (.data)
                0x000000d0        0x4 LONG 0x10000000 ADDR (.data)
                0x000000d4        0x4 LONG 0x50 SIZEOF (.data)
                0x000000d8        0x4 LONG 0x324c LOADADDR (.data_RAM2)
                0x000000dc        0x4 LONG 0x2007c000 ADDR (.data_RAM2)
                0x000000e0        0x4 LONG 0x0 SIZEOF (.data_RAM2)
                0x000000e4                __data_section_table_end = .
                0x000000e4                __bss_section_table = .
                0x000000e4        0x4 LONG 0x10000050 ADDR (.bss)
                0x000000e8        0x4 LONG 0x170 SIZEOF (.bss)
                0x000000ec        0x4 LONG 0x2007c000 ADDR (.bss_RAM2)
                0x000000f0        0x4 LONG 0x0 SIZEOF (.bss_RAM2)
                0x000000f4                __bss_section_table_end = .
                0x000000f4                __section_table_end = .
 *(.after_vectors*)
 .after_vectors
                0x000000f4      0x144 ./example/src/cr_startup_lpc175x_6x.o
                0x000000f4                data_init
                0x00000138                bss_init
                0x00000170                ResetISR
                0x000001e8                NMI_Handler
                0x000001f0                HardFault_Handler
                0x000001f8                MemManage_Handler
                0x00000200                BusFault_Handler
                0x00000208                UsageFault_Handler
                0x00000210                SVC_Handler
                0x00000218                DebugMon_Handler
                0x00000220                PendSV_Handler
                0x00000228                SysTick_Handler
                0x00000230                UART1_IRQHandler
                0x00000230                EINT3_IRQHandler
                0x00000230                CANActivity_IRQHandler
                0x00000230                TIMER3_IRQHandler
                0x00000230                EINT2_IRQHandler
                0x00000230                USBActivity_IRQHandler
                0x00000230                IntDefaultHandler
                0x00000230                PLL0_IRQHandler
                0x00000230                CAN_IRQHandler
                0x00000230                I2C1_IRQHandler
                0x00000230                SSP0_IRQHandler
                0x00000230                I2S_IRQHandler
                0x00000230                I2C2_IRQHandler
                0x00000230                RTC_IRQHandler
                0x00000230                TIMER0_IRQHandler
                0x00000230                SPI_IRQHandler
                0x00000230                RIT_IRQHandler
                0x00000230                EINT1_IRQHandler
                0x00000230                TIMER1_IRQHandler
                0x00000230                UART2_IRQHandler
                0x00000230                ADC_IRQHandler
                0x00000230                SSP1_IRQHandler
                0x00000230                BOD_IRQHandler
                0x00000230                I2C0_IRQHandler
                0x00000230                WDT_IRQHandler
                0x00000230                PWM1_IRQHandler
                0x00000230                QEI_IRQHandler
                0x00000230                EINT0_IRQHandler
                0x00000230                ETH_IRQHandler
                0x00000230                PLL1_IRQHandler
                0x00000230                DMA_IRQHandler
                0x00000230                TIMER2_IRQHandler
                0x00000230                UART3_IRQHandler
                0x00000230                MCPWM_IRQHandler
 *(.text*)
 .text.NVIC_EnableIRQ
                0x00000238       0x30 ./example/src/cdc_main.o
 .text.NVIC_SetPriority
                0x00000268       0x54 ./example/src/cdc_main.o
 .text.usb_pin_clk_init
                0x000002bc       0x14 ./example/src/cdc_main.o
 .text.USB_IRQHandler
                0x000002d0       0x20 ./example/src/cdc_main.o
                0x000002d0                USB_IRQHandler
 .text.find_IntfDesc
                0x000002f0       0x5c ./example/src/cdc_main.o
                0x000002f0                find_IntfDesc
 .text.main     0x0000034c       0xc0 ./example/src/cdc_main.o
                0x0000034c                main
 .text.NVIC_EnableIRQ
                0x0000040c       0x30 ./example/src/cdc_uart.o
 .text.NVIC_SetPriority
                0x0000043c       0x54 ./example/src/cdc_uart.o
 .text.Chip_UART_IntEnable
                0x00000490       0x20 ./example/src/cdc_uart.o
 .text.Chip_UART_IntDisable
                0x000004b0       0x24 ./example/src/cdc_uart.o
 .text.Chip_UART_GetIntsEnabled
                0x000004d4       0x18 ./example/src/cdc_uart.o
 .text.Chip_UART_SetupFIFOS
                0x000004ec       0x1c ./example/src/cdc_uart.o
 .text.Chip_UART_ConfigData
                0x00000508       0x1c ./example/src/cdc_uart.o
 .text.USB_IsConfigured
                0x00000524       0x28 ./example/src/cdc_uart.o
 .text.UCOM_UartInit
                0x0000054c       0x48 ./example/src/cdc_uart.o
 .text.UCOM_bulk_hdlr
                0x00000594      0x128 ./example/src/cdc_uart.o
 .text.UCOM_SetLineCode
                0x000006bc       0xfc ./example/src/cdc_uart.o
 .text.UART0_IRQHandler
                0x000007b8      0x164 ./example/src/cdc_uart.o
                0x000007b8                UART0_IRQHandler
 .text.UCOM_init
                0x0000091c      0x110 ./example/src/cdc_uart.o
                0x0000091c                UCOM_init
 .text.SystemInit
                0x00000a2c       0x24 ./example/src/sysinit.o
                0x00000a2c                SystemInit
 .text.Chip_IOCON_Init
                0x00000a50       0x18 C:\dev\polden-vert\polden-vert-motorControl-lpc1758\lpc_board_nxp_lpcxpresso_1769\Debug\liblpc_board_nxp_lpcxpresso_1769.a(board.o)
 .text.Chip_GPIO_Init
                0x00000a68       0x18 C:\dev\polden-vert\polden-vert-motorControl-lpc1758\lpc_board_nxp_lpcxpresso_1769\Debug\liblpc_board_nxp_lpcxpresso_1769.a(board.o)
 .text.Chip_GPIO_SetPinDIROutput
                0x00000a80       0x38 C:\dev\polden-vert\polden-vert-motorControl-lpc1758\lpc_board_nxp_lpcxpresso_1769\Debug\liblpc_board_nxp_lpcxpresso_1769.a(board.o)
 .text.Chip_GPIO_SetPinDIRInput
                0x00000ab8       0x3c C:\dev\polden-vert\polden-vert-motorControl-lpc1758\lpc_board_nxp_lpcxpresso_1769\Debug\liblpc_board_nxp_lpcxpresso_1769.a(board.o)
 .text.Chip_GPIO_SetPinDIR
                0x00000af4       0x44 C:\dev\polden-vert\polden-vert-motorControl-lpc1758\lpc_board_nxp_lpcxpresso_1769\Debug\liblpc_board_nxp_lpcxpresso_1769.a(board.o)
 .text.Chip_GPIO_WriteDirBit
                0x00000b38       0x30 C:\dev\polden-vert\polden-vert-motorControl-lpc1758\lpc_board_nxp_lpcxpresso_1769\Debug\liblpc_board_nxp_lpcxpresso_1769.a(board.o)
 .text.Chip_UART_SendByte
                0x00000b68       0x1c C:\dev\polden-vert\polden-vert-motorControl-lpc1758\lpc_board_nxp_lpcxpresso_1769\Debug\liblpc_board_nxp_lpcxpresso_1769.a(board.o)
 .text.Chip_UART_ConfigData
                0x00000b84       0x1c C:\dev\polden-vert\polden-vert-motorControl-lpc1758\lpc_board_nxp_lpcxpresso_1769\Debug\liblpc_board_nxp_lpcxpresso_1769.a(board.o)
 .text.Chip_UART_ReadLineStatus
                0x00000ba0       0x18 C:\dev\polden-vert\polden-vert-motorControl-lpc1758\lpc_board_nxp_lpcxpresso_1769\Debug\liblpc_board_nxp_lpcxpresso_1769.a(board.o)
 .text.__sys_write
                0x00000bb8       0x38 C:\dev\polden-vert\polden-vert-motorControl-lpc1758\lpc_board_nxp_lpcxpresso_1769\Debug\liblpc_board_nxp_lpcxpresso_1769.a(board.o)
                0x00000bb8                __sys_write
 .text.Board_LED_Init
                0x00000bf0       0x18 C:\dev\polden-vert\polden-vert-motorControl-lpc1758\lpc_board_nxp_lpcxpresso_1769\Debug\liblpc_board_nxp_lpcxpresso_1769.a(board.o)
 .text.Board_UART_Init
                0x00000c08       0x14 C:\dev\polden-vert\polden-vert-motorControl-lpc1758\lpc_board_nxp_lpcxpresso_1769\Debug\liblpc_board_nxp_lpcxpresso_1769.a(board.o)
                0x00000c08                Board_UART_Init
 .text.Board_Debug_Init
                0x00000c1c       0x30 C:\dev\polden-vert\polden-vert-motorControl-lpc1758\lpc_board_nxp_lpcxpresso_1769\Debug\liblpc_board_nxp_lpcxpresso_1769.a(board.o)
                0x00000c1c                Board_Debug_Init
 .text.Board_UARTPutChar
                0x00000c4c       0x34 C:\dev\polden-vert\polden-vert-motorControl-lpc1758\lpc_board_nxp_lpcxpresso_1769\Debug\liblpc_board_nxp_lpcxpresso_1769.a(board.o)
                0x00000c4c                Board_UARTPutChar
 .text.Board_Init
                0x00000c80       0x24 C:\dev\polden-vert\polden-vert-motorControl-lpc1758\lpc_board_nxp_lpcxpresso_1769\Debug\liblpc_board_nxp_lpcxpresso_1769.a(board.o)
                0x00000c80                Board_Init
 .text.Board_USBD_Init
                0x00000ca4       0x50 C:\dev\polden-vert\polden-vert-motorControl-lpc1758\lpc_board_nxp_lpcxpresso_1769\Debug\liblpc_board_nxp_lpcxpresso_1769.a(board.o)
                0x00000ca4                Board_USBD_Init
 .text.Chip_SYSCTL_SetFLASHAccess
                0x00000cf4       0x30 C:\dev\polden-vert\polden-vert-motorControl-lpc1758\lpc_board_nxp_lpcxpresso_1769\Debug\liblpc_board_nxp_lpcxpresso_1769.a(board_sysinit.o)
 .text.Board_SetupMuxing
                0x00000d24       0x1c C:\dev\polden-vert\polden-vert-motorControl-lpc1758\lpc_board_nxp_lpcxpresso_1769\Debug\liblpc_board_nxp_lpcxpresso_1769.a(board_sysinit.o)
                0x00000d24                Board_SetupMuxing
 .text.Board_SetupClocking
                0x00000d40       0x14 C:\dev\polden-vert\polden-vert-motorControl-lpc1758\lpc_board_nxp_lpcxpresso_1769\Debug\liblpc_board_nxp_lpcxpresso_1769.a(board_sysinit.o)
                0x00000d40                Board_SetupClocking
 .text.Board_SystemInit
                0x00000d54       0x10 C:\dev\polden-vert\polden-vert-motorControl-lpc1758\lpc_board_nxp_lpcxpresso_1769\Debug\liblpc_board_nxp_lpcxpresso_1769.a(board_sysinit.o)
                0x00000d54                Board_SystemInit
 .text.Chip_Clock_IsUSBPLLLocked
                0x00000d64       0x24 C:\dev\polden-vert\polden-vert-motorControl-lpc1758\lpc_chip_175x_6x\Debug\liblpc_chip_175x_6x.a(chip_17xx_40xx.o)
 .text.Chip_Clock_IsUSBPLLConnected
                0x00000d88       0x24 C:\dev\polden-vert\polden-vert-motorControl-lpc1758\lpc_chip_175x_6x\Debug\liblpc_chip_175x_6x.a(chip_17xx_40xx.o)
 .text.SystemCoreClockUpdate
                0x00000dac       0x18 C:\dev\polden-vert\polden-vert-motorControl-lpc1758\lpc_chip_175x_6x\Debug\liblpc_chip_175x_6x.a(chip_17xx_40xx.o)
                0x00000dac                SystemCoreClockUpdate
 .text.Chip_USB_Init
                0x00000dc4       0x4c C:\dev\polden-vert\polden-vert-motorControl-lpc1758\lpc_chip_175x_6x\Debug\liblpc_chip_175x_6x.a(chip_17xx_40xx.o)
                0x00000dc4                Chip_USB_Init
 .text.Chip_Clock_IsMainPLLEnabled
                0x00000e10       0x24 C:\dev\polden-vert\polden-vert-motorControl-lpc1758\lpc_chip_175x_6x\Debug\liblpc_chip_175x_6x.a(clock_17xx_40xx.o)
 .text.Chip_Clock_IsMainPLLConnected
                0x00000e34       0x24 C:\dev\polden-vert\polden-vert-motorControl-lpc1758\lpc_chip_175x_6x\Debug\liblpc_chip_175x_6x.a(clock_17xx_40xx.o)
 .text.Chip_Clock_FeedPLL
                0x00000e58       0x34 C:\dev\polden-vert\polden-vert-motorControl-lpc1758\lpc_chip_175x_6x\Debug\liblpc_chip_175x_6x.a(clock_17xx_40xx.o)
 .text.Chip_Clock_GetMainPLLSource
                0x00000e8c       0x20 C:\dev\polden-vert\polden-vert-motorControl-lpc1758\lpc_chip_175x_6x\Debug\liblpc_chip_175x_6x.a(clock_17xx_40xx.o)
 .text.Chip_Clock_GetMainOscRate
                0x00000eac       0x14 C:\dev\polden-vert\polden-vert-motorControl-lpc1758\lpc_chip_175x_6x\Debug\liblpc_chip_175x_6x.a(clock_17xx_40xx.o)
 .text.Chip_Clock_GetIntOscRate
                0x00000ec0       0x14 C:\dev\polden-vert\polden-vert-motorControl-lpc1758\lpc_chip_175x_6x\Debug\liblpc_chip_175x_6x.a(clock_17xx_40xx.o)
 .text.Chip_Clock_GetRTCOscRate
                0x00000ed4       0x14 C:\dev\polden-vert\polden-vert-motorControl-lpc1758\lpc_chip_175x_6x\Debug\liblpc_chip_175x_6x.a(clock_17xx_40xx.o)
 .text.Chip_Clock_GetMainPLLInClockRate
                0x00000ee8       0x10 C:\dev\polden-vert\polden-vert-motorControl-lpc1758\lpc_chip_175x_6x\Debug\liblpc_chip_175x_6x.a(clock_17xx_40xx.o)
 .text.Chip_Clock_EnablePLL
                0x00000ef8       0x44 C:\dev\polden-vert\polden-vert-motorControl-lpc1758\lpc_chip_175x_6x\Debug\liblpc_chip_175x_6x.a(clock_17xx_40xx.o)
                0x00000ef8                Chip_Clock_EnablePLL
 .text.Chip_Clock_DisablePLL
                0x00000f3c       0x48 C:\dev\polden-vert\polden-vert-motorControl-lpc1758\lpc_chip_175x_6x\Debug\liblpc_chip_175x_6x.a(clock_17xx_40xx.o)
                0x00000f3c                Chip_Clock_DisablePLL
 .text.Chip_Clock_SetupPLL
                0x00000f84       0x5c C:\dev\polden-vert\polden-vert-motorControl-lpc1758\lpc_chip_175x_6x\Debug\liblpc_chip_175x_6x.a(clock_17xx_40xx.o)
                0x00000f84                Chip_Clock_SetupPLL
 .text.Chip_Clock_EnablePeriphClock
                0x00000fe0       0x34 C:\dev\polden-vert\polden-vert-motorControl-lpc1758\lpc_chip_175x_6x\Debug\liblpc_chip_175x_6x.a(clock_17xx_40xx.o)
                0x00000fe0                Chip_Clock_EnablePeriphClock
 .text.Chip_Clock_GetCPUClockSource
                0x00001014       0x24 C:\dev\polden-vert\polden-vert-motorControl-lpc1758\lpc_chip_175x_6x\Debug\liblpc_chip_175x_6x.a(clock_17xx_40xx.o)
                0x00001014                Chip_Clock_GetCPUClockSource
 .text.Chip_Clock_SetCPUClockDiv
                0x00001038       0x20 C:\dev\polden-vert\polden-vert-motorControl-lpc1758\lpc_chip_175x_6x\Debug\liblpc_chip_175x_6x.a(clock_17xx_40xx.o)
                0x00001038                Chip_Clock_SetCPUClockDiv
 .text.Chip_Clock_GetCPUClockDiv
                0x00001058       0x1c C:\dev\polden-vert\polden-vert-motorControl-lpc1758\lpc_chip_175x_6x\Debug\liblpc_chip_175x_6x.a(clock_17xx_40xx.o)
                0x00001058                Chip_Clock_GetCPUClockDiv
 .text.Chip_Clock_GetPCLKDiv
                0x00001074       0x8c C:\dev\polden-vert\polden-vert-motorControl-lpc1758\lpc_chip_175x_6x\Debug\liblpc_chip_175x_6x.a(clock_17xx_40xx.o)
                0x00001074                Chip_Clock_GetPCLKDiv
 .text.Chip_Clock_GetSYSCLKRate
                0x00001100       0x34 C:\dev\polden-vert\polden-vert-motorControl-lpc1758\lpc_chip_175x_6x\Debug\liblpc_chip_175x_6x.a(clock_17xx_40xx.o)
                0x00001100                Chip_Clock_GetSYSCLKRate
 .text.Chip_Clock_GetMainPLLOutClockRate
                0x00001134       0x54 C:\dev\polden-vert\polden-vert-motorControl-lpc1758\lpc_chip_175x_6x\Debug\liblpc_chip_175x_6x.a(clock_17xx_40xx.o)
                0x00001134                Chip_Clock_GetMainPLLOutClockRate
 .text.Chip_Clock_GetMainClockRate
                0x00001188       0x28 C:\dev\polden-vert\polden-vert-motorControl-lpc1758\lpc_chip_175x_6x\Debug\liblpc_chip_175x_6x.a(clock_17xx_40xx.o)
                0x00001188                Chip_Clock_GetMainClockRate
 .text.Chip_Clock_GetSystemClockRate
                0x000011b0       0x18 C:\dev\polden-vert\polden-vert-motorControl-lpc1758\lpc_chip_175x_6x\Debug\liblpc_chip_175x_6x.a(clock_17xx_40xx.o)
                0x000011b0                Chip_Clock_GetSystemClockRate
 .text.Chip_Clock_GetPeripheralClockRate
                0x000011c8       0x28 C:\dev\polden-vert\polden-vert-motorControl-lpc1758\lpc_chip_175x_6x\Debug\liblpc_chip_175x_6x.a(clock_17xx_40xx.o)
                0x000011c8                Chip_Clock_GetPeripheralClockRate
 .text.Chip_IOCON_PinMuxSet
                0x000011f0       0x38 C:\dev\polden-vert\polden-vert-motorControl-lpc1758\lpc_chip_175x_6x\Debug\liblpc_chip_175x_6x.a(iocon_17xx_40xx.o)
                0x000011f0                Chip_IOCON_PinMuxSet
 .text.Chip_IOCON_PinMux
                0x00001228       0x94 C:\dev\polden-vert\polden-vert-motorControl-lpc1758\lpc_chip_175x_6x\Debug\liblpc_chip_175x_6x.a(iocon_17xx_40xx.o)
                0x00001228                Chip_IOCON_PinMux
 .text.Chip_IOCON_SetPinMuxing
                0x000012bc       0x64 C:\dev\polden-vert\polden-vert-motorControl-lpc1758\lpc_chip_175x_6x\Debug\liblpc_chip_175x_6x.a(iocon_17xx_40xx.o)
                0x000012bc                Chip_IOCON_SetPinMuxing
 .text.Chip_Clock_IsMainPLLEnabled
                0x00001320       0x24 C:\dev\polden-vert\polden-vert-motorControl-lpc1758\lpc_chip_175x_6x\Debug\liblpc_chip_175x_6x.a(sysinit_17xx_40xx.o)
 .text.Chip_Clock_IsMainPLLLocked
                0x00001344       0x24 C:\dev\polden-vert\polden-vert-motorControl-lpc1758\lpc_chip_175x_6x\Debug\liblpc_chip_175x_6x.a(sysinit_17xx_40xx.o)
 .text.Chip_Clock_IsMainPLLConnected
                0x00001368       0x24 C:\dev\polden-vert\polden-vert-motorControl-lpc1758\lpc_chip_175x_6x\Debug\liblpc_chip_175x_6x.a(sysinit_17xx_40xx.o)
 .text.Chip_Clock_EnableCrystal
                0x0000138c       0x20 C:\dev\polden-vert\polden-vert-motorControl-lpc1758\lpc_chip_175x_6x\Debug\liblpc_chip_175x_6x.a(sysinit_17xx_40xx.o)
 .text.Chip_Clock_IsCrystalEnabled
                0x000013ac       0x24 C:\dev\polden-vert\polden-vert-motorControl-lpc1758\lpc_chip_175x_6x\Debug\liblpc_chip_175x_6x.a(sysinit_17xx_40xx.o)
 .text.Chip_Clock_SetMainPLLSource
                0x000013d0       0x20 C:\dev\polden-vert\polden-vert-motorControl-lpc1758\lpc_chip_175x_6x\Debug\liblpc_chip_175x_6x.a(sysinit_17xx_40xx.o)
 .text.Chip_SetupXtalClocking
                0x000013f0       0x90 C:\dev\polden-vert\polden-vert-motorControl-lpc1758\lpc_chip_175x_6x\Debug\liblpc_chip_175x_6x.a(sysinit_17xx_40xx.o)
                0x000013f0                Chip_SetupXtalClocking
 .text.Chip_UART_SendByte
                0x00001480       0x1c C:\dev\polden-vert\polden-vert-motorControl-lpc1758\lpc_chip_175x_6x\Debug\liblpc_chip_175x_6x.a(uart_17xx_40xx.o)
 .text.Chip_UART_ReadByte
                0x0000149c       0x18 C:\dev\polden-vert\polden-vert-motorControl-lpc1758\lpc_chip_175x_6x\Debug\liblpc_chip_175x_6x.a(uart_17xx_40xx.o)
 .text.Chip_UART_SetupFIFOS
                0x000014b4       0x1c C:\dev\polden-vert\polden-vert-motorControl-lpc1758\lpc_chip_175x_6x\Debug\liblpc_chip_175x_6x.a(uart_17xx_40xx.o)
 .text.Chip_UART_ConfigData
                0x000014d0       0x1c C:\dev\polden-vert\polden-vert-motorControl-lpc1758\lpc_chip_175x_6x\Debug\liblpc_chip_175x_6x.a(uart_17xx_40xx.o)
 .text.Chip_UART_EnableDivisorAccess
                0x000014ec       0x20 C:\dev\polden-vert\polden-vert-motorControl-lpc1758\lpc_chip_175x_6x\Debug\liblpc_chip_175x_6x.a(uart_17xx_40xx.o)
 .text.Chip_UART_DisableDivisorAccess
                0x0000150c       0x20 C:\dev\polden-vert\polden-vert-motorControl-lpc1758\lpc_chip_175x_6x\Debug\liblpc_chip_175x_6x.a(uart_17xx_40xx.o)
 .text.Chip_UART_SetDivisorLatches
                0x0000152c       0x28 C:\dev\polden-vert\polden-vert-motorControl-lpc1758\lpc_chip_175x_6x\Debug\liblpc_chip_175x_6x.a(uart_17xx_40xx.o)
 .text.Chip_UART_ReadLineStatus
                0x00001554       0x18 C:\dev\polden-vert\polden-vert-motorControl-lpc1758\lpc_chip_175x_6x\Debug\liblpc_chip_175x_6x.a(uart_17xx_40xx.o)
 .text.Chip_UART_GetClockIndex
                0x0000156c       0x50 C:\dev\polden-vert\polden-vert-motorControl-lpc1758\lpc_chip_175x_6x\Debug\liblpc_chip_175x_6x.a(uart_17xx_40xx.o)
 .text.Chip_UART_GetClkIndex
                0x000015bc       0x50 C:\dev\polden-vert\polden-vert-motorControl-lpc1758\lpc_chip_175x_6x\Debug\liblpc_chip_175x_6x.a(uart_17xx_40xx.o)
 .text.Chip_UART_Init
                0x0000160c       0x78 C:\dev\polden-vert\polden-vert-motorControl-lpc1758\lpc_chip_175x_6x\Debug\liblpc_chip_175x_6x.a(uart_17xx_40xx.o)
                0x0000160c                Chip_UART_Init
 .text.Chip_UART_TXEnable
                0x00001684       0x18 C:\dev\polden-vert\polden-vert-motorControl-lpc1758\lpc_chip_175x_6x\Debug\liblpc_chip_175x_6x.a(uart_17xx_40xx.o)
                0x00001684                Chip_UART_TXEnable
 .text.Chip_UART_TXDisable
                0x0000169c       0x18 C:\dev\polden-vert\polden-vert-motorControl-lpc1758\lpc_chip_175x_6x\Debug\liblpc_chip_175x_6x.a(uart_17xx_40xx.o)
                0x0000169c                Chip_UART_TXDisable
 .text.Chip_UART_Send
                0x000016b4       0x50 C:\dev\polden-vert\polden-vert-motorControl-lpc1758\lpc_chip_175x_6x\Debug\liblpc_chip_175x_6x.a(uart_17xx_40xx.o)
                0x000016b4                Chip_UART_Send
 .text.Chip_UART_Read
                0x00001704       0x54 C:\dev\polden-vert\polden-vert-motorControl-lpc1758\lpc_chip_175x_6x\Debug\liblpc_chip_175x_6x.a(uart_17xx_40xx.o)
                0x00001704                Chip_UART_Read
 .text.Chip_UART_SetBaud
                0x00001758       0x64 C:\dev\polden-vert\polden-vert-motorControl-lpc1758\lpc_chip_175x_6x\Debug\liblpc_chip_175x_6x.a(uart_17xx_40xx.o)
                0x00001758                Chip_UART_SetBaud
 .text.EPAdr    0x000017bc       0x10 C:\dev\polden-vert\polden-vert-motorControl-lpc1758\lpc_chip_175x_6x\libs\libusbd_175x_6x_lib.a(hw_usbd_ip3503.o)
                0x000017bc                EPAdr
 .text.hwWrCmd  0x000017cc       0x10 C:\dev\polden-vert\polden-vert-motorControl-lpc1758\lpc_chip_175x_6x\libs\libusbd_175x_6x_lib.a(hw_usbd_ip3503.o)
                0x000017cc                hwWrCmd
 .text.hwWrCmdDat
                0x000017dc       0x16 C:\dev\polden-vert\polden-vert-motorControl-lpc1758\lpc_chip_175x_6x\libs\libusbd_175x_6x_lib.a(hw_usbd_ip3503.o)
                0x000017dc                hwWrCmdDat
 .text.hwWrCmdEP
                0x000017f2       0x24 C:\dev\polden-vert\polden-vert-motorControl-lpc1758\lpc_chip_175x_6x\libs\libusbd_175x_6x_lib.a(hw_usbd_ip3503.o)
                0x000017f2                hwWrCmdEP
 .text.hwRdCmdDat
                0x00001816       0x12 C:\dev\polden-vert\polden-vert-motorControl-lpc1758\lpc_chip_175x_6x\libs\libusbd_175x_6x_lib.a(hw_usbd_ip3503.o)
                0x00001816                hwRdCmdDat
 .text.hwUSB_GetMemSize
                0x00001828        0x6 C:\dev\polden-vert\polden-vert-motorControl-lpc1758\lpc_chip_175x_6x\libs\libusbd_175x_6x_lib.a(hw_usbd_ip3503.o)
                0x00001828                hwUSB_GetMemSize
 *fill*         0x0000182e        0x2 ff
 .text.hwUSB_Connect
                0x00001830       0x1c C:\dev\polden-vert\polden-vert-motorControl-lpc1758\lpc_chip_175x_6x\libs\libusbd_175x_6x_lib.a(hw_usbd_ip3503.o)
                0x00001830                hwUSB_Connect
 .text.hwUSB_Reset
                0x0000184c       0x30 C:\dev\polden-vert\polden-vert-motorControl-lpc1758\lpc_chip_175x_6x\libs\libusbd_175x_6x_lib.a(hw_usbd_ip3503.o)
                0x0000184c                hwUSB_Reset
 .text.hwUSB_WakeUp
                0x0000187c       0x20 C:\dev\polden-vert\polden-vert-motorControl-lpc1758\lpc_chip_175x_6x\libs\libusbd_175x_6x_lib.a(hw_usbd_ip3503.o)
                0x0000187c                hwUSB_WakeUp
 .text.hwUSB_WakeUpCfg
                0x0000189c        0x2 C:\dev\polden-vert\polden-vert-motorControl-lpc1758\lpc_chip_175x_6x\libs\libusbd_175x_6x_lib.a(hw_usbd_ip3503.o)
                0x0000189c                hwUSB_WakeUpCfg
 *fill*         0x0000189e        0x2 ff
 .text.hwUSB_SetAddress
                0x000018a0       0x30 C:\dev\polden-vert\polden-vert-motorControl-lpc1758\lpc_chip_175x_6x\libs\libusbd_175x_6x_lib.a(hw_usbd_ip3503.o)
                0x000018a0                hwUSB_SetAddress
 .text.hwUSB_Init
                0x000018d0       0x84 C:\dev\polden-vert\polden-vert-motorControl-lpc1758\lpc_chip_175x_6x\libs\libusbd_175x_6x_lib.a(hw_usbd_ip3503.o)
                0x000018d0                hwUSB_Init
 .text.hwUSB_Configure
                0x00001954       0x34 C:\dev\polden-vert\polden-vert-motorControl-lpc1758\lpc_chip_175x_6x\libs\libusbd_175x_6x_lib.a(hw_usbd_ip3503.o)
                0x00001954                hwUSB_Configure
 .text.hwUSB_ConfigEP
                0x00001988       0x32 C:\dev\polden-vert\polden-vert-motorControl-lpc1758\lpc_chip_175x_6x\libs\libusbd_175x_6x_lib.a(hw_usbd_ip3503.o)
                0x00001988                hwUSB_ConfigEP
 .text.hwUSB_DirCtrlEP
                0x000019ba        0x2 C:\dev\polden-vert\polden-vert-motorControl-lpc1758\lpc_chip_175x_6x\libs\libusbd_175x_6x_lib.a(hw_usbd_ip3503.o)
                0x000019ba                hwUSB_DirCtrlEP
 .text.hwUSB_EnableEP
                0x000019bc       0x24 C:\dev\polden-vert\polden-vert-motorControl-lpc1758\lpc_chip_175x_6x\libs\libusbd_175x_6x_lib.a(hw_usbd_ip3503.o)
                0x000019bc                hwUSB_EnableEP
 .text.hwUSB_DisableEP
                0x000019e0       0x28 C:\dev\polden-vert\polden-vert-motorControl-lpc1758\lpc_chip_175x_6x\libs\libusbd_175x_6x_lib.a(hw_usbd_ip3503.o)
                0x000019e0                hwUSB_DisableEP
 .text.hwUSB_ResetEP
                0x00001a08       0x24 C:\dev\polden-vert\polden-vert-motorControl-lpc1758\lpc_chip_175x_6x\libs\libusbd_175x_6x_lib.a(hw_usbd_ip3503.o)
                0x00001a08                hwUSB_ResetEP
 .text.hwUSB_SetStallEP
                0x00001a2c       0x28 C:\dev\polden-vert\polden-vert-motorControl-lpc1758\lpc_chip_175x_6x\libs\libusbd_175x_6x_lib.a(hw_usbd_ip3503.o)
                0x00001a2c                hwUSB_SetStallEP
 .text.hwUSB_ClrStallEP
                0x00001a54       0x24 C:\dev\polden-vert\polden-vert-motorControl-lpc1758\lpc_chip_175x_6x\libs\libusbd_175x_6x_lib.a(hw_usbd_ip3503.o)
                0x00001a54                hwUSB_ClrStallEP
 .text.hwUSB_EnableEvent
                0x00001a78       0xd8 C:\dev\polden-vert\polden-vert-motorControl-lpc1758\lpc_chip_175x_6x\libs\libusbd_175x_6x_lib.a(hw_usbd_ip3503.o)
                0x00001a78                hwUSB_EnableEvent
 .text.hwUSB_ReadEP
                0x00001b50       0x80 C:\dev\polden-vert\polden-vert-motorControl-lpc1758\lpc_chip_175x_6x\libs\libusbd_175x_6x_lib.a(hw_usbd_ip3503.o)
                0x00001b50                hwUSB_ReadEP
 .text.hwUSB_ForceFullSpeed
                0x00001bd0        0x2 C:\dev\polden-vert\polden-vert-motorControl-lpc1758\lpc_chip_175x_6x\libs\libusbd_175x_6x_lib.a(hw_usbd_ip3503.o)
                0x00001bd0                hwUSB_ForceFullSpeed
 .text.hwUSB_SetTestMode
                0x00001bd2        0x4 C:\dev\polden-vert\polden-vert-motorControl-lpc1758\lpc_chip_175x_6x\libs\libusbd_175x_6x_lib.a(hw_usbd_ip3503.o)
                0x00001bd2                hwUSB_SetTestMode
 .text.hwUSB_ReadReqEP
                0x00001bd6        0x4 C:\dev\polden-vert\polden-vert-motorControl-lpc1758\lpc_chip_175x_6x\libs\libusbd_175x_6x_lib.a(hw_usbd_ip3503.o)
                0x00001bd6                hwUSB_ReadReqEP
 .text.hwUSB_ReadSetupPkt
                0x00001bda        0x4 C:\dev\polden-vert\polden-vert-motorControl-lpc1758\lpc_chip_175x_6x\libs\libusbd_175x_6x_lib.a(hw_usbd_ip3503.o)
                0x00001bda                hwUSB_ReadSetupPkt
 *fill*         0x00001bde        0x2 ff
 .text.hwUSB_WriteEP
                0x00001be0       0x44 C:\dev\polden-vert\polden-vert-motorControl-lpc1758\lpc_chip_175x_6x\libs\libusbd_175x_6x_lib.a(hw_usbd_ip3503.o)
                0x00001be0                hwUSB_WriteEP
 .text.hwUSB_ISR
                0x00001c24      0x1a0 C:\dev\polden-vert\polden-vert-motorControl-lpc1758\lpc_chip_175x_6x\libs\libusbd_175x_6x_lib.a(hw_usbd_ip3503.o)
                0x00001c24                hwUSB_ISR
 .text.mwCDC_SetRequest
                0x00001dc4       0x7c C:\dev\polden-vert\polden-vert-motorControl-lpc1758\lpc_chip_175x_6x\libs\libusbd_175x_6x_lib.a(mw_usbd_cdcuser.o)
                0x00001dc4                mwCDC_SetRequest
 .text.mwCDC_ep0_hdlr
                0x00001e40       0xb0 C:\dev\polden-vert\polden-vert-motorControl-lpc1758\lpc_chip_175x_6x\libs\libusbd_175x_6x_lib.a(mw_usbd_cdcuser.o)
                0x00001e40                mwCDC_ep0_hdlr
 .text.mwCDC_GetRequest
                0x00001ef0       0x50 C:\dev\polden-vert\polden-vert-motorControl-lpc1758\lpc_chip_175x_6x\libs\libusbd_175x_6x_lib.a(mw_usbd_cdcuser.o)
                0x00001ef0                mwCDC_GetRequest
 .text.mwCDC_SendNotification
                0x00001f40       0x50 C:\dev\polden-vert\polden-vert-motorControl-lpc1758\lpc_chip_175x_6x\libs\libusbd_175x_6x_lib.a(mw_usbd_cdcuser.o)
                0x00001f40                mwCDC_SendNotification
 .text.mwCDC_GetMemSize
                0x00001f90        0x4 C:\dev\polden-vert\polden-vert-motorControl-lpc1758\lpc_chip_175x_6x\libs\libusbd_175x_6x_lib.a(mw_usbd_cdcuser.o)
                0x00001f90                mwCDC_GetMemSize
 .text.mwCDC_init
                0x00001f94      0x140 C:\dev\polden-vert\polden-vert-motorControl-lpc1758\lpc_chip_175x_6x\libs\libusbd_175x_6x_lib.a(mw_usbd_cdcuser.o)
                0x00001f94                mwCDC_init
 .text.USB_ReqGetConfiguration
                0x000020d4       0x20 C:\dev\polden-vert\polden-vert-motorControl-lpc1758\lpc_chip_175x_6x\libs\libusbd_175x_6x_lib.a(mw_usbd_core.o)
                0x000020d4                USB_ReqGetConfiguration
 .text.USBD_virt_to_phys
                0x000020f4        0x2 C:\dev\polden-vert\polden-vert-motorControl-lpc1758\lpc_chip_175x_6x\libs\libusbd_175x_6x_lib.a(mw_usbd_core.o)
                0x000020f4                USBD_virt_to_phys
 .text.USBD_cache_flush
                0x000020f6        0x2 C:\dev\polden-vert\polden-vert-motorControl-lpc1758\lpc_chip_175x_6x\libs\libusbd_175x_6x_lib.a(mw_usbd_core.o)
                0x000020f6                USBD_cache_flush
 .text.USB_ReqGetStatus
                0x000020f8       0x8c C:\dev\polden-vert\polden-vert-motorControl-lpc1758\lpc_chip_175x_6x\libs\libusbd_175x_6x_lib.a(mw_usbd_core.o)
                0x000020f8                USB_ReqGetStatus
 .text.USB_ReqGetDescriptor
                0x00002184       0x84 C:\dev\polden-vert\polden-vert-motorControl-lpc1758\lpc_chip_175x_6x\libs\libusbd_175x_6x_lib.a(mw_usbd_core.o)
                0x00002184                USB_ReqGetDescriptor
 .text.USB_ReqGetInterface
                0x00002208       0x34 C:\dev\polden-vert\polden-vert-motorControl-lpc1758\lpc_chip_175x_6x\libs\libusbd_175x_6x_lib.a(mw_usbd_core.o)
                0x00002208                USB_ReqGetInterface
 .text.USB_ReqSetClrFeature
                0x0000223c       0xb4 C:\dev\polden-vert\polden-vert-motorControl-lpc1758\lpc_chip_175x_6x\libs\libusbd_175x_6x_lib.a(mw_usbd_core.o)
                0x0000223c                USB_ReqSetClrFeature
 .text.USB_ReqSetConfiguration
                0x000022f0      0x194 C:\dev\polden-vert\polden-vert-motorControl-lpc1758\lpc_chip_175x_6x\libs\libusbd_175x_6x_lib.a(mw_usbd_core.o)
                0x000022f0                USB_ReqSetConfiguration
 .text.USB_ReqSetInterface
                0x00002484      0x144 C:\dev\polden-vert\polden-vert-motorControl-lpc1758\lpc_chip_175x_6x\libs\libusbd_175x_6x_lib.a(mw_usbd_core.o)
                0x00002484                USB_ReqSetInterface
 .text.mwUSB_SetupStage
                0x000025c8        0xa C:\dev\polden-vert\polden-vert-motorControl-lpc1758\lpc_chip_175x_6x\libs\libusbd_175x_6x_lib.a(mw_usbd_core.o)
                0x000025c8                mwUSB_SetupStage
 .text.mwUSB_DataInStage
                0x000025d2       0x2e C:\dev\polden-vert\polden-vert-motorControl-lpc1758\lpc_chip_175x_6x\libs\libusbd_175x_6x_lib.a(mw_usbd_core.o)
                0x000025d2                mwUSB_DataInStage
 .text.mwUSB_DataOutStage
                0x00002600       0x24 C:\dev\polden-vert\polden-vert-motorControl-lpc1758\lpc_chip_175x_6x\libs\libusbd_175x_6x_lib.a(mw_usbd_core.o)
                0x00002600                mwUSB_DataOutStage
 .text.mwUSB_StatusInStage
                0x00002624        0xa C:\dev\polden-vert\polden-vert-motorControl-lpc1758\lpc_chip_175x_6x\libs\libusbd_175x_6x_lib.a(mw_usbd_core.o)
                0x00002624                mwUSB_StatusInStage
 .text.mwUSB_StatusOutStage
                0x0000262e        0xa C:\dev\polden-vert\polden-vert-motorControl-lpc1758\lpc_chip_175x_6x\libs\libusbd_175x_6x_lib.a(mw_usbd_core.o)
                0x0000262e                mwUSB_StatusOutStage
 .text.mwUSB_StallEp0
                0x00002638       0x12 C:\dev\polden-vert\polden-vert-motorControl-lpc1758\lpc_chip_175x_6x\libs\libusbd_175x_6x_lib.a(mw_usbd_core.o)
                0x00002638                mwUSB_StallEp0
 *fill*         0x0000264a        0x2 ff
 .text.USB_ReqSetAddress
                0x0000264c       0x24 C:\dev\polden-vert\polden-vert-motorControl-lpc1758\lpc_chip_175x_6x\libs\libusbd_175x_6x_lib.a(mw_usbd_core.o)
                0x0000264c                USB_ReqSetAddress
 .text.USB_InvokeEp0Hdlrs
                0x00002670       0x44 C:\dev\polden-vert\polden-vert-motorControl-lpc1758\lpc_chip_175x_6x\libs\libusbd_175x_6x_lib.a(mw_usbd_core.o)
                0x00002670                USB_InvokeEp0Hdlrs
 .text.mwUSB_ResetCore
                0x000026b4       0x26 C:\dev\polden-vert\polden-vert-motorControl-lpc1758\lpc_chip_175x_6x\libs\libusbd_175x_6x_lib.a(mw_usbd_core.o)
                0x000026b4                mwUSB_ResetCore
 *fill*         0x000026da        0x2 ff
 .text.USB_EvtSetupHandler
                0x000026dc      0x108 C:\dev\polden-vert\polden-vert-motorControl-lpc1758\lpc_chip_175x_6x\libs\libusbd_175x_6x_lib.a(mw_usbd_core.o)
                0x000026dc                USB_EvtSetupHandler
 .text.USB_EvtOutHandler
                0x000027e4       0x68 C:\dev\polden-vert\polden-vert-motorControl-lpc1758\lpc_chip_175x_6x\libs\libusbd_175x_6x_lib.a(mw_usbd_core.o)
                0x000027e4                USB_EvtOutHandler
 .text.USB_EndPoint0
                0x0000284c       0x94 C:\dev\polden-vert\polden-vert-motorControl-lpc1758\lpc_chip_175x_6x\libs\libusbd_175x_6x_lib.a(mw_usbd_core.o)
                0x0000284c                USB_EndPoint0
 .text.mwUSB_InitCore
                0x000028e0       0xdc C:\dev\polden-vert\polden-vert-motorControl-lpc1758\lpc_chip_175x_6x\libs\libusbd_175x_6x_lib.a(mw_usbd_core.o)
                0x000028e0                mwUSB_InitCore
 .text.mwUSB_RegisterClassHandler
                0x000029bc       0x28 C:\dev\polden-vert\polden-vert-motorControl-lpc1758\lpc_chip_175x_6x\libs\libusbd_175x_6x_lib.a(mw_usbd_core.o)
                0x000029bc                mwUSB_RegisterClassHandler
 .text.mwUSB_RegisterEpHandler
                0x000029e4       0x24 C:\dev\polden-vert\polden-vert-motorControl-lpc1758\lpc_chip_175x_6x\libs\libusbd_175x_6x_lib.a(mw_usbd_core.o)
                0x000029e4                mwUSB_RegisterEpHandler
 .text.__main   0x00002a08       0x14 c:/nxp/lpcxpresso_8.2.0_647/lpcxpresso/tools/bin/../lib/gcc/arm-none-eabi/5.3.1/../../../../arm-none-eabi/lib/armv7-m\libcr_nohost.a(_cr__main.o)
                0x00002a08                __main
 .text.memset   0x00002a1c        0x4 c:/nxp/lpcxpresso_8.2.0_647/lpcxpresso/tools/bin/../lib/gcc/arm-none-eabi/5.3.1/../../../../arm-none-eabi/lib/armv7-m\libcr_c.a(memset.o)
                0x00002a1c                memset
 .text._initio  0x00002a20       0xa4 c:/nxp/lpcxpresso_8.2.0_647/lpcxpresso/tools/bin/../lib/gcc/arm-none-eabi/5.3.1/../../../../arm-none-eabi/lib/armv7-m\libcr_c.a(initio.o)
                0x00002a20                _initio
 .text.setvbuf  0x00002ac4       0x40 c:/nxp/lpcxpresso_8.2.0_647/lpcxpresso/tools/bin/../lib/gcc/arm-none-eabi/5.3.1/../../../../arm-none-eabi/lib/armv7-m\libcr_c.a(setvbuf.o)
                0x00002ac4                setvbuf
 .text._deferredlazyseek
                0x00002b04       0x44 c:/nxp/lpcxpresso_8.2.0_647/lpcxpresso/tools/bin/../lib/gcc/arm-none-eabi/5.3.1/../../../../arm-none-eabi/lib/armv7-m\libcr_c.a(_deferredlazyseek.o)
                0x00002b04                _deferredlazyseek
 .text._fdopen  0x00002b48       0x6a c:/nxp/lpcxpresso_8.2.0_647/lpcxpresso/tools/bin/../lib/gcc/arm-none-eabi/5.3.1/../../../../arm-none-eabi/lib/armv7-m\libcr_c.a(_fdopen.o)
                0x00002b48                _fdopen
 .text._fflush  0x00002bb2       0x58 c:/nxp/lpcxpresso_8.2.0_647/lpcxpresso/tools/bin/../lib/gcc/arm-none-eabi/5.3.1/../../../../arm-none-eabi/lib/armv7-m\libcr_c.a(_fflush.o)
                0x00002bb2                _fflush
 *fill*         0x00002c0a        0x2 ff
 .text._Cwritebuf
                0x00002c0c       0x68 c:/nxp/lpcxpresso_8.2.0_647/lpcxpresso/tools/bin/../lib/gcc/arm-none-eabi/5.3.1/../../../../arm-none-eabi/lib/armv7-m\libcr_c.a(_writebuf.o)
                0x00002c0c                _Cwritebuf
 .text.malloc   0x00002c74       0xc8 c:/nxp/lpcxpresso_8.2.0_647/lpcxpresso/tools/bin/../lib/gcc/arm-none-eabi/5.3.1/../../../../arm-none-eabi/lib/armv7-m\libcr_c.a(alloc.o)
                0x00002c74                malloc
 .text.free     0x00002d3c       0x30 c:/nxp/lpcxpresso_8.2.0_647/lpcxpresso/tools/bin/../lib/gcc/arm-none-eabi/5.3.1/../../../../arm-none-eabi/lib/armv7-m\libcr_c.a(alloc.o)
                0x00002d3c                free
 .text._Csys_alloc
                0x00002d6c       0x20 c:/nxp/lpcxpresso_8.2.0_647/lpcxpresso/tools/bin/../lib/gcc/arm-none-eabi/5.3.1/../../../../arm-none-eabi/lib/armv7-m\libcr_c.a(alloc.o)
                0x00002d6c                _Csys_alloc
 .text.fclose   0x00002d8c       0x6c c:/nxp/lpcxpresso_8.2.0_647/lpcxpresso/tools/bin/../lib/gcc/arm-none-eabi/5.3.1/../../../../arm-none-eabi/lib/armv7-m\libcr_c.a(fclose.o)
                0x00002d8c                fclose
 .text.fflush   0x00002df8       0x30 c:/nxp/lpcxpresso_8.2.0_647/lpcxpresso/tools/bin/../lib/gcc/arm-none-eabi/5.3.1/../../../../arm-none-eabi/lib/armv7-m\libcr_c.a(fflush.o)
                0x00002df8                fflush
 .text.fseek    0x00002e28      0x110 c:/nxp/lpcxpresso_8.2.0_647/lpcxpresso/tools/bin/../lib/gcc/arm-none-eabi/5.3.1/../../../../arm-none-eabi/lib/armv7-m\libcr_c.a(fseek.o)
                0x00002e28                fseek
 .text.ftell    0x00002f38       0x4c c:/nxp/lpcxpresso_8.2.0_647/lpcxpresso/tools/bin/../lib/gcc/arm-none-eabi/5.3.1/../../../../arm-none-eabi/lib/armv7-m\libcr_c.a(ftell.o)
                0x00002f38                ftell
 .text.remove   0x00002f84       0x14 c:/nxp/lpcxpresso_8.2.0_647/lpcxpresso/tools/bin/../lib/gcc/arm-none-eabi/5.3.1/../../../../arm-none-eabi/lib/armv7-m\libcr_c.a(remove.o)
                0x00002f84                remove
 .text.strlen   0x00002f98       0x4a c:/nxp/lpcxpresso_8.2.0_647/lpcxpresso/tools/bin/../lib/gcc/arm-none-eabi/5.3.1/../../../../arm-none-eabi/lib/armv7-m\libcr_c.a(strlen.o)
                0x00002f98                strlen
 *fill*         0x00002fe2        0x2 ff
 .text._sbrk    0x00002fe4       0x40 c:/nxp/lpcxpresso_8.2.0_647/lpcxpresso/tools/bin/../lib/gcc/arm-none-eabi/5.3.1/../../../../arm-none-eabi/lib/armv7-m\libcr_c.a(_cr_sbrk.o)
                0x00002fe4                _sbrk
 .text._do_fflush
                0x00003024       0x44 c:/nxp/lpcxpresso_8.2.0_647/lpcxpresso/tools/bin/../lib/gcc/arm-none-eabi/5.3.1/../../../../arm-none-eabi/lib/armv7-m\libcr_c.a(_do_fflush.o)
                0x00003024                _do_fflush
 .text.__check_heap_overflow
                0x00003068       0x18 c:/nxp/lpcxpresso_8.2.0_647/lpcxpresso/tools/bin/../lib/gcc/arm-none-eabi/5.3.1/../../../../arm-none-eabi/lib/armv7-m\libcr_c.a(_cr_check_heap.o)
                0x00003068                __check_heap_overflow
 .text.__aeabi_memset_lowlevel
                0x00003080       0x32 c:/nxp/lpcxpresso_8.2.0_647/lpcxpresso/tools/bin/../lib/gcc/arm-none-eabi/5.3.1/armv7-m\libcr_eabihelpers.a(memcpy.o)
                0x00003080                __aeabi_lowlevel_memset
 .text.__sys_appexit
                0x000030b2        0x2 c:/nxp/lpcxpresso_8.2.0_647/lpcxpresso/tools/bin/../lib/gcc/arm-none-eabi/5.3.1/../../../../arm-none-eabi/lib/armv7-m\libcr_nohost.a(__sys_appexit.o)
                0x000030b2                __sys_appexit
                0x000030b2                __exit
 .text.__sys_close
                0x000030b4        0x6 c:/nxp/lpcxpresso_8.2.0_647/lpcxpresso/tools/bin/../lib/gcc/arm-none-eabi/5.3.1/../../../../arm-none-eabi/lib/armv7-m\libcr_nohost.a(__sys_close.o)
                0x000030b4                __sys_close
 .text.__sys_flen
                0x000030ba        0x6 c:/nxp/lpcxpresso_8.2.0_647/lpcxpresso/tools/bin/../lib/gcc/arm-none-eabi/5.3.1/../../../../arm-none-eabi/lib/armv7-m\libcr_nohost.a(__sys_flen.o)
                0x000030ba                __sys_flen
 .text.__sys_istty
                0x000030c0        0x6 c:/nxp/lpcxpresso_8.2.0_647/lpcxpresso/tools/bin/../lib/gcc/arm-none-eabi/5.3.1/../../../../arm-none-eabi/lib/armv7-m\libcr_nohost.a(__sys_istty.o)
                0x000030c0                __sys_istty
 .text.__sys_remove
                0x000030c6        0x6 c:/nxp/lpcxpresso_8.2.0_647/lpcxpresso/tools/bin/../lib/gcc/arm-none-eabi/5.3.1/../../../../arm-none-eabi/lib/armv7-m\libcr_nohost.a(__sys_remove.o)
                0x000030c6                __sys_remove
 .text.__sys_seek
                0x000030cc        0x6 c:/nxp/lpcxpresso_8.2.0_647/lpcxpresso/tools/bin/../lib/gcc/arm-none-eabi/5.3.1/../../../../arm-none-eabi/lib/armv7-m\libcr_nohost.a(__sys_seek.o)
                0x000030cc                __sys_seek
 .text.__sys_tmpnam
                0x000030d2        0x6 c:/nxp/lpcxpresso_8.2.0_647/lpcxpresso/tools/bin/../lib/gcc/arm-none-eabi/5.3.1/../../../../arm-none-eabi/lib/armv7-m\libcr_nohost.a(__sys_tmpnam.o)
                0x000030d2                __sys_tmpnam
 *(.rodata .rodata.* .constdata .constdata.*)
 .rodata.USB_DeviceDescriptor
                0x000030d8       0x12 ./example/src/cdc_desc.o
                0x000030d8                USB_DeviceDescriptor
 *fill*         0x000030ea        0x2 ff
 .rodata.USB_StringDescriptor
                0x000030ec       0x38 ./example/src/cdc_desc.o
                0x000030ec                USB_StringDescriptor
 .rodata.g_usbApi
                0x00003124       0x20 ./example/src/cdc_main.o
 .rodata.OscRateIn
                0x00003144        0x4 C:\dev\polden-vert\polden-vert-motorControl-lpc1758\lpc_board_nxp_lpcxpresso_1769\Debug\liblpc_board_nxp_lpcxpresso_1769.a(board.o)
                0x00003144                OscRateIn
 .rodata.RTCOscRateIn
                0x00003148        0x4 C:\dev\polden-vert\polden-vert-motorControl-lpc1758\lpc_board_nxp_lpcxpresso_1769\Debug\liblpc_board_nxp_lpcxpresso_1769.a(board.o)
                0x00003148                RTCOscRateIn
 .rodata.pinmuxing
                0x0000314c       0x5c C:\dev\polden-vert\polden-vert-motorControl-lpc1758\lpc_board_nxp_lpcxpresso_1769\Debug\liblpc_board_nxp_lpcxpresso_1769.a(board_sysinit.o)
 .rodata.hw_api
                0x000031a8       0x5c C:\dev\polden-vert\polden-vert-motorControl-lpc1758\lpc_chip_175x_6x\libs\libusbd_175x_6x_lib.a(mw_usbd_rom_api.o)
                0x000031a8                hw_api
 .rodata.core_api
                0x00003204       0x20 C:\dev\polden-vert\polden-vert-motorControl-lpc1758\lpc_chip_175x_6x\libs\libusbd_175x_6x_lib.a(mw_usbd_rom_api.o)
                0x00003204                core_api
 .rodata.cdc_api
                0x00003224        0xc C:\dev\polden-vert\polden-vert-motorControl-lpc1758\lpc_chip_175x_6x\libs\libusbd_175x_6x_lib.a(mw_usbd_rom_api.o)
                0x00003224                cdc_api
 .rodata.str1.1
                0x00003230        0x4 c:/nxp/lpcxpresso_8.2.0_647/lpcxpresso/tools/bin/../lib/gcc/arm-none-eabi/5.3.1/../../../../arm-none-eabi/lib/armv7-m\libcr_c.a(initio.o)
 .rodata.str1.1
                0x00003234       0x18 c:/nxp/lpcxpresso_8.2.0_647/lpcxpresso/tools/bin/../lib/gcc/arm-none-eabi/5.3.1/../../../../arm-none-eabi/lib/armv7-m\libcr_c.a(alloc.o)
                0x0000324c                . = ALIGN (0x4)

.glue_7         0x0000324c        0x0
 .glue_7        0x0000324c        0x0 linker stubs

.glue_7t        0x0000324c        0x0
 .glue_7t       0x0000324c        0x0 linker stubs

.vfp11_veneer   0x0000324c        0x0
 .vfp11_veneer  0x0000324c        0x0 linker stubs

.v4_bx          0x0000324c        0x0
 .v4_bx         0x0000324c        0x0 linker stubs

.iplt           0x0000324c        0x0
 .iplt          0x0000324c        0x0 ./example/src/cdc_desc.o

.rel.dyn        0x0000324c        0x0
 .rel.iplt      0x0000324c        0x0 ./example/src/cdc_desc.o

.ARM.extab
 *(.ARM.extab* .gnu.linkonce.armextab.*)
                0x0000324c                __exidx_start = .

.ARM.exidx
 *(.ARM.exidx* .gnu.linkonce.armexidx.*)
                0x0000324c                __exidx_end = .
                0x0000324c                _etext = .

.data_RAM2      0x2007c000        0x0 load address 0x0000324c
 FILL mask 0xff
                [!provide]                PROVIDE (__start_data_RAM2, .)
 *(.ramfunc.$RAM2)
 *(.ramfunc.$RamAHB32)
 *(.data.$RAM2*)
 *(.data.$RamAHB32*)
                0x2007c000                . = ALIGN (0x4)
                [!provide]                PROVIDE (__end_data_RAM2, .)

.uninit_RESERVED
                0x10000000        0x0
 *(.bss.$RESERVED*)
                0x10000000                . = ALIGN (0x4)
                0x10000000                _end_uninit_RESERVED = .

.data           0x10000000       0x50 load address 0x0000324c
 FILL mask 0xff
                0x10000000                _data = .
 *(vtable)
 *(.ramfunc*)
 *(.data*)
 .data.USB_FsConfigDescriptor
                0x10000000       0x4c ./example/src/cdc_desc.o
                0x10000000                USB_FsConfigDescriptor
 .data.g_pUsbApi
                0x1000004c        0x4 ./example/src/cdc_main.o
                0x1000004c                g_pUsbApi
                0x10000050                . = ALIGN (0x4)
                0x10000050                _edata = .

.igot.plt       0x10000050        0x0 load address 0x0000329c
 .igot.plt      0x10000050        0x0 ./example/src/cdc_desc.o

.bss_RAM2       0x2007c000        0x0
                [!provide]                PROVIDE (__start_bss_RAM2, .)
 *(.bss.$RAM2*)
 *(.bss.$RamAHB32*)
                0x2007c000                . = ALIGN ((. != 0x0)?0x4:0x1)
                [!provide]                PROVIDE (__end_bss_RAM2, .)

.bss            0x10000050      0x170
                0x10000050                _bss = .
 *(.bss*)
 .bss.g_hUsb    0x10000050        0x4 ./example/src/cdc_main.o
 .bss.g_uCOM    0x10000054       0x18 ./example/src/cdc_uart.o
 .bss._extra    0x1000006c        0x4 c:/nxp/lpcxpresso_8.2.0_647/lpcxpresso/tools/bin/../lib/gcc/arm-none-eabi/5.3.1/../../../../arm-none-eabi/lib/armv7-m\libcr_c.a(initio.o)
                0x1000006c                _extra
 .bss.__Ciob    0x10000070      0x140 c:/nxp/lpcxpresso_8.2.0_647/lpcxpresso/tools/bin/../lib/gcc/arm-none-eabi/5.3.1/../../../../arm-none-eabi/lib/armv7-m\libcr_c.a(stdio.o)
                0x10000070                __Ciob
 .bss.__heaps   0x100001b0        0x4 c:/nxp/lpcxpresso_8.2.0_647/lpcxpresso/tools/bin/../lib/gcc/arm-none-eabi/5.3.1/../../../../arm-none-eabi/lib/armv7-m\libcr_c.a(__init_alloc.o)
                0x100001b0                __heaps
 .bss.__end_of_heap
                0x100001b4        0x4 c:/nxp/lpcxpresso_8.2.0_647/lpcxpresso/tools/bin/../lib/gcc/arm-none-eabi/5.3.1/../../../../arm-none-eabi/lib/armv7-m\libcr_c.a(__init_alloc.o)
                0x100001b4                __end_of_heap
 .bss.errno     0x100001b8        0x4 c:/nxp/lpcxpresso_8.2.0_647/lpcxpresso/tools/bin/../lib/gcc/arm-none-eabi/5.3.1/../../../../arm-none-eabi/lib/armv7-m\libcr_c.a(errno.o)
                0x100001b8                errno
 *(COMMON)
 COMMON         0x100001bc        0x4 C:\dev\polden-vert\polden-vert-motorControl-lpc1758\lpc_chip_175x_6x\Debug\liblpc_chip_175x_6x.a(chip_17xx_40xx.o)
                0x100001bc                SystemCoreClock
                0x100001c0                . = ALIGN (0x4)
                0x100001c0                _ebss = .
                [!provide]                PROVIDE (end, .)

.noinit_RAM2    0x2007c000        0x0
 *(.noinit.$RAM2*)
 *(.noinit.$RamAHB32*)
                0x2007c000                . = ALIGN (0x4)

.noinit         0x100001c0        0x0
                0x100001c0                _noinit = .
 *(.noinit*)
                0x100001c0                . = ALIGN (0x4)
                0x100001c0                _end_noinit = .
                0x100001c0                PROVIDE (_pvHeapStart, DEFINED (__user_heap_base)?__user_heap_base:.)
                0x10008000                PROVIDE (_vStackTop, DEFINED (__user_stack_top)?__user_stack_top:(__top_RamLoc32 - 0x0))
                [!provide]                PROVIDE (__valid_user_code_checksum, (0x0 - ((((((_vStackTop + (ResetISR + 0x1)) + (NMI_Handler + 0x1)) + (HardFault_Handler + 0x1)) + (DEFINED (MemManage_Handler)?MemManage_Handler:0x0 + 0x1)) + (DEFINED (BusFault_Handler)?BusFault_Handler:0x0 + 0x1)) + (DEFINED (UsageFault_Handler)?UsageFault_Handler:0x0 + 0x1))))
OUTPUT(usbd_lib_cdc_uart.axf elf32-littlearm)

.debug_info     0x00000000     0xea25
 .debug_info    0x00000000       0xf3 ./example/src/cdc_desc.o
 .debug_info    0x000000f3     0x1aa5 ./example/src/cdc_main.o
 .debug_info    0x00001b98     0x2241 ./example/src/cdc_uart.o
 .debug_info    0x00003dd9      0x250 ./example/src/cr_startup_lpc175x_6x.o
 .debug_info    0x00004029      0x110 ./example/src/sysinit.o
 .debug_info    0x00004139     0x13ed C:\dev\polden-vert\polden-vert-motorControl-lpc1758\lpc_board_nxp_lpcxpresso_1769\Debug\liblpc_board_nxp_lpcxpresso_1769.a(board.o)
 .debug_info    0x00005526      0x591 C:\dev\polden-vert\polden-vert-motorControl-lpc1758\lpc_board_nxp_lpcxpresso_1769\Debug\liblpc_board_nxp_lpcxpresso_1769.a(board_sysinit.o)
 .debug_info    0x00005ab7      0x530 C:\dev\polden-vert\polden-vert-motorControl-lpc1758\lpc_chip_175x_6x\Debug\liblpc_chip_175x_6x.a(chip_17xx_40xx.o)
 .debug_info    0x00005fe7      0xb62 C:\dev\polden-vert\polden-vert-motorControl-lpc1758\lpc_chip_175x_6x\Debug\liblpc_chip_175x_6x.a(clock_17xx_40xx.o)
 .debug_info    0x00006b49      0x2e9 C:\dev\polden-vert\polden-vert-motorControl-lpc1758\lpc_chip_175x_6x\Debug\liblpc_chip_175x_6x.a(iocon_17xx_40xx.o)
 .debug_info    0x00006e32      0x439 C:\dev\polden-vert\polden-vert-motorControl-lpc1758\lpc_chip_175x_6x\Debug\liblpc_chip_175x_6x.a(sysinit_17xx_40xx.o)
 .debug_info    0x0000726b      0xee7 C:\dev\polden-vert\polden-vert-motorControl-lpc1758\lpc_chip_175x_6x\Debug\liblpc_chip_175x_6x.a(uart_17xx_40xx.o)
 .debug_info    0x00008152     0x14f8 C:\dev\polden-vert\polden-vert-motorControl-lpc1758\lpc_chip_175x_6x\libs\libusbd_175x_6x_lib.a(mw_usbd_rom_api.o)
 .debug_info    0x0000964a     0x1f77 C:\dev\polden-vert\polden-vert-motorControl-lpc1758\lpc_chip_175x_6x\libs\libusbd_175x_6x_lib.a(hw_usbd_ip3503.o)
 .debug_info    0x0000b5c1     0x14e4 C:\dev\polden-vert\polden-vert-motorControl-lpc1758\lpc_chip_175x_6x\libs\libusbd_175x_6x_lib.a(mw_usbd_cdcuser.o)
 .debug_info    0x0000caa5     0x1f80 C:\dev\polden-vert\polden-vert-motorControl-lpc1758\lpc_chip_175x_6x\libs\libusbd_175x_6x_lib.a(mw_usbd_core.o)

.debug_abbrev   0x00000000     0x2276
 .debug_abbrev  0x00000000       0x60 ./example/src/cdc_desc.o
 .debug_abbrev  0x00000060      0x2b4 ./example/src/cdc_main.o
 .debug_abbrev  0x00000314      0x308 ./example/src/cdc_uart.o
 .debug_abbrev  0x0000061c       0xf5 ./example/src/cr_startup_lpc175x_6x.o
 .debug_abbrev  0x00000711       0xa3 ./example/src/sysinit.o
 .debug_abbrev  0x000007b4      0x38f C:\dev\polden-vert\polden-vert-motorControl-lpc1758\lpc_board_nxp_lpcxpresso_1769\Debug\liblpc_board_nxp_lpcxpresso_1769.a(board.o)
 .debug_abbrev  0x00000b43      0x15c C:\dev\polden-vert\polden-vert-motorControl-lpc1758\lpc_board_nxp_lpcxpresso_1769\Debug\liblpc_board_nxp_lpcxpresso_1769.a(board_sysinit.o)
 .debug_abbrev  0x00000c9f      0x16c C:\dev\polden-vert\polden-vert-motorControl-lpc1758\lpc_chip_175x_6x\Debug\liblpc_chip_175x_6x.a(chip_17xx_40xx.o)
 .debug_abbrev  0x00000e0b      0x2ec C:\dev\polden-vert\polden-vert-motorControl-lpc1758\lpc_chip_175x_6x\Debug\liblpc_chip_175x_6x.a(clock_17xx_40xx.o)
 .debug_abbrev  0x000010f7      0x126 C:\dev\polden-vert\polden-vert-motorControl-lpc1758\lpc_chip_175x_6x\Debug\liblpc_chip_175x_6x.a(iocon_17xx_40xx.o)
 .debug_abbrev  0x0000121d      0x175 C:\dev\polden-vert\polden-vert-motorControl-lpc1758\lpc_chip_175x_6x\Debug\liblpc_chip_175x_6x.a(sysinit_17xx_40xx.o)
 .debug_abbrev  0x00001392      0x2fe C:\dev\polden-vert\polden-vert-motorControl-lpc1758\lpc_chip_175x_6x\Debug\liblpc_chip_175x_6x.a(uart_17xx_40xx.o)
 .debug_abbrev  0x00001690      0x143 C:\dev\polden-vert\polden-vert-motorControl-lpc1758\lpc_chip_175x_6x\libs\libusbd_175x_6x_lib.a(mw_usbd_rom_api.o)
 .debug_abbrev  0x000017d3      0x3b8 C:\dev\polden-vert\polden-vert-motorControl-lpc1758\lpc_chip_175x_6x\libs\libusbd_175x_6x_lib.a(hw_usbd_ip3503.o)
 .debug_abbrev  0x00001b8b      0x2f5 C:\dev\polden-vert\polden-vert-motorControl-lpc1758\lpc_chip_175x_6x\libs\libusbd_175x_6x_lib.a(mw_usbd_cdcuser.o)
 .debug_abbrev  0x00001e80      0x3f6 C:\dev\polden-vert\polden-vert-motorControl-lpc1758\lpc_chip_175x_6x\libs\libusbd_175x_6x_lib.a(mw_usbd_core.o)

.debug_aranges  0x00000000      0x878
 .debug_aranges
                0x00000000       0x18 ./example/src/cdc_desc.o
 .debug_aranges
                0x00000018       0x48 ./example/src/cdc_main.o
 .debug_aranges
                0x00000060       0x80 ./example/src/cdc_uart.o
 .debug_aranges
                0x000000e0       0x80 ./example/src/cr_startup_lpc175x_6x.o
 .debug_aranges
                0x00000160       0x20 ./example/src/sysinit.o
 .debug_aranges
                0x00000180      0x160 C:\dev\polden-vert\polden-vert-motorControl-lpc1758\lpc_board_nxp_lpcxpresso_1769\Debug\liblpc_board_nxp_lpcxpresso_1769.a(board.o)
 .debug_aranges
                0x000002e0       0x38 C:\dev\polden-vert\polden-vert-motorControl-lpc1758\lpc_board_nxp_lpcxpresso_1769\Debug\liblpc_board_nxp_lpcxpresso_1769.a(board_sysinit.o)
 .debug_aranges
                0x00000318       0x38 C:\dev\polden-vert\polden-vert-motorControl-lpc1758\lpc_chip_175x_6x\Debug\liblpc_chip_175x_6x.a(chip_17xx_40xx.o)
 .debug_aranges
                0x00000350      0x120 C:\dev\polden-vert\polden-vert-motorControl-lpc1758\lpc_chip_175x_6x\Debug\liblpc_chip_175x_6x.a(clock_17xx_40xx.o)
 .debug_aranges
                0x00000470       0x30 C:\dev\polden-vert\polden-vert-motorControl-lpc1758\lpc_chip_175x_6x\Debug\liblpc_chip_175x_6x.a(iocon_17xx_40xx.o)
 .debug_aranges
                0x000004a0       0x60 C:\dev\polden-vert\polden-vert-motorControl-lpc1758\lpc_chip_175x_6x\Debug\liblpc_chip_175x_6x.a(sysinit_17xx_40xx.o)
 .debug_aranges
                0x00000500      0x128 C:\dev\polden-vert\polden-vert-motorControl-lpc1758\lpc_chip_175x_6x\Debug\liblpc_chip_175x_6x.a(uart_17xx_40xx.o)
 .debug_aranges
                0x00000628       0x18 C:\dev\polden-vert\polden-vert-motorControl-lpc1758\lpc_chip_175x_6x\libs\libusbd_175x_6x_lib.a(mw_usbd_rom_api.o)
 .debug_aranges
                0x00000640      0x118 C:\dev\polden-vert\polden-vert-motorControl-lpc1758\lpc_chip_175x_6x\libs\libusbd_175x_6x_lib.a(hw_usbd_ip3503.o)
 .debug_aranges
                0x00000758       0x48 C:\dev\polden-vert\polden-vert-motorControl-lpc1758\lpc_chip_175x_6x\libs\libusbd_175x_6x_lib.a(mw_usbd_cdcuser.o)
 .debug_aranges
                0x000007a0       0xd8 C:\dev\polden-vert\polden-vert-motorControl-lpc1758\lpc_chip_175x_6x\libs\libusbd_175x_6x_lib.a(mw_usbd_core.o)

.debug_macro    0x00000000     0x5dbd
 .debug_macro   0x00000000       0xf5 ./example/src/cdc_desc.o
 .debug_macro   0x000000f5      0x886 ./example/src/cdc_desc.o
 .debug_macro   0x0000097b       0x10 ./example/src/cdc_desc.o
 .debug_macro   0x0000098b      0x12d ./example/src/cdc_desc.o
 .debug_macro   0x00000ab8      0x5b2 ./example/src/cdc_desc.o
 .debug_macro   0x0000106a       0x22 ./example/src/cdc_desc.o
 .debug_macro   0x0000108c       0x7b ./example/src/cdc_desc.o
 .debug_macro   0x00001107       0x18 ./example/src/cdc_desc.o
 .debug_macro   0x0000111f      0x26c ./example/src/cdc_desc.o
 .debug_macro   0x0000138b       0x58 ./example/src/cdc_desc.o
 .debug_macro   0x000013e3       0x12 ./example/src/cdc_desc.o
 .debug_macro   0x000013f5       0xfa ./example/src/cdc_desc.o
 .debug_macro   0x000014ef       0xee ./example/src/cdc_desc.o
 .debug_macro   0x000015dd      0x693 ./example/src/cdc_desc.o
 .debug_macro   0x00001c70      0x272 ./example/src/cdc_desc.o
 .debug_macro   0x00001ee2       0x10 ./example/src/cdc_desc.o
 .debug_macro   0x00001ef2      0x2cf ./example/src/cdc_main.o
 .debug_macro   0x000021c1       0x10 ./example/src/cdc_main.o
 .debug_macro   0x000021d1       0x2d ./example/src/cdc_main.o
 .debug_macro   0x000021fe       0x3a ./example/src/cdc_main.o
 .debug_macro   0x00002238       0x2d ./example/src/cdc_main.o
 .debug_macro   0x00002265      0xbb1 ./example/src/cdc_main.o
 .debug_macro   0x00002e16      0x22c ./example/src/cdc_main.o
 .debug_macro   0x00003042       0x42 ./example/src/cdc_main.o
 .debug_macro   0x00003084       0x52 ./example/src/cdc_main.o
 .debug_macro   0x000030d6       0x78 ./example/src/cdc_main.o
 .debug_macro   0x0000314e       0x82 ./example/src/cdc_main.o
 .debug_macro   0x000031d0      0x48c ./example/src/cdc_main.o
 .debug_macro   0x0000365c       0x34 ./example/src/cdc_main.o
 .debug_macro   0x00003690      0x4c5 ./example/src/cdc_main.o
 .debug_macro   0x00003b55      0x1b7 ./example/src/cdc_main.o
 .debug_macro   0x00003d0c       0x10 ./example/src/cdc_main.o
 .debug_macro   0x00003d1c      0x21b ./example/src/cdc_main.o
 .debug_macro   0x00003f37      0x1b9 ./example/src/cdc_main.o
 .debug_macro   0x000040f0       0x40 ./example/src/cdc_main.o
 .debug_macro   0x00004130       0x22 ./example/src/cdc_main.o
 .debug_macro   0x00004152      0x162 ./example/src/cdc_main.o
 .debug_macro   0x000042b4       0x94 ./example/src/cdc_main.o
 .debug_macro   0x00004348       0xb8 ./example/src/cdc_main.o
 .debug_macro   0x00004400       0x4c ./example/src/cdc_main.o
 .debug_macro   0x0000444c       0x16 ./example/src/cdc_main.o
 .debug_macro   0x00004462      0x328 ./example/src/cdc_main.o
 .debug_macro   0x0000478a       0x49 ./example/src/cdc_main.o
 .debug_macro   0x000047d3       0x16 ./example/src/cdc_main.o
 .debug_macro   0x000047e9       0xca ./example/src/cdc_main.o
 .debug_macro   0x000048b3       0x70 ./example/src/cdc_main.o
 .debug_macro   0x00004923       0x9a ./example/src/cdc_main.o
 .debug_macro   0x000049bd       0x20 ./example/src/cdc_main.o
 .debug_macro   0x000049dd       0x28 ./example/src/cdc_main.o
 .debug_macro   0x00004a05       0x58 ./example/src/cdc_main.o
 .debug_macro   0x00004a5d      0x305 ./example/src/cdc_uart.o
 .debug_macro   0x00004d62       0x74 ./example/src/cdc_uart.o
 .debug_macro   0x00004dd6       0x1d ./example/src/cr_startup_lpc175x_6x.o
 .debug_macro   0x00004df3      0x217 ./example/src/sysinit.o
 .debug_macro   0x0000500a      0x289 C:\dev\polden-vert\polden-vert-motorControl-lpc1758\lpc_board_nxp_lpcxpresso_1769\Debug\liblpc_board_nxp_lpcxpresso_1769.a(board.o)
 .debug_macro   0x00005293       0x12 C:\dev\polden-vert\polden-vert-motorControl-lpc1758\lpc_board_nxp_lpcxpresso_1769\Debug\liblpc_board_nxp_lpcxpresso_1769.a(board.o)
 .debug_macro   0x000052a5      0x217 C:\dev\polden-vert\polden-vert-motorControl-lpc1758\lpc_board_nxp_lpcxpresso_1769\Debug\liblpc_board_nxp_lpcxpresso_1769.a(board_sysinit.o)
 .debug_macro   0x000054bc      0x1cd C:\dev\polden-vert\polden-vert-motorControl-lpc1758\lpc_chip_175x_6x\Debug\liblpc_chip_175x_6x.a(chip_17xx_40xx.o)
 .debug_macro   0x00005689      0x1cd C:\dev\polden-vert\polden-vert-motorControl-lpc1758\lpc_chip_175x_6x\Debug\liblpc_chip_175x_6x.a(clock_17xx_40xx.o)
 .debug_macro   0x00005856      0x1cd C:\dev\polden-vert\polden-vert-motorControl-lpc1758\lpc_chip_175x_6x\Debug\liblpc_chip_175x_6x.a(iocon_17xx_40xx.o)
 .debug_macro   0x00005a23      0x1cd C:\dev\polden-vert\polden-vert-motorControl-lpc1758\lpc_chip_175x_6x\Debug\liblpc_chip_175x_6x.a(sysinit_17xx_40xx.o)
 .debug_macro   0x00005bf0      0x1cd C:\dev\polden-vert\polden-vert-motorControl-lpc1758\lpc_chip_175x_6x\Debug\liblpc_chip_175x_6x.a(uart_17xx_40xx.o)

.debug_line     0x00000000     0x4e04
 .debug_line    0x00000000      0x2d2 ./example/src/cdc_desc.o
 .debug_line    0x000002d2      0x6b0 ./example/src/cdc_main.o
 .debug_line    0x00000982      0x794 ./example/src/cdc_uart.o
 .debug_line    0x00001116       0xdd ./example/src/cr_startup_lpc175x_6x.o
 .debug_line    0x000011f3      0x495 ./example/src/sysinit.o
 .debug_line    0x00001688      0x848 C:\dev\polden-vert\polden-vert-motorControl-lpc1758\lpc_board_nxp_lpcxpresso_1769\Debug\liblpc_board_nxp_lpcxpresso_1769.a(board.o)
 .debug_line    0x00001ed0      0x4cd C:\dev\polden-vert\polden-vert-motorControl-lpc1758\lpc_board_nxp_lpcxpresso_1769\Debug\liblpc_board_nxp_lpcxpresso_1769.a(board_sysinit.o)
 .debug_line    0x0000239d      0x455 C:\dev\polden-vert\polden-vert-motorControl-lpc1758\lpc_chip_175x_6x\Debug\liblpc_chip_175x_6x.a(chip_17xx_40xx.o)
 .debug_line    0x000027f2      0x6d1 C:\dev\polden-vert\polden-vert-motorControl-lpc1758\lpc_chip_175x_6x\Debug\liblpc_chip_175x_6x.a(clock_17xx_40xx.o)
 .debug_line    0x00002ec3      0x441 C:\dev\polden-vert\polden-vert-motorControl-lpc1758\lpc_chip_175x_6x\Debug\liblpc_chip_175x_6x.a(iocon_17xx_40xx.o)
 .debug_line    0x00003304      0x4cb C:\dev\polden-vert\polden-vert-motorControl-lpc1758\lpc_chip_175x_6x\Debug\liblpc_chip_175x_6x.a(sysinit_17xx_40xx.o)
 .debug_line    0x000037cf      0x77d C:\dev\polden-vert\polden-vert-motorControl-lpc1758\lpc_chip_175x_6x\Debug\liblpc_chip_175x_6x.a(uart_17xx_40xx.o)
 .debug_line    0x00003f4c      0x198 C:\dev\polden-vert\polden-vert-motorControl-lpc1758\lpc_chip_175x_6x\libs\libusbd_175x_6x_lib.a(mw_usbd_rom_api.o)
 .debug_line    0x000040e4      0x54e C:\dev\polden-vert\polden-vert-motorControl-lpc1758\lpc_chip_175x_6x\libs\libusbd_175x_6x_lib.a(hw_usbd_ip3503.o)
 .debug_line    0x00004632      0x308 C:\dev\polden-vert\polden-vert-motorControl-lpc1758\lpc_chip_175x_6x\libs\libusbd_175x_6x_lib.a(mw_usbd_cdcuser.o)
 .debug_line    0x0000493a      0x4ca C:\dev\polden-vert\polden-vert-motorControl-lpc1758\lpc_chip_175x_6x\libs\libusbd_175x_6x_lib.a(mw_usbd_core.o)

.debug_str      0x00000000    0x18cf4
 .debug_str     0x00000000     0x7b6f ./example/src/cdc_desc.o
                               0x7c00 (size before relaxing)
 .debug_str     0x00007b6f     0xe059 ./example/src/cdc_main.o
                              0x15ef6 (size before relaxing)
 .debug_str     0x00015bc8      0x600 ./example/src/cdc_uart.o
                              0x1638f (size before relaxing)
 .debug_str     0x000161c8      0x1ca ./example/src/cr_startup_lpc175x_6x.o
                               0x26a0 (size before relaxing)
 .debug_str     0x00016392       0x23 ./example/src/sysinit.o
                              0x10a53 (size before relaxing)
 .debug_str     0x000163b5      0xc9a C:\dev\polden-vert\polden-vert-motorControl-lpc1758\lpc_board_nxp_lpcxpresso_1769\Debug\liblpc_board_nxp_lpcxpresso_1769.a(board.o)
                              0x11942 (size before relaxing)
 .debug_str     0x0001704f      0x22d C:\dev\polden-vert\polden-vert-motorControl-lpc1758\lpc_board_nxp_lpcxpresso_1769\Debug\liblpc_board_nxp_lpcxpresso_1769.a(board_sysinit.o)
                              0x10e5f (size before relaxing)
 .debug_str     0x0001727c       0xce C:\dev\polden-vert\polden-vert-motorControl-lpc1758\lpc_chip_175x_6x\Debug\liblpc_chip_175x_6x.a(chip_17xx_40xx.o)
                              0x10b73 (size before relaxing)
 .debug_str     0x0001734a      0x83a C:\dev\polden-vert\polden-vert-motorControl-lpc1758\lpc_chip_175x_6x\Debug\liblpc_chip_175x_6x.a(clock_17xx_40xx.o)
                              0x111c4 (size before relaxing)
 .debug_str     0x00017b84       0x79 C:\dev\polden-vert\polden-vert-motorControl-lpc1758\lpc_chip_175x_6x\Debug\liblpc_chip_175x_6x.a(iocon_17xx_40xx.o)
                              0x10641 (size before relaxing)
 .debug_str     0x00017bfd       0xc4 C:\dev\polden-vert\polden-vert-motorControl-lpc1758\lpc_chip_175x_6x\Debug\liblpc_chip_175x_6x.a(sysinit_17xx_40xx.o)
                              0x10829 (size before relaxing)
 .debug_str     0x00017cc1      0x365 C:\dev\polden-vert\polden-vert-motorControl-lpc1758\lpc_chip_175x_6x\Debug\liblpc_chip_175x_6x.a(uart_17xx_40xx.o)
                              0x110b6 (size before relaxing)
 .debug_str     0x00018026      0x6ee C:\dev\polden-vert\polden-vert-motorControl-lpc1758\lpc_chip_175x_6x\libs\libusbd_175x_6x_lib.a(mw_usbd_rom_api.o)
                               0x18af (size before relaxing)
 .debug_str     0x00018714      0x35d C:\dev\polden-vert\polden-vert-motorControl-lpc1758\lpc_chip_175x_6x\libs\libusbd_175x_6x_lib.a(hw_usbd_ip3503.o)
                               0x1ab2 (size before relaxing)
 .debug_str     0x00018a71      0x10a C:\dev\polden-vert\polden-vert-motorControl-lpc1758\lpc_chip_175x_6x\libs\libusbd_175x_6x_lib.a(mw_usbd_cdcuser.o)
                               0x1910 (size before relaxing)
 .debug_str     0x00018b7b      0x179 C:\dev\polden-vert\polden-vert-motorControl-lpc1758\lpc_chip_175x_6x\libs\libusbd_175x_6x_lib.a(mw_usbd_core.o)
                               0x19a7 (size before relaxing)

.comment        0x00000000      0x14c
 .comment       0x00000000       0x6e ./example/src/cdc_desc.o
                                 0x6f (size before relaxing)
 .comment       0x0000006e       0x6f ./example/src/cdc_main.o
 .comment       0x0000006e       0x6f ./example/src/cdc_uart.o
 .comment       0x0000006e       0x6f ./example/src/cr_startup_lpc175x_6x.o
 .comment       0x0000006e       0x6f ./example/src/sysinit.o
 .comment       0x0000006e       0x6f C:\dev\polden-vert\polden-vert-motorControl-lpc1758\lpc_board_nxp_lpcxpresso_1769\Debug\liblpc_board_nxp_lpcxpresso_1769.a(board.o)
 .comment       0x0000006e       0x6f C:\dev\polden-vert\polden-vert-motorControl-lpc1758\lpc_board_nxp_lpcxpresso_1769\Debug\liblpc_board_nxp_lpcxpresso_1769.a(board_sysinit.o)
 .comment       0x0000006e       0x6f C:\dev\polden-vert\polden-vert-motorControl-lpc1758\lpc_chip_175x_6x\Debug\liblpc_chip_175x_6x.a(chip_17xx_40xx.o)
 .comment       0x0000006e       0x6f C:\dev\polden-vert\polden-vert-motorControl-lpc1758\lpc_chip_175x_6x\Debug\liblpc_chip_175x_6x.a(clock_17xx_40xx.o)
 .comment       0x0000006e       0x6f C:\dev\polden-vert\polden-vert-motorControl-lpc1758\lpc_chip_175x_6x\Debug\liblpc_chip_175x_6x.a(iocon_17xx_40xx.o)
 .comment       0x0000006e       0x6f C:\dev\polden-vert\polden-vert-motorControl-lpc1758\lpc_chip_175x_6x\Debug\liblpc_chip_175x_6x.a(sysinit_17xx_40xx.o)
 .comment       0x0000006e       0x6f C:\dev\polden-vert\polden-vert-motorControl-lpc1758\lpc_chip_175x_6x\Debug\liblpc_chip_175x_6x.a(uart_17xx_40xx.o)
 .comment       0x0000006e       0x70 C:\dev\polden-vert\polden-vert-motorControl-lpc1758\lpc_chip_175x_6x\libs\libusbd_175x_6x_lib.a(mw_usbd_rom_api.o)
                                 0x71 (size before relaxing)
 .comment       0x000000de       0x71 C:\dev\polden-vert\polden-vert-motorControl-lpc1758\lpc_chip_175x_6x\libs\libusbd_175x_6x_lib.a(hw_usbd_ip3503.o)
 .comment       0x000000de       0x71 C:\dev\polden-vert\polden-vert-motorControl-lpc1758\lpc_chip_175x_6x\libs\libusbd_175x_6x_lib.a(mw_usbd_cdcuser.o)
 .comment       0x000000de       0x71 C:\dev\polden-vert\polden-vert-motorControl-lpc1758\lpc_chip_175x_6x\libs\libusbd_175x_6x_lib.a(mw_usbd_core.o)
 .comment       0x000000de       0x6e c:/nxp/lpcxpresso_8.2.0_647/lpcxpresso/tools/bin/../lib/gcc/arm-none-eabi/5.3.1/../../../../arm-none-eabi/lib/armv7-m\libcr_nohost.a(_cr__main.o)
                                 0x6f (size before relaxing)
 .comment       0x0000014c       0x6f c:/nxp/lpcxpresso_8.2.0_647/lpcxpresso/tools/bin/../lib/gcc/arm-none-eabi/5.3.1/../../../../arm-none-eabi/lib/armv7-m\libcr_c.a(memset.o)
 .comment       0x0000014c       0x6f c:/nxp/lpcxpresso_8.2.0_647/lpcxpresso/tools/bin/../lib/gcc/arm-none-eabi/5.3.1/../../../../arm-none-eabi/lib/armv7-m\libcr_c.a(initio.o)
 .comment       0x0000014c       0x6f c:/nxp/lpcxpresso_8.2.0_647/lpcxpresso/tools/bin/../lib/gcc/arm-none-eabi/5.3.1/../../../../arm-none-eabi/lib/armv7-m\libcr_c.a(setvbuf.o)
 .comment       0x0000014c       0x6f c:/nxp/lpcxpresso_8.2.0_647/lpcxpresso/tools/bin/../lib/gcc/arm-none-eabi/5.3.1/../../../../arm-none-eabi/lib/armv7-m\libcr_c.a(stdio.o)
 .comment       0x0000014c       0x6f c:/nxp/lpcxpresso_8.2.0_647/lpcxpresso/tools/bin/../lib/gcc/arm-none-eabi/5.3.1/../../../../arm-none-eabi/lib/armv7-m\libcr_c.a(_deferredlazyseek.o)
 .comment       0x0000014c       0x6f c:/nxp/lpcxpresso_8.2.0_647/lpcxpresso/tools/bin/../lib/gcc/arm-none-eabi/5.3.1/../../../../arm-none-eabi/lib/armv7-m\libcr_c.a(_fdopen.o)
 .comment       0x0000014c       0x6f c:/nxp/lpcxpresso_8.2.0_647/lpcxpresso/tools/bin/../lib/gcc/arm-none-eabi/5.3.1/../../../../arm-none-eabi/lib/armv7-m\libcr_c.a(_fflush.o)
 .comment       0x0000014c       0x6f c:/nxp/lpcxpresso_8.2.0_647/lpcxpresso/tools/bin/../lib/gcc/arm-none-eabi/5.3.1/../../../../arm-none-eabi/lib/armv7-m\libcr_c.a(_writebuf.o)
 .comment       0x0000014c       0x6f c:/nxp/lpcxpresso_8.2.0_647/lpcxpresso/tools/bin/../lib/gcc/arm-none-eabi/5.3.1/../../../../arm-none-eabi/lib/armv7-m\libcr_c.a(alloc.o)
 .comment       0x0000014c       0x6f c:/nxp/lpcxpresso_8.2.0_647/lpcxpresso/tools/bin/../lib/gcc/arm-none-eabi/5.3.1/../../../../arm-none-eabi/lib/armv7-m\libcr_c.a(fclose.o)
 .comment       0x0000014c       0x6f c:/nxp/lpcxpresso_8.2.0_647/lpcxpresso/tools/bin/../lib/gcc/arm-none-eabi/5.3.1/../../../../arm-none-eabi/lib/armv7-m\libcr_c.a(fflush.o)
 .comment       0x0000014c       0x6f c:/nxp/lpcxpresso_8.2.0_647/lpcxpresso/tools/bin/../lib/gcc/arm-none-eabi/5.3.1/../../../../arm-none-eabi/lib/armv7-m\libcr_c.a(fseek.o)
 .comment       0x0000014c       0x6f c:/nxp/lpcxpresso_8.2.0_647/lpcxpresso/tools/bin/../lib/gcc/arm-none-eabi/5.3.1/../../../../arm-none-eabi/lib/armv7-m\libcr_c.a(ftell.o)
 .comment       0x0000014c       0x6f c:/nxp/lpcxpresso_8.2.0_647/lpcxpresso/tools/bin/../lib/gcc/arm-none-eabi/5.3.1/../../../../arm-none-eabi/lib/armv7-m\libcr_c.a(remove.o)
 .comment       0x0000014c       0x6f c:/nxp/lpcxpresso_8.2.0_647/lpcxpresso/tools/bin/../lib/gcc/arm-none-eabi/5.3.1/../../../../arm-none-eabi/lib/armv7-m\libcr_c.a(strlen.o)
 .comment       0x0000014c       0x6f c:/nxp/lpcxpresso_8.2.0_647/lpcxpresso/tools/bin/../lib/gcc/arm-none-eabi/5.3.1/../../../../arm-none-eabi/lib/armv7-m\libcr_c.a(__init_alloc.o)
 .comment       0x0000014c       0x6f c:/nxp/lpcxpresso_8.2.0_647/lpcxpresso/tools/bin/../lib/gcc/arm-none-eabi/5.3.1/../../../../arm-none-eabi/lib/armv7-m\libcr_c.a(_cr_sbrk.o)
 .comment       0x0000014c       0x6f c:/nxp/lpcxpresso_8.2.0_647/lpcxpresso/tools/bin/../lib/gcc/arm-none-eabi/5.3.1/../../../../arm-none-eabi/lib/armv7-m\libcr_c.a(_do_fflush.o)
 .comment       0x0000014c       0x6f c:/nxp/lpcxpresso_8.2.0_647/lpcxpresso/tools/bin/../lib/gcc/arm-none-eabi/5.3.1/../../../../arm-none-eabi/lib/armv7-m\libcr_c.a(errno.o)
 .comment       0x0000014c       0x6f c:/nxp/lpcxpresso_8.2.0_647/lpcxpresso/tools/bin/../lib/gcc/arm-none-eabi/5.3.1/../../../../arm-none-eabi/lib/armv7-m\libcr_c.a(_cr_check_heap.o)
 .comment       0x0000014c       0x6f c:/nxp/lpcxpresso_8.2.0_647/lpcxpresso/tools/bin/../lib/gcc/arm-none-eabi/5.3.1/../../../../arm-none-eabi/lib/armv7-m\libcr_nohost.a(__sys_appexit.o)
 .comment       0x0000014c       0x6f c:/nxp/lpcxpresso_8.2.0_647/lpcxpresso/tools/bin/../lib/gcc/arm-none-eabi/5.3.1/../../../../arm-none-eabi/lib/armv7-m\libcr_nohost.a(__sys_close.o)
 .comment       0x0000014c       0x6f c:/nxp/lpcxpresso_8.2.0_647/lpcxpresso/tools/bin/../lib/gcc/arm-none-eabi/5.3.1/../../../../arm-none-eabi/lib/armv7-m\libcr_nohost.a(__sys_flen.o)
 .comment       0x0000014c       0x6f c:/nxp/lpcxpresso_8.2.0_647/lpcxpresso/tools/bin/../lib/gcc/arm-none-eabi/5.3.1/../../../../arm-none-eabi/lib/armv7-m\libcr_nohost.a(__sys_istty.o)
 .comment       0x0000014c       0x6f c:/nxp/lpcxpresso_8.2.0_647/lpcxpresso/tools/bin/../lib/gcc/arm-none-eabi/5.3.1/../../../../arm-none-eabi/lib/armv7-m\libcr_nohost.a(__sys_remove.o)
 .comment       0x0000014c       0x6f c:/nxp/lpcxpresso_8.2.0_647/lpcxpresso/tools/bin/../lib/gcc/arm-none-eabi/5.3.1/../../../../arm-none-eabi/lib/armv7-m\libcr_nohost.a(__sys_seek.o)
 .comment       0x0000014c       0x6f c:/nxp/lpcxpresso_8.2.0_647/lpcxpresso/tools/bin/../lib/gcc/arm-none-eabi/5.3.1/../../../../arm-none-eabi/lib/armv7-m\libcr_nohost.a(__sys_tmpnam.o)

.ARM.attributes
                0x00000000       0x31
 .ARM.attributes
                0x00000000       0x33 ./example/src/cdc_desc.o
 .ARM.attributes
                0x00000033       0x33 ./example/src/cdc_main.o
 .ARM.attributes
                0x00000066       0x33 ./example/src/cdc_uart.o
 .ARM.attributes
                0x00000099       0x33 ./example/src/cr_startup_lpc175x_6x.o
 .ARM.attributes
                0x000000cc       0x33 ./example/src/sysinit.o
 .ARM.attributes
                0x000000ff       0x33 C:\dev\polden-vert\polden-vert-motorControl-lpc1758\lpc_board_nxp_lpcxpresso_1769\Debug\liblpc_board_nxp_lpcxpresso_1769.a(board.o)
 .ARM.attributes
                0x00000132       0x33 C:\dev\polden-vert\polden-vert-motorControl-lpc1758\lpc_board_nxp_lpcxpresso_1769\Debug\liblpc_board_nxp_lpcxpresso_1769.a(board_sysinit.o)
 .ARM.attributes
                0x00000165       0x33 C:\dev\polden-vert\polden-vert-motorControl-lpc1758\lpc_chip_175x_6x\Debug\liblpc_chip_175x_6x.a(chip_17xx_40xx.o)
 .ARM.attributes
                0x00000198       0x33 C:\dev\polden-vert\polden-vert-motorControl-lpc1758\lpc_chip_175x_6x\Debug\liblpc_chip_175x_6x.a(clock_17xx_40xx.o)
 .ARM.attributes
                0x000001cb       0x33 C:\dev\polden-vert\polden-vert-motorControl-lpc1758\lpc_chip_175x_6x\Debug\liblpc_chip_175x_6x.a(iocon_17xx_40xx.o)
 .ARM.attributes
                0x000001fe       0x33 C:\dev\polden-vert\polden-vert-motorControl-lpc1758\lpc_chip_175x_6x\Debug\liblpc_chip_175x_6x.a(sysinit_17xx_40xx.o)
 .ARM.attributes
                0x00000231       0x33 C:\dev\polden-vert\polden-vert-motorControl-lpc1758\lpc_chip_175x_6x\Debug\liblpc_chip_175x_6x.a(uart_17xx_40xx.o)
 .ARM.attributes
                0x00000264       0x33 C:\dev\polden-vert\polden-vert-motorControl-lpc1758\lpc_chip_175x_6x\libs\libusbd_175x_6x_lib.a(mw_usbd_rom_api.o)
 .ARM.attributes
                0x00000297       0x33 C:\dev\polden-vert\polden-vert-motorControl-lpc1758\lpc_chip_175x_6x\libs\libusbd_175x_6x_lib.a(hw_usbd_ip3503.o)
 .ARM.attributes
                0x000002ca       0x33 C:\dev\polden-vert\polden-vert-motorControl-lpc1758\lpc_chip_175x_6x\libs\libusbd_175x_6x_lib.a(mw_usbd_cdcuser.o)
 .ARM.attributes
                0x000002fd       0x33 C:\dev\polden-vert\polden-vert-motorControl-lpc1758\lpc_chip_175x_6x\libs\libusbd_175x_6x_lib.a(mw_usbd_core.o)
 .ARM.attributes
                0x00000330       0x33 c:/nxp/lpcxpresso_8.2.0_647/lpcxpresso/tools/bin/../lib/gcc/arm-none-eabi/5.3.1/../../../../arm-none-eabi/lib/armv7-m\libcr_nohost.a(_cr__main.o)
 .ARM.attributes
                0x00000363       0x33 c:/nxp/lpcxpresso_8.2.0_647/lpcxpresso/tools/bin/../lib/gcc/arm-none-eabi/5.3.1/../../../../arm-none-eabi/lib/armv7-m\libcr_c.a(memset.o)
 .ARM.attributes
                0x00000396       0x33 c:/nxp/lpcxpresso_8.2.0_647/lpcxpresso/tools/bin/../lib/gcc/arm-none-eabi/5.3.1/../../../../arm-none-eabi/lib/armv7-m\libcr_c.a(initio.o)
 .ARM.attributes
                0x000003c9       0x33 c:/nxp/lpcxpresso_8.2.0_647/lpcxpresso/tools/bin/../lib/gcc/arm-none-eabi/5.3.1/../../../../arm-none-eabi/lib/armv7-m\libcr_c.a(setvbuf.o)
 .ARM.attributes
                0x000003fc       0x33 c:/nxp/lpcxpresso_8.2.0_647/lpcxpresso/tools/bin/../lib/gcc/arm-none-eabi/5.3.1/../../../../arm-none-eabi/lib/armv7-m\libcr_c.a(stdio.o)
 .ARM.attributes
                0x0000042f       0x33 c:/nxp/lpcxpresso_8.2.0_647/lpcxpresso/tools/bin/../lib/gcc/arm-none-eabi/5.3.1/../../../../arm-none-eabi/lib/armv7-m\libcr_c.a(_deferredlazyseek.o)
 .ARM.attributes
                0x00000462       0x33 c:/nxp/lpcxpresso_8.2.0_647/lpcxpresso/tools/bin/../lib/gcc/arm-none-eabi/5.3.1/../../../../arm-none-eabi/lib/armv7-m\libcr_c.a(_fdopen.o)
 .ARM.attributes
                0x00000495       0x33 c:/nxp/lpcxpresso_8.2.0_647/lpcxpresso/tools/bin/../lib/gcc/arm-none-eabi/5.3.1/../../../../arm-none-eabi/lib/armv7-m\libcr_c.a(_fflush.o)
 .ARM.attributes
                0x000004c8       0x33 c:/nxp/lpcxpresso_8.2.0_647/lpcxpresso/tools/bin/../lib/gcc/arm-none-eabi/5.3.1/../../../../arm-none-eabi/lib/armv7-m\libcr_c.a(_writebuf.o)
 .ARM.attributes
                0x000004fb       0x33 c:/nxp/lpcxpresso_8.2.0_647/lpcxpresso/tools/bin/../lib/gcc/arm-none-eabi/5.3.1/../../../../arm-none-eabi/lib/armv7-m\libcr_c.a(alloc.o)
 .ARM.attributes
                0x0000052e       0x33 c:/nxp/lpcxpresso_8.2.0_647/lpcxpresso/tools/bin/../lib/gcc/arm-none-eabi/5.3.1/../../../../arm-none-eabi/lib/armv7-m\libcr_c.a(fclose.o)
 .ARM.attributes
                0x00000561       0x33 c:/nxp/lpcxpresso_8.2.0_647/lpcxpresso/tools/bin/../lib/gcc/arm-none-eabi/5.3.1/../../../../arm-none-eabi/lib/armv7-m\libcr_c.a(fflush.o)
 .ARM.attributes
                0x00000594       0x33 c:/nxp/lpcxpresso_8.2.0_647/lpcxpresso/tools/bin/../lib/gcc/arm-none-eabi/5.3.1/../../../../arm-none-eabi/lib/armv7-m\libcr_c.a(fseek.o)
 .ARM.attributes
                0x000005c7       0x33 c:/nxp/lpcxpresso_8.2.0_647/lpcxpresso/tools/bin/../lib/gcc/arm-none-eabi/5.3.1/../../../../arm-none-eabi/lib/armv7-m\libcr_c.a(ftell.o)
 .ARM.attributes
                0x000005fa       0x33 c:/nxp/lpcxpresso_8.2.0_647/lpcxpresso/tools/bin/../lib/gcc/arm-none-eabi/5.3.1/../../../../arm-none-eabi/lib/armv7-m\libcr_c.a(remove.o)
 .ARM.attributes
                0x0000062d       0x33 c:/nxp/lpcxpresso_8.2.0_647/lpcxpresso/tools/bin/../lib/gcc/arm-none-eabi/5.3.1/../../../../arm-none-eabi/lib/armv7-m\libcr_c.a(strlen.o)
 .ARM.attributes
                0x00000660       0x33 c:/nxp/lpcxpresso_8.2.0_647/lpcxpresso/tools/bin/../lib/gcc/arm-none-eabi/5.3.1/../../../../arm-none-eabi/lib/armv7-m\libcr_c.a(__init_alloc.o)
 .ARM.attributes
                0x00000693       0x33 c:/nxp/lpcxpresso_8.2.0_647/lpcxpresso/tools/bin/../lib/gcc/arm-none-eabi/5.3.1/../../../../arm-none-eabi/lib/armv7-m\libcr_c.a(_cr_sbrk.o)
 .ARM.attributes
                0x000006c6       0x33 c:/nxp/lpcxpresso_8.2.0_647/lpcxpresso/tools/bin/../lib/gcc/arm-none-eabi/5.3.1/../../../../arm-none-eabi/lib/armv7-m\libcr_c.a(_do_fflush.o)
 .ARM.attributes
                0x000006f9       0x33 c:/nxp/lpcxpresso_8.2.0_647/lpcxpresso/tools/bin/../lib/gcc/arm-none-eabi/5.3.1/../../../../arm-none-eabi/lib/armv7-m\libcr_c.a(errno.o)
 .ARM.attributes
                0x0000072c       0x33 c:/nxp/lpcxpresso_8.2.0_647/lpcxpresso/tools/bin/../lib/gcc/arm-none-eabi/5.3.1/../../../../arm-none-eabi/lib/armv7-m\libcr_c.a(_cr_check_heap.o)
 .ARM.attributes
                0x0000075f       0x21 c:/nxp/lpcxpresso_8.2.0_647/lpcxpresso/tools/bin/../lib/gcc/arm-none-eabi/5.3.1/armv7-m\libcr_eabihelpers.a(memcpy.o)
 .ARM.attributes
                0x00000780       0x33 c:/nxp/lpcxpresso_8.2.0_647/lpcxpresso/tools/bin/../lib/gcc/arm-none-eabi/5.3.1/../../../../arm-none-eabi/lib/armv7-m\libcr_nohost.a(__sys_appexit.o)
 .ARM.attributes
                0x000007b3       0x33 c:/nxp/lpcxpresso_8.2.0_647/lpcxpresso/tools/bin/../lib/gcc/arm-none-eabi/5.3.1/../../../../arm-none-eabi/lib/armv7-m\libcr_nohost.a(__sys_close.o)
 .ARM.attributes
                0x000007e6       0x33 c:/nxp/lpcxpresso_8.2.0_647/lpcxpresso/tools/bin/../lib/gcc/arm-none-eabi/5.3.1/../../../../arm-none-eabi/lib/armv7-m\libcr_nohost.a(__sys_flen.o)
 .ARM.attributes
                0x00000819       0x33 c:/nxp/lpcxpresso_8.2.0_647/lpcxpresso/tools/bin/../lib/gcc/arm-none-eabi/5.3.1/../../../../arm-none-eabi/lib/armv7-m\libcr_nohost.a(__sys_istty.o)
 .ARM.attributes
                0x0000084c       0x33 c:/nxp/lpcxpresso_8.2.0_647/lpcxpresso/tools/bin/../lib/gcc/arm-none-eabi/5.3.1/../../../../arm-none-eabi/lib/armv7-m\libcr_nohost.a(__sys_remove.o)
 .ARM.attributes
                0x0000087f       0x33 c:/nxp/lpcxpresso_8.2.0_647/lpcxpresso/tools/bin/../lib/gcc/arm-none-eabi/5.3.1/../../../../arm-none-eabi/lib/armv7-m\libcr_nohost.a(__sys_seek.o)
 .ARM.attributes
                0x000008b2       0x33 c:/nxp/lpcxpresso_8.2.0_647/lpcxpresso/tools/bin/../lib/gcc/arm-none-eabi/5.3.1/../../../../arm-none-eabi/lib/armv7-m\libcr_nohost.a(__sys_tmpnam.o)

.debug_ranges   0x00000000      0x780
 .debug_ranges  0x00000000       0x38 ./example/src/cdc_main.o
 .debug_ranges  0x00000038       0x70 ./example/src/cdc_uart.o
 .debug_ranges  0x000000a8       0x70 ./example/src/cr_startup_lpc175x_6x.o
 .debug_ranges  0x00000118       0x10 ./example/src/sysinit.o
 .debug_ranges  0x00000128      0x150 C:\dev\polden-vert\polden-vert-motorControl-lpc1758\lpc_board_nxp_lpcxpresso_1769\Debug\liblpc_board_nxp_lpcxpresso_1769.a(board.o)
 .debug_ranges  0x00000278       0x28 C:\dev\polden-vert\polden-vert-motorControl-lpc1758\lpc_board_nxp_lpcxpresso_1769\Debug\liblpc_board_nxp_lpcxpresso_1769.a(board_sysinit.o)
 .debug_ranges  0x000002a0       0x28 C:\dev\polden-vert\polden-vert-motorControl-lpc1758\lpc_chip_175x_6x\Debug\liblpc_chip_175x_6x.a(chip_17xx_40xx.o)
 .debug_ranges  0x000002c8      0x110 C:\dev\polden-vert\polden-vert-motorControl-lpc1758\lpc_chip_175x_6x\Debug\liblpc_chip_175x_6x.a(clock_17xx_40xx.o)
 .debug_ranges  0x000003d8       0x20 C:\dev\polden-vert\polden-vert-motorControl-lpc1758\lpc_chip_175x_6x\Debug\liblpc_chip_175x_6x.a(iocon_17xx_40xx.o)
 .debug_ranges  0x000003f8       0x50 C:\dev\polden-vert\polden-vert-motorControl-lpc1758\lpc_chip_175x_6x\Debug\liblpc_chip_175x_6x.a(sysinit_17xx_40xx.o)
 .debug_ranges  0x00000448      0x118 C:\dev\polden-vert\polden-vert-motorControl-lpc1758\lpc_chip_175x_6x\Debug\liblpc_chip_175x_6x.a(uart_17xx_40xx.o)
 .debug_ranges  0x00000560      0x108 C:\dev\polden-vert\polden-vert-motorControl-lpc1758\lpc_chip_175x_6x\libs\libusbd_175x_6x_lib.a(hw_usbd_ip3503.o)
 .debug_ranges  0x00000668       0x38 C:\dev\polden-vert\polden-vert-motorControl-lpc1758\lpc_chip_175x_6x\libs\libusbd_175x_6x_lib.a(mw_usbd_cdcuser.o)
 .debug_ranges  0x000006a0       0xe0 C:\dev\polden-vert\polden-vert-motorControl-lpc1758\lpc_chip_175x_6x\libs\libusbd_175x_6x_lib.a(mw_usbd_core.o)

.debug_frame    0x00000000     0x1c94
 .debug_frame   0x00000000       0xe0 ./example/src/cdc_main.o
 .debug_frame   0x000000e0      0x208 ./example/src/cdc_uart.o
 .debug_frame   0x000002e8      0x170 ./example/src/cr_startup_lpc175x_6x.o
 .debug_frame   0x00000458       0x34 ./example/src/sysinit.o
 .debug_frame   0x0000048c      0x5d4 C:\dev\polden-vert\polden-vert-motorControl-lpc1758\lpc_board_nxp_lpcxpresso_1769\Debug\liblpc_board_nxp_lpcxpresso_1769.a(board.o)
 .debug_frame   0x00000a60       0x8c C:\dev\polden-vert\polden-vert-motorControl-lpc1758\lpc_board_nxp_lpcxpresso_1769\Debug\liblpc_board_nxp_lpcxpresso_1769.a(board_sysinit.o)
 .debug_frame   0x00000aec       0x88 C:\dev\polden-vert\polden-vert-motorControl-lpc1758\lpc_chip_175x_6x\Debug\liblpc_chip_175x_6x.a(chip_17xx_40xx.o)
 .debug_frame   0x00000b74      0x490 C:\dev\polden-vert\polden-vert-motorControl-lpc1758\lpc_chip_175x_6x\Debug\liblpc_chip_175x_6x.a(clock_17xx_40xx.o)
 .debug_frame   0x00001004       0x80 C:\dev\polden-vert\polden-vert-motorControl-lpc1758\lpc_chip_175x_6x\Debug\liblpc_chip_175x_6x.a(iocon_17xx_40xx.o)
 .debug_frame   0x00001084      0x12c C:\dev\polden-vert\polden-vert-motorControl-lpc1758\lpc_chip_175x_6x\Debug\liblpc_chip_175x_6x.a(sysinit_17xx_40xx.o)
 .debug_frame   0x000011b0      0x538 C:\dev\polden-vert\polden-vert-motorControl-lpc1758\lpc_chip_175x_6x\Debug\liblpc_chip_175x_6x.a(uart_17xx_40xx.o)
 .debug_frame   0x000016e8      0x2cc C:\dev\polden-vert\polden-vert-motorControl-lpc1758\lpc_chip_175x_6x\libs\libusbd_175x_6x_lib.a(hw_usbd_ip3503.o)
 .debug_frame   0x000019b4       0xac C:\dev\polden-vert\polden-vert-motorControl-lpc1758\lpc_chip_175x_6x\libs\libusbd_175x_6x_lib.a(mw_usbd_cdcuser.o)
 .debug_frame   0x00001a60      0x234 C:\dev\polden-vert\polden-vert-motorControl-lpc1758\lpc_chip_175x_6x\libs\libusbd_175x_6x_lib.a(mw_usbd_core.o)

.debug_loc      0x00000000     0x28d1
 .debug_loc     0x00000000      0xf0b C:\dev\polden-vert\polden-vert-motorControl-lpc1758\lpc_chip_175x_6x\libs\libusbd_175x_6x_lib.a(hw_usbd_ip3503.o)
 .debug_loc     0x00000f0b      0xb98 C:\dev\polden-vert\polden-vert-motorControl-lpc1758\lpc_chip_175x_6x\libs\libusbd_175x_6x_lib.a(mw_usbd_cdcuser.o)
 .debug_loc     0x00001aa3      0xe2e C:\dev\polden-vert\polden-vert-motorControl-lpc1758\lpc_chip_175x_6x\libs\libusbd_175x_6x_lib.a(mw_usbd_core.o)
