Archive member included to satisfy reference by file (symbol)

C:\dev\polden-vert\polden-vert-motorControl-lpc1758\lpc_board_nxp_lpcxpresso_1769\Debug\liblpc_board_nxp_lpcxpresso_1769.a(board.o)
                              ./example/src/composite_main.o (Board_Init)
C:\dev\polden-vert\polden-vert-motorControl-lpc1758\lpc_board_nxp_lpcxpresso_1769\Debug\liblpc_board_nxp_lpcxpresso_1769.a(board_sysinit.o)
                              ./example/src/sysinit.o (Board_SystemInit)
C:\dev\polden-vert\polden-vert-motorControl-lpc1758\lpc_chip_175x_6x\Debug\liblpc_chip_175x_6x.a(chip_17xx_40xx.o)
                              ./example/src/composite_main.o (SystemCoreClockUpdate)
C:\dev\polden-vert\polden-vert-motorControl-lpc1758\lpc_chip_175x_6x\Debug\liblpc_chip_175x_6x.a(clock_17xx_40xx.o)
                              C:\dev\polden-vert\polden-vert-motorControl-lpc1758\lpc_chip_175x_6x\Debug\liblpc_chip_175x_6x.a(chip_17xx_40xx.o) (Chip_Clock_EnablePLL)
C:\dev\polden-vert\polden-vert-motorControl-lpc1758\lpc_chip_175x_6x\Debug\liblpc_chip_175x_6x.a(i2s_17xx_40xx.o)
                              C:\dev\polden-vert\polden-vert-motorControl-lpc1758\lpc_board_nxp_lpcxpresso_1769\Debug\liblpc_board_nxp_lpcxpresso_1769.a(board.o) (Chip_I2S_Init)
C:\dev\polden-vert\polden-vert-motorControl-lpc1758\lpc_chip_175x_6x\Debug\liblpc_chip_175x_6x.a(iocon_17xx_40xx.o)
                              C:\dev\polden-vert\polden-vert-motorControl-lpc1758\lpc_board_nxp_lpcxpresso_1769\Debug\liblpc_board_nxp_lpcxpresso_1769.a(board.o) (Chip_IOCON_PinMux)
C:\dev\polden-vert\polden-vert-motorControl-lpc1758\lpc_chip_175x_6x\Debug\liblpc_chip_175x_6x.a(sysinit_17xx_40xx.o)
                              C:\dev\polden-vert\polden-vert-motorControl-lpc1758\lpc_board_nxp_lpcxpresso_1769\Debug\liblpc_board_nxp_lpcxpresso_1769.a(board_sysinit.o) (Chip_SetupXtalClocking)
C:\dev\polden-vert\polden-vert-motorControl-lpc1758\lpc_chip_175x_6x\Debug\liblpc_chip_175x_6x.a(uart_17xx_40xx.o)
                              C:\dev\polden-vert\polden-vert-motorControl-lpc1758\lpc_board_nxp_lpcxpresso_1769\Debug\liblpc_board_nxp_lpcxpresso_1769.a(board.o) (Chip_UART_Init)
C:\dev\polden-vert\polden-vert-motorControl-lpc1758\lpc_chip_175x_6x\Debug\liblpc_chip_175x_6x.a(ring_buffer.o)
                              C:\dev\polden-vert\polden-vert-motorControl-lpc1758\lpc_chip_175x_6x\Debug\liblpc_chip_175x_6x.a(uart_17xx_40xx.o) (RingBuffer_Insert)
C:\dev\polden-vert\polden-vert-motorControl-lpc1758\lpc_chip_175x_6x\libs\libusbd_175x_6x_lib.a(mw_usbd_rom_api.o)
                              ./example/src/composite_main.o (cdc_api)
C:\dev\polden-vert\polden-vert-motorControl-lpc1758\lpc_chip_175x_6x\libs\libusbd_175x_6x_lib.a(hw_usbd_ip3503.o)
                              C:\dev\polden-vert\polden-vert-motorControl-lpc1758\lpc_chip_175x_6x\libs\libusbd_175x_6x_lib.a(mw_usbd_rom_api.o) (hwUSB_GetMemSize)
C:\dev\polden-vert\polden-vert-motorControl-lpc1758\lpc_chip_175x_6x\libs\libusbd_175x_6x_lib.a(mw_usbd_cdcuser.o)
                              C:\dev\polden-vert\polden-vert-motorControl-lpc1758\lpc_chip_175x_6x\libs\libusbd_175x_6x_lib.a(mw_usbd_rom_api.o) (mwCDC_SendNotification)
C:\dev\polden-vert\polden-vert-motorControl-lpc1758\lpc_chip_175x_6x\libs\libusbd_175x_6x_lib.a(mw_usbd_core.o)
                              C:\dev\polden-vert\polden-vert-motorControl-lpc1758\lpc_chip_175x_6x\libs\libusbd_175x_6x_lib.a(mw_usbd_rom_api.o) (mwUSB_SetupStage)
C:\dev\polden-vert\polden-vert-motorControl-lpc1758\lpc_chip_175x_6x\libs\libusbd_175x_6x_lib.a(mw_usbd_dfuuser.o)
                              C:\dev\polden-vert\polden-vert-motorControl-lpc1758\lpc_chip_175x_6x\libs\libusbd_175x_6x_lib.a(mw_usbd_rom_api.o) (mwDFU_GetMemSize)
C:\dev\polden-vert\polden-vert-motorControl-lpc1758\lpc_chip_175x_6x\libs\libusbd_175x_6x_lib.a(mw_usbd_hiduser.o)
                              C:\dev\polden-vert\polden-vert-motorControl-lpc1758\lpc_chip_175x_6x\libs\libusbd_175x_6x_lib.a(mw_usbd_rom_api.o) (mwHID_GetMemSize)
C:\dev\polden-vert\polden-vert-motorControl-lpc1758\lpc_chip_175x_6x\libs\libusbd_175x_6x_lib.a(mw_usbd_mscuser.o)
                              C:\dev\polden-vert\polden-vert-motorControl-lpc1758\lpc_chip_175x_6x\libs\libusbd_175x_6x_lib.a(mw_usbd_rom_api.o) (mwMSC_GetMemSize)
c:/nxp/lpcxpresso_8.2.0_647/lpcxpresso/tools/bin/../lib/gcc/arm-none-eabi/5.3.1/../../../../arm-none-eabi/lib/armv7-m\libcr_nohost.a(_cr__main.o)
                              ./example/src/cr_startup_lpc175x_6x.o (__main)
c:/nxp/lpcxpresso_8.2.0_647/lpcxpresso/tools/bin/../lib/gcc/arm-none-eabi/5.3.1/../../../../arm-none-eabi/lib/armv7-m\libcr_c.a(memcpy.o)
                              ./example/src/cdc_vcom.o (memcpy)
c:/nxp/lpcxpresso_8.2.0_647/lpcxpresso/tools/bin/../lib/gcc/arm-none-eabi/5.3.1/../../../../arm-none-eabi/lib/armv7-m\libcr_c.a(memset.o)
                              ./example/src/cdc_vcom.o (memset)
[...]
Memory Configuration

Name             Origin             Length             Attributes
MFlash512        0x00000000         0x00080000         xr
RamLoc32         0x10000000         0x00008000         xrw
RamAHB32         0x2007c000         0x00008000         xrw
*default*        0x00000000         0xffffffff

Linker script and memory map

LOAD ./example/src/cdc_vcom.o
LOAD ./example/src/composite_desc.o
LOAD ./example/src/composite_main.o
LOAD ./example/src/cr_startup_lpc175x_6x.o
LOAD ./example/src/hid_mouse.o
LOAD ./example/src/sysinit.o
LOAD C:\dev\polden-vert\polden-vert-motorControl-lpc1758\lpc_board_nxp_lpcxpresso_1769\Debug\liblpc_board_nxp_lpcxpresso_1769.a
LOAD C:\dev\polden-vert\polden-vert-motorControl-lpc1758\lpc_chip_175x_6x\Debug\liblpc_chip_175x_6x.a
LOAD C:\dev\polden-vert\polden-vert-motorControl-lpc1758\lpc_chip_175x_6x\libs\libusbd_175x_6x_lib.a
START GROUP
LOAD c:/nxp/lpcxpresso_8.2.0_647/lpcxpresso/tools/bin/../lib/gcc/arm-none-eabi/5.3.1/../../../../arm-none-eabi/lib/armv7-m\libcr_nohost.a
LOAD c:/nxp/lpcxpresso_8.2.0_647/lpcxpresso/tools/bin/../lib/gcc/arm-none-eabi/5.3.1/../../../../arm-none-eabi/lib/armv7-m\libcr_c.a
LOAD c:/nxp/lpcxpresso_8.2.0_647/lpcxpresso/tools/bin/../lib/gcc/arm-none-eabi/5.3.1/armv7-m\libcr_eabihelpers.a
END GROUP
                0x00000000                __base_MFlash512 = 0x0
                0x00000000                __base_Flash = 0x0
                0x00080000                __top_MFlash512 = 0x80000
                0x00080000                __top_Flash = 0x80000
                0x10000000                __base_RamLoc32 = 0x10000000
                0x10000000                __base_RAM = 0x10000000
                0x10008000                __top_RamLoc32 = 0x10008000
                0x10008000                __top_RAM = 0x10008000
                0x2007c000                __base_RamAHB32 = 0x2007c000
                0x2007c000                __base_RAM2 = 0x2007c000
                0x20084000                __top_RamAHB32 = 0x20084000
                0x20084000                __top_RAM2 = 0x20084000

.text           0x00000000     0x374c
 FILL mask 0xff
                0x00000000                __vectors_start__ = ABSOLUTE (.)
 *(.isr_vector)
 .isr_vector    0x00000000       0xcc ./example/src/cr_startup_lpc175x_6x.o
                0x00000000                g_pfnVectors
                0x000000cc                . = ALIGN (0x4)
                0x000000cc                __section_table_start = .
                0x000000cc                __data_section_table = .
                0x000000cc        0x4 LONG 0x374c LOADADDR (.data)
                0x000000d0        0x4 LONG 0x10000000 ADDR (.data)
                0x000000d4        0x4 LONG 0x6c SIZEOF (.data)
                0x000000d8        0x4 LONG 0x374c LOADADDR (.data_RAM2)
                0x000000dc        0x4 LONG 0x2007c000 ADDR (.data_RAM2)
                0x000000e0        0x4 LONG 0x0 SIZEOF (.data_RAM2)
                0x000000e4                __data_section_table_end = .
                0x000000e4                __bss_section_table = .
                0x000000e4        0x4 LONG 0x1000006c ADDR (.bss)
                0x000000e8        0x4 LONG 0x274 SIZEOF (.bss)
                0x000000ec        0x4 LONG 0x2007c000 ADDR (.bss_RAM2)
                0x000000f0        0x4 LONG 0x0 SIZEOF (.bss_RAM2)
                0x000000f4                __bss_section_table_end = .
                0x000000f4                __section_table_end = .
 *(.after_vectors*)
 .after_vectors
                0x000000f4      0x144 ./example/src/cr_startup_lpc175x_6x.o
                0x000000f4                data_init
                0x00000138                bss_init
                0x00000170                ResetISR
                0x000001e8                NMI_Handler
                0x000001f0                HardFault_Handler
                0x000001f8                MemManage_Handler
                0x00000200                BusFault_Handler
                0x00000208                UsageFault_Handler
                0x00000210                SVC_Handler
                0x00000218                DebugMon_Handler
                0x00000220                PendSV_Handler
                0x00000228                SysTick_Handler
                0x00000230                EINT3_IRQHandler
                0x00000230                CANActivity_IRQHandler
                0x00000230                TIMER3_IRQHandler
                0x00000230                UART0_IRQHandler
                0x00000230                UART1_IRQHandler
                0x00000230                EINT2_IRQHandler
                0x00000230                USBActivity_IRQHandler
                0x00000230                IntDefaultHandler
                0x00000230                PLL0_IRQHandler
                0x00000230                I2C0_IRQHandler
                0x00000230                I2C1_IRQHandler
                0x00000230                SSP0_IRQHandler
                0x00000230                I2S_IRQHandler
                0x00000230                I2C2_IRQHandler
                0x00000230                RTC_IRQHandler
                0x00000230                TIMER0_IRQHandler
                0x00000230                SPI_IRQHandler
                0x00000230                RIT_IRQHandler
                0x00000230                EINT1_IRQHandler
                0x00000230                TIMER1_IRQHandler
                0x00000230                UART2_IRQHandler
                0x00000230                ADC_IRQHandler
                0x00000230                SSP1_IRQHandler
                0x00000230                BOD_IRQHandler
                0x00000230                PLL1_IRQHandler
                0x00000230                WDT_IRQHandler
                0x00000230                PWM1_IRQHandler
                0x00000230                QEI_IRQHandler
                0x00000230                EINT0_IRQHandler
                0x00000230                ETH_IRQHandler
                0x00000230                CAN_IRQHandler
                0x00000230                DMA_IRQHandler
                0x00000230                TIMER2_IRQHandler
                0x00000230                UART3_IRQHandler
                0x00000230                MCPWM_IRQHandler
 *(.text*)
 .text.NVIC_EnableIRQ
                0x00000238       0x30 ./example/src/cdc_vcom.o
 .text.NVIC_DisableIRQ
                0x00000268       0x34 ./example/src/cdc_vcom.o
 .text.VCOM_bulk_in_hdlr
                0x0000029c       0x34 ./example/src/cdc_vcom.o
 .text.VCOM_bulk_out_hdlr
                0x000002d0       0xe8 ./example/src/cdc_vcom.o
 .text.VCOM_SetLineCode
                0x000003b8       0x28 ./example/src/cdc_vcom.o
 .text.vcom_init
                0x000003e0       0xec ./example/src/cdc_vcom.o
                0x000003e0                vcom_init
 .text.vcom_bread
                0x000004cc       0x8c ./example/src/cdc_vcom.o
                0x000004cc                vcom_bread
 .text.vcom_write
                0x00000558       0x74 ./example/src/cdc_vcom.o
                0x00000558                vcom_write
 .text.NVIC_EnableIRQ
                0x000005cc       0x30 ./example/src/composite_main.o
 .text.vcom_connected
                0x000005fc       0x1c ./example/src/composite_main.o
 .text.usb_pin_clk_init
                0x00000618       0x14 ./example/src/composite_main.o
 .text.USB_IRQHandler
                0x0000062c       0x20 ./example/src/composite_main.o
                0x0000062c                USB_IRQHandler
 .text.find_IntfDesc
                0x0000064c       0x5c ./example/src/composite_main.o
                0x0000064c                find_IntfDesc
 .text.main     0x000006a8      0x13c ./example/src/composite_main.o
                0x000006a8                main
 .text.USB_IsConfigured
                0x000007e4       0x28 ./example/src/hid_mouse.o
 .text.setXYMouseReport
                0x0000080c       0x2c ./example/src/hid_mouse.o
 .text.setLeftButtonMouseReport
                0x00000838       0x3c ./example/src/hid_mouse.o
 .text.Mouse_UpdateReport
                0x00000874       0xb4 ./example/src/hid_mouse.o
 .text.Mouse_GetReport
                0x00000928       0x48 ./example/src/hid_mouse.o
 .text.Mouse_SetReport
                0x00000970       0x38 ./example/src/hid_mouse.o
 .text.Mouse_EpIN_Hdlr
                0x000009a8       0x2c ./example/src/hid_mouse.o
 .text.Mouse_Init
                0x000009d4       0xbc ./example/src/hid_mouse.o
                0x000009d4                Mouse_Init
 .text.Mouse_Tasks
                0x00000a90       0x54 ./example/src/hid_mouse.o
                0x00000a90                Mouse_Tasks
 .text.SystemInit
                0x00000ae4       0x24 ./example/src/sysinit.o
                0x00000ae4                SystemInit
 .text.Chip_IOCON_Init
                0x00000b08       0x18 C:\dev\polden-vert\polden-vert-motorControl-lpc1758\lpc_board_nxp_lpcxpresso_1769\Debug\liblpc_board_nxp_lpcxpresso_1769.a(board.o)
 .text.Chip_GPIO_Init
                0x00000b20       0x18 C:\dev\polden-vert\polden-vert-motorControl-lpc1758\lpc_board_nxp_lpcxpresso_1769\Debug\liblpc_board_nxp_lpcxpresso_1769.a(board.o)
 .text.Chip_GPIO_GetPinState
                0x00000b38       0x38 C:\dev\polden-vert\polden-vert-motorControl-lpc1758\lpc_board_nxp_lpcxpresso_1769\Debug\liblpc_board_nxp_lpcxpresso_1769.a(board.o)
 .text.Chip_GPIO_SetPinDIROutput
                0x00000b70       0x38 C:\dev\polden-vert\polden-vert-motorControl-lpc1758\lpc_board_nxp_lpcxpresso_1769\Debug\liblpc_board_nxp_lpcxpresso_1769.a(board.o)
 .text.Chip_GPIO_SetPinDIRInput
                0x00000ba8       0x3c C:\dev\polden-vert\polden-vert-motorControl-lpc1758\lpc_board_nxp_lpcxpresso_1769\Debug\liblpc_board_nxp_lpcxpresso_1769.a(board.o)
 .text.Chip_GPIO_SetPinDIR
                0x00000be4       0x44 C:\dev\polden-vert\polden-vert-motorControl-lpc1758\lpc_board_nxp_lpcxpresso_1769\Debug\liblpc_board_nxp_lpcxpresso_1769.a(board.o)
 .text.Chip_GPIO_WriteDirBit
                0x00000c28       0x30 C:\dev\polden-vert\polden-vert-motorControl-lpc1758\lpc_board_nxp_lpcxpresso_1769\Debug\liblpc_board_nxp_lpcxpresso_1769.a(board.o)
 .text.Chip_UART_SendByte
                0x00000c58       0x1c C:\dev\polden-vert\polden-vert-motorControl-lpc1758\lpc_board_nxp_lpcxpresso_1769\Debug\liblpc_board_nxp_lpcxpresso_1769.a(board.o)
 .text.Chip_UART_ConfigData
                0x00000c74       0x1c C:\dev\polden-vert\polden-vert-motorControl-lpc1758\lpc_board_nxp_lpcxpresso_1769\Debug\liblpc_board_nxp_lpcxpresso_1769.a(board.o)
 .text.Chip_UART_ReadLineStatus
                0x00000c90       0x18 C:\dev\polden-vert\polden-vert-motorControl-lpc1758\lpc_board_nxp_lpcxpresso_1769\Debug\liblpc_board_nxp_lpcxpresso_1769.a(board.o)
 .text.__sys_write
                0x00000ca8       0x38 C:\dev\polden-vert\polden-vert-motorControl-lpc1758\lpc_board_nxp_lpcxpresso_1769\Debug\liblpc_board_nxp_lpcxpresso_1769.a(board.o)
                0x00000ca8                __sys_write
 .text.Board_LED_Init
                0x00000ce0       0x18 C:\dev\polden-vert\polden-vert-motorControl-lpc1758\lpc_board_nxp_lpcxpresso_1769\Debug\liblpc_board_nxp_lpcxpresso_1769.a(board.o)
 .text.Board_UART_Init
                0x00000cf8       0x14 C:\dev\polden-vert\polden-vert-motorControl-lpc1758\lpc_board_nxp_lpcxpresso_1769\Debug\liblpc_board_nxp_lpcxpresso_1769.a(board.o)
                0x00000cf8                Board_UART_Init
 .text.Board_Debug_Init
                0x00000d0c       0x30 C:\dev\polden-vert\polden-vert-motorControl-lpc1758\lpc_board_nxp_lpcxpresso_1769\Debug\liblpc_board_nxp_lpcxpresso_1769.a(board.o)
                0x00000d0c                Board_Debug_Init
 .text.Board_UARTPutChar
                0x00000d3c       0x34 C:\dev\polden-vert\polden-vert-motorControl-lpc1758\lpc_board_nxp_lpcxpresso_1769\Debug\liblpc_board_nxp_lpcxpresso_1769.a(board.o)
                0x00000d3c                Board_UARTPutChar
 .text.Board_Init
                0x00000d70       0x24 C:\dev\polden-vert\polden-vert-motorControl-lpc1758\lpc_board_nxp_lpcxpresso_1769\Debug\liblpc_board_nxp_lpcxpresso_1769.a(board.o)
                0x00000d70                Board_Init
 .text.Board_Joystick_Init
                0x00000d94       0x44 C:\dev\polden-vert\polden-vert-motorControl-lpc1758\lpc_board_nxp_lpcxpresso_1769\Debug\liblpc_board_nxp_lpcxpresso_1769.a(board.o)
                0x00000d94                Board_Joystick_Init
 .text.Joystick_GetStatus
                0x00000dd8       0x64 C:\dev\polden-vert\polden-vert-motorControl-lpc1758\lpc_board_nxp_lpcxpresso_1769\Debug\liblpc_board_nxp_lpcxpresso_1769.a(board.o)
                0x00000dd8                Joystick_GetStatus
 .text.Board_USBD_Init
                0x00000e3c       0x50 C:\dev\polden-vert\polden-vert-motorControl-lpc1758\lpc_board_nxp_lpcxpresso_1769\Debug\liblpc_board_nxp_lpcxpresso_1769.a(board.o)
                0x00000e3c                Board_USBD_Init
 .text.Chip_SYSCTL_SetFLASHAccess
                0x00000e8c       0x30 C:\dev\polden-vert\polden-vert-motorControl-lpc1758\lpc_board_nxp_lpcxpresso_1769\Debug\liblpc_board_nxp_lpcxpresso_1769.a(board_sysinit.o)
 .text.Board_SetupMuxing
                0x00000ebc       0x1c C:\dev\polden-vert\polden-vert-motorControl-lpc1758\lpc_board_nxp_lpcxpresso_1769\Debug\liblpc_board_nxp_lpcxpresso_1769.a(board_sysinit.o)
                0x00000ebc                Board_SetupMuxing
 .text.Board_SetupClocking
                0x00000ed8       0x14 C:\dev\polden-vert\polden-vert-motorControl-lpc1758\lpc_board_nxp_lpcxpresso_1769\Debug\liblpc_board_nxp_lpcxpresso_1769.a(board_sysinit.o)
                0x00000ed8                Board_SetupClocking
 .text.Board_SystemInit
                0x00000eec       0x10 C:\dev\polden-vert\polden-vert-motorControl-lpc1758\lpc_board_nxp_lpcxpresso_1769\Debug\liblpc_board_nxp_lpcxpresso_1769.a(board_sysinit.o)
                0x00000eec                Board_SystemInit
 .text.Chip_Clock_IsUSBPLLLocked
                0x00000efc       0x24 C:\dev\polden-vert\polden-vert-motorControl-lpc1758\lpc_chip_175x_6x\Debug\liblpc_chip_175x_6x.a(chip_17xx_40xx.o)
 .text.Chip_Clock_IsUSBPLLConnected
                0x00000f20       0x24 C:\dev\polden-vert\polden-vert-motorControl-lpc1758\lpc_chip_175x_6x\Debug\liblpc_chip_175x_6x.a(chip_17xx_40xx.o)
 .text.SystemCoreClockUpdate
                0x00000f44       0x18 C:\dev\polden-vert\polden-vert-motorControl-lpc1758\lpc_chip_175x_6x\Debug\liblpc_chip_175x_6x.a(chip_17xx_40xx.o)
                0x00000f44                SystemCoreClockUpdate
 .text.Chip_USB_Init
                0x00000f5c       0x4c C:\dev\polden-vert\polden-vert-motorControl-lpc1758\lpc_chip_175x_6x\Debug\liblpc_chip_175x_6x.a(chip_17xx_40xx.o)
                0x00000f5c                Chip_USB_Init
 .text.Chip_Clock_IsMainPLLEnabled
                0x00000fa8       0x24 C:\dev\polden-vert\polden-vert-motorControl-lpc1758\lpc_chip_175x_6x\Debug\liblpc_chip_175x_6x.a(clock_17xx_40xx.o)
 .text.Chip_Clock_IsMainPLLConnected
                0x00000fcc       0x24 C:\dev\polden-vert\polden-vert-motorControl-lpc1758\lpc_chip_175x_6x\Debug\liblpc_chip_175x_6x.a(clock_17xx_40xx.o)
 .text.Chip_Clock_FeedPLL
                0x00000ff0       0x34 C:\dev\polden-vert\polden-vert-motorControl-lpc1758\lpc_chip_175x_6x\Debug\liblpc_chip_175x_6x.a(clock_17xx_40xx.o)
 .text.Chip_Clock_GetMainPLLSource
                0x00001024       0x20 C:\dev\polden-vert\polden-vert-motorControl-lpc1758\lpc_chip_175x_6x\Debug\liblpc_chip_175x_6x.a(clock_17xx_40xx.o)
 .text.Chip_Clock_GetMainOscRate
                0x00001044       0x14 C:\dev\polden-vert\polden-vert-motorControl-lpc1758\lpc_chip_175x_6x\Debug\liblpc_chip_175x_6x.a(clock_17xx_40xx.o)
 .text.Chip_Clock_GetIntOscRate
                0x00001058       0x14 C:\dev\polden-vert\polden-vert-motorControl-lpc1758\lpc_chip_175x_6x\Debug\liblpc_chip_175x_6x.a(clock_17xx_40xx.o)
 .text.Chip_Clock_GetRTCOscRate
                0x0000106c       0x14 C:\dev\polden-vert\polden-vert-motorControl-lpc1758\lpc_chip_175x_6x\Debug\liblpc_chip_175x_6x.a(clock_17xx_40xx.o)
 .text.Chip_Clock_GetMainPLLInClockRate
                0x00001080       0x10 C:\dev\polden-vert\polden-vert-motorControl-lpc1758\lpc_chip_175x_6x\Debug\liblpc_chip_175x_6x.a(clock_17xx_40xx.o)
 .text.Chip_Clock_EnablePLL
                0x00001090       0x44 C:\dev\polden-vert\polden-vert-motorControl-lpc1758\lpc_chip_175x_6x\Debug\liblpc_chip_175x_6x.a(clock_17xx_40xx.o)
                0x00001090                Chip_Clock_EnablePLL
 .text.Chip_Clock_DisablePLL
                0x000010d4       0x48 C:\dev\polden-vert\polden-vert-motorControl-lpc1758\lpc_chip_175x_6x\Debug\liblpc_chip_175x_6x.a(clock_17xx_40xx.o)
                0x000010d4                Chip_Clock_DisablePLL
 .text.Chip_Clock_SetupPLL
                0x0000111c       0x5c C:\dev\polden-vert\polden-vert-motorControl-lpc1758\lpc_chip_175x_6x\Debug\liblpc_chip_175x_6x.a(clock_17xx_40xx.o)
                0x0000111c                Chip_Clock_SetupPLL
 .text.Chip_Clock_EnablePeriphClock
                0x00001178       0x34 C:\dev\polden-vert\polden-vert-motorControl-lpc1758\lpc_chip_175x_6x\Debug\liblpc_chip_175x_6x.a(clock_17xx_40xx.o)
                0x00001178                Chip_Clock_EnablePeriphClock
 .text.Chip_Clock_GetCPUClockSource
                0x000011ac       0x24 C:\dev\polden-vert\polden-vert-motorControl-lpc1758\lpc_chip_175x_6x\Debug\liblpc_chip_175x_6x.a(clock_17xx_40xx.o)
                0x000011ac                Chip_Clock_GetCPUClockSource
 .text.Chip_Clock_SetCPUClockDiv
                0x000011d0       0x20 C:\dev\polden-vert\polden-vert-motorControl-lpc1758\lpc_chip_175x_6x\Debug\liblpc_chip_175x_6x.a(clock_17xx_40xx.o)
                0x000011d0                Chip_Clock_SetCPUClockDiv
 .text.Chip_Clock_GetCPUClockDiv
                0x000011f0       0x1c C:\dev\polden-vert\polden-vert-motorControl-lpc1758\lpc_chip_175x_6x\Debug\liblpc_chip_175x_6x.a(clock_17xx_40xx.o)
                0x000011f0                Chip_Clock_GetCPUClockDiv
 .text.Chip_Clock_GetPCLKDiv
                0x0000120c       0x8c C:\dev\polden-vert\polden-vert-motorControl-lpc1758\lpc_chip_175x_6x\Debug\liblpc_chip_175x_6x.a(clock_17xx_40xx.o)
                0x0000120c                Chip_Clock_GetPCLKDiv
 .text.Chip_Clock_GetSYSCLKRate
                0x00001298       0x34 C:\dev\polden-vert\polden-vert-motorControl-lpc1758\lpc_chip_175x_6x\Debug\liblpc_chip_175x_6x.a(clock_17xx_40xx.o)
                0x00001298                Chip_Clock_GetSYSCLKRate
 .text.Chip_Clock_GetMainPLLOutClockRate
                0x000012cc       0x54 C:\dev\polden-vert\polden-vert-motorControl-lpc1758\lpc_chip_175x_6x\Debug\liblpc_chip_175x_6x.a(clock_17xx_40xx.o)
                0x000012cc                Chip_Clock_GetMainPLLOutClockRate
 .text.Chip_Clock_GetMainClockRate
                0x00001320       0x28 C:\dev\polden-vert\polden-vert-motorControl-lpc1758\lpc_chip_175x_6x\Debug\liblpc_chip_175x_6x.a(clock_17xx_40xx.o)
                0x00001320                Chip_Clock_GetMainClockRate
 .text.Chip_Clock_GetSystemClockRate
                0x00001348       0x18 C:\dev\polden-vert\polden-vert-motorControl-lpc1758\lpc_chip_175x_6x\Debug\liblpc_chip_175x_6x.a(clock_17xx_40xx.o)
                0x00001348                Chip_Clock_GetSystemClockRate
 .text.Chip_Clock_GetPeripheralClockRate
                0x00001360       0x28 C:\dev\polden-vert\polden-vert-motorControl-lpc1758\lpc_chip_175x_6x\Debug\liblpc_chip_175x_6x.a(clock_17xx_40xx.o)
                0x00001360                Chip_Clock_GetPeripheralClockRate
 .text.Chip_IOCON_PinMuxSet
                0x00001388       0x38 C:\dev\polden-vert\polden-vert-motorControl-lpc1758\lpc_chip_175x_6x\Debug\liblpc_chip_175x_6x.a(iocon_17xx_40xx.o)
                0x00001388                Chip_IOCON_PinMuxSet
 .text.Chip_IOCON_PinMux
                0x000013c0       0x94 C:\dev\polden-vert\polden-vert-motorControl-lpc1758\lpc_chip_175x_6x\Debug\liblpc_chip_175x_6x.a(iocon_17xx_40xx.o)
                0x000013c0                Chip_IOCON_PinMux
 .text.Chip_IOCON_SetPinMuxing
                0x00001454       0x64 C:\dev\polden-vert\polden-vert-motorControl-lpc1758\lpc_chip_175x_6x\Debug\liblpc_chip_175x_6x.a(iocon_17xx_40xx.o)
                0x00001454                Chip_IOCON_SetPinMuxing
 .text.Chip_Clock_IsMainPLLEnabled
                0x000014b8       0x24 C:\dev\polden-vert\polden-vert-motorControl-lpc1758\lpc_chip_175x_6x\Debug\liblpc_chip_175x_6x.a(sysinit_17xx_40xx.o)
 .text.Chip_Clock_IsMainPLLLocked
                0x000014dc       0x24 C:\dev\polden-vert\polden-vert-motorControl-lpc1758\lpc_chip_175x_6x\Debug\liblpc_chip_175x_6x.a(sysinit_17xx_40xx.o)
 .text.Chip_Clock_IsMainPLLConnected
                0x00001500       0x24 C:\dev\polden-vert\polden-vert-motorControl-lpc1758\lpc_chip_175x_6x\Debug\liblpc_chip_175x_6x.a(sysinit_17xx_40xx.o)
 .text.Chip_Clock_EnableCrystal
                0x00001524       0x20 C:\dev\polden-vert\polden-vert-motorControl-lpc1758\lpc_chip_175x_6x\Debug\liblpc_chip_175x_6x.a(sysinit_17xx_40xx.o)
 .text.Chip_Clock_IsCrystalEnabled
                0x00001544       0x24 C:\dev\polden-vert\polden-vert-motorControl-lpc1758\lpc_chip_175x_6x\Debug\liblpc_chip_175x_6x.a(sysinit_17xx_40xx.o)
 .text.Chip_Clock_SetMainPLLSource
                0x00001568       0x20 C:\dev\polden-vert\polden-vert-motorControl-lpc1758\lpc_chip_175x_6x\Debug\liblpc_chip_175x_6x.a(sysinit_17xx_40xx.o)
 .text.Chip_SetupXtalClocking
                0x00001588       0x90 C:\dev\polden-vert\polden-vert-motorControl-lpc1758\lpc_chip_175x_6x\Debug\liblpc_chip_175x_6x.a(sysinit_17xx_40xx.o)
                0x00001588                Chip_SetupXtalClocking
 .text.Chip_UART_SetupFIFOS
                0x00001618       0x1c C:\dev\polden-vert\polden-vert-motorControl-lpc1758\lpc_chip_175x_6x\Debug\liblpc_chip_175x_6x.a(uart_17xx_40xx.o)
 .text.Chip_UART_ConfigData
                0x00001634       0x1c C:\dev\polden-vert\polden-vert-motorControl-lpc1758\lpc_chip_175x_6x\Debug\liblpc_chip_175x_6x.a(uart_17xx_40xx.o)
 .text.Chip_UART_EnableDivisorAccess
                0x00001650       0x20 C:\dev\polden-vert\polden-vert-motorControl-lpc1758\lpc_chip_175x_6x\Debug\liblpc_chip_175x_6x.a(uart_17xx_40xx.o)
 .text.Chip_UART_DisableDivisorAccess
                0x00001670       0x20 C:\dev\polden-vert\polden-vert-motorControl-lpc1758\lpc_chip_175x_6x\Debug\liblpc_chip_175x_6x.a(uart_17xx_40xx.o)
 .text.Chip_UART_SetDivisorLatches
                0x00001690       0x28 C:\dev\polden-vert\polden-vert-motorControl-lpc1758\lpc_chip_175x_6x\Debug\liblpc_chip_175x_6x.a(uart_17xx_40xx.o)
 .text.Chip_UART_GetClockIndex
                0x000016b8       0x50 C:\dev\polden-vert\polden-vert-motorControl-lpc1758\lpc_chip_175x_6x\Debug\liblpc_chip_175x_6x.a(uart_17xx_40xx.o)
 .text.Chip_UART_GetClkIndex
                0x00001708       0x50 C:\dev\polden-vert\polden-vert-motorControl-lpc1758\lpc_chip_175x_6x\Debug\liblpc_chip_175x_6x.a(uart_17xx_40xx.o)
 .text.Chip_UART_Init
                0x00001758       0x78 C:\dev\polden-vert\polden-vert-motorControl-lpc1758\lpc_chip_175x_6x\Debug\liblpc_chip_175x_6x.a(uart_17xx_40xx.o)
                0x00001758                Chip_UART_Init
 .text.Chip_UART_TXEnable
                0x000017d0       0x18 C:\dev\polden-vert\polden-vert-motorControl-lpc1758\lpc_chip_175x_6x\Debug\liblpc_chip_175x_6x.a(uart_17xx_40xx.o)
                0x000017d0                Chip_UART_TXEnable
 .text.Chip_UART_TXDisable
                0x000017e8       0x18 C:\dev\polden-vert\polden-vert-motorControl-lpc1758\lpc_chip_175x_6x\Debug\liblpc_chip_175x_6x.a(uart_17xx_40xx.o)
                0x000017e8                Chip_UART_TXDisable
 .text.Chip_UART_SetBaud
                0x00001800       0x64 C:\dev\polden-vert\polden-vert-motorControl-lpc1758\lpc_chip_175x_6x\Debug\liblpc_chip_175x_6x.a(uart_17xx_40xx.o)
                0x00001800                Chip_UART_SetBaud
 .text.EPAdr    0x00001864       0x10 C:\dev\polden-vert\polden-vert-motorControl-lpc1758\lpc_chip_175x_6x\libs\libusbd_175x_6x_lib.a(hw_usbd_ip3503.o)
                0x00001864                EPAdr
 .text.hwWrCmd  0x00001874       0x10 C:\dev\polden-vert\polden-vert-motorControl-lpc1758\lpc_chip_175x_6x\libs\libusbd_175x_6x_lib.a(hw_usbd_ip3503.o)
                0x00001874                hwWrCmd
 .text.hwWrCmdDat
                0x00001884       0x16 C:\dev\polden-vert\polden-vert-motorControl-lpc1758\lpc_chip_175x_6x\libs\libusbd_175x_6x_lib.a(hw_usbd_ip3503.o)
                0x00001884                hwWrCmdDat
 .text.hwWrCmdEP
                0x0000189a       0x24 C:\dev\polden-vert\polden-vert-motorControl-lpc1758\lpc_chip_175x_6x\libs\libusbd_175x_6x_lib.a(hw_usbd_ip3503.o)
                0x0000189a                hwWrCmdEP
 .text.hwRdCmdDat
                0x000018be       0x12 C:\dev\polden-vert\polden-vert-motorControl-lpc1758\lpc_chip_175x_6x\libs\libusbd_175x_6x_lib.a(hw_usbd_ip3503.o)
                0x000018be                hwRdCmdDat
 .text.hwUSB_GetMemSize
                0x000018d0        0x6 C:\dev\polden-vert\polden-vert-motorControl-lpc1758\lpc_chip_175x_6x\libs\libusbd_175x_6x_lib.a(hw_usbd_ip3503.o)
                0x000018d0                hwUSB_GetMemSize
 *fill*         0x000018d6        0x2 ff
 .text.hwUSB_Connect
                0x000018d8       0x1c C:\dev\polden-vert\polden-vert-motorControl-lpc1758\lpc_chip_175x_6x\libs\libusbd_175x_6x_lib.a(hw_usbd_ip3503.o)
                0x000018d8                hwUSB_Connect
 .text.hwUSB_Reset
                0x000018f4       0x30 C:\dev\polden-vert\polden-vert-motorControl-lpc1758\lpc_chip_175x_6x\libs\libusbd_175x_6x_lib.a(hw_usbd_ip3503.o)
                0x000018f4                hwUSB_Reset
 .text.hwUSB_WakeUp
                0x00001924       0x20 C:\dev\polden-vert\polden-vert-motorControl-lpc1758\lpc_chip_175x_6x\libs\libusbd_175x_6x_lib.a(hw_usbd_ip3503.o)
                0x00001924                hwUSB_WakeUp
 .text.hwUSB_WakeUpCfg
                0x00001944        0x2 C:\dev\polden-vert\polden-vert-motorControl-lpc1758\lpc_chip_175x_6x\libs\libusbd_175x_6x_lib.a(hw_usbd_ip3503.o)
                0x00001944                hwUSB_WakeUpCfg
 *fill*         0x00001946        0x2 ff
 .text.hwUSB_SetAddress
                0x00001948       0x30 C:\dev\polden-vert\polden-vert-motorControl-lpc1758\lpc_chip_175x_6x\libs\libusbd_175x_6x_lib.a(hw_usbd_ip3503.o)
                0x00001948                hwUSB_SetAddress
 .text.hwUSB_Init
                0x00001978       0x84 C:\dev\polden-vert\polden-vert-motorControl-lpc1758\lpc_chip_175x_6x\libs\libusbd_175x_6x_lib.a(hw_usbd_ip3503.o)
                0x00001978                hwUSB_Init
 .text.hwUSB_Configure
                0x000019fc       0x34 C:\dev\polden-vert\polden-vert-motorControl-lpc1758\lpc_chip_175x_6x\libs\libusbd_175x_6x_lib.a(hw_usbd_ip3503.o)
                0x000019fc                hwUSB_Configure
 .text.hwUSB_ConfigEP
                0x00001a30       0x32 C:\dev\polden-vert\polden-vert-motorControl-lpc1758\lpc_chip_175x_6x\libs\libusbd_175x_6x_lib.a(hw_usbd_ip3503.o)
                0x00001a30                hwUSB_ConfigEP
 .text.hwUSB_DirCtrlEP
                0x00001a62        0x2 C:\dev\polden-vert\polden-vert-motorControl-lpc1758\lpc_chip_175x_6x\libs\libusbd_175x_6x_lib.a(hw_usbd_ip3503.o)
                0x00001a62                hwUSB_DirCtrlEP
 .text.hwUSB_EnableEP
                0x00001a64       0x24 C:\dev\polden-vert\polden-vert-motorControl-lpc1758\lpc_chip_175x_6x\libs\libusbd_175x_6x_lib.a(hw_usbd_ip3503.o)
                0x00001a64                hwUSB_EnableEP
 .text.hwUSB_DisableEP
                0x00001a88       0x28 C:\dev\polden-vert\polden-vert-motorControl-lpc1758\lpc_chip_175x_6x\libs\libusbd_175x_6x_lib.a(hw_usbd_ip3503.o)
                0x00001a88                hwUSB_DisableEP
 .text.hwUSB_ResetEP
                0x00001ab0       0x24 C:\dev\polden-vert\polden-vert-motorControl-lpc1758\lpc_chip_175x_6x\libs\libusbd_175x_6x_lib.a(hw_usbd_ip3503.o)
                0x00001ab0                hwUSB_ResetEP
 .text.hwUSB_SetStallEP
                0x00001ad4       0x28 C:\dev\polden-vert\polden-vert-motorControl-lpc1758\lpc_chip_175x_6x\libs\libusbd_175x_6x_lib.a(hw_usbd_ip3503.o)
                0x00001ad4                hwUSB_SetStallEP
 .text.hwUSB_ClrStallEP
                0x00001afc       0x24 C:\dev\polden-vert\polden-vert-motorControl-lpc1758\lpc_chip_175x_6x\libs\libusbd_175x_6x_lib.a(hw_usbd_ip3503.o)
                0x00001afc                hwUSB_ClrStallEP
 .text.hwUSB_EnableEvent
                0x00001b20       0xd8 C:\dev\polden-vert\polden-vert-motorControl-lpc1758\lpc_chip_175x_6x\libs\libusbd_175x_6x_lib.a(hw_usbd_ip3503.o)
                0x00001b20                hwUSB_EnableEvent
 .text.hwUSB_ReadEP
                0x00001bf8       0x80 C:\dev\polden-vert\polden-vert-motorControl-lpc1758\lpc_chip_175x_6x\libs\libusbd_175x_6x_lib.a(hw_usbd_ip3503.o)
                0x00001bf8                hwUSB_ReadEP
 .text.hwUSB_ForceFullSpeed
                0x00001c78        0x2 C:\dev\polden-vert\polden-vert-motorControl-lpc1758\lpc_chip_175x_6x\libs\libusbd_175x_6x_lib.a(hw_usbd_ip3503.o)
                0x00001c78                hwUSB_ForceFullSpeed
 .text.hwUSB_SetTestMode
                0x00001c7a        0x4 C:\dev\polden-vert\polden-vert-motorControl-lpc1758\lpc_chip_175x_6x\libs\libusbd_175x_6x_lib.a(hw_usbd_ip3503.o)
                0x00001c7a                hwUSB_SetTestMode
 .text.hwUSB_ReadReqEP
                0x00001c7e        0x4 C:\dev\polden-vert\polden-vert-motorControl-lpc1758\lpc_chip_175x_6x\libs\libusbd_175x_6x_lib.a(hw_usbd_ip3503.o)
                0x00001c7e                hwUSB_ReadReqEP
 .text.hwUSB_ReadSetupPkt
                0x00001c82        0x4 C:\dev\polden-vert\polden-vert-motorControl-lpc1758\lpc_chip_175x_6x\libs\libusbd_175x_6x_lib.a(hw_usbd_ip3503.o)
                0x00001c82                hwUSB_ReadSetupPkt
 *fill*         0x00001c86        0x2 ff
 .text.hwUSB_WriteEP
                0x00001c88       0x44 C:\dev\polden-vert\polden-vert-motorControl-lpc1758\lpc_chip_175x_6x\libs\libusbd_175x_6x_lib.a(hw_usbd_ip3503.o)
                0x00001c88                hwUSB_WriteEP
 .text.hwUSB_ISR
                0x00001ccc      0x1a0 C:\dev\polden-vert\polden-vert-motorControl-lpc1758\lpc_chip_175x_6x\libs\libusbd_175x_6x_lib.a(hw_usbd_ip3503.o)
                0x00001ccc                hwUSB_ISR
 .text.mwCDC_SetRequest
                0x00001e6c       0x7c C:\dev\polden-vert\polden-vert-motorControl-lpc1758\lpc_chip_175x_6x\libs\libusbd_175x_6x_lib.a(mw_usbd_cdcuser.o)
                0x00001e6c                mwCDC_SetRequest
 .text.mwCDC_ep0_hdlr
                0x00001ee8       0xb0 C:\dev\polden-vert\polden-vert-motorControl-lpc1758\lpc_chip_175x_6x\libs\libusbd_175x_6x_lib.a(mw_usbd_cdcuser.o)
                0x00001ee8                mwCDC_ep0_hdlr
 .text.mwCDC_GetRequest
                0x00001f98       0x50 C:\dev\polden-vert\polden-vert-motorControl-lpc1758\lpc_chip_175x_6x\libs\libusbd_175x_6x_lib.a(mw_usbd_cdcuser.o)
                0x00001f98                mwCDC_GetRequest
 .text.mwCDC_SendNotification
                0x00001fe8       0x50 C:\dev\polden-vert\polden-vert-motorControl-lpc1758\lpc_chip_175x_6x\libs\libusbd_175x_6x_lib.a(mw_usbd_cdcuser.o)
                0x00001fe8                mwCDC_SendNotification
 .text.mwCDC_GetMemSize
                0x00002038        0x4 C:\dev\polden-vert\polden-vert-motorControl-lpc1758\lpc_chip_175x_6x\libs\libusbd_175x_6x_lib.a(mw_usbd_cdcuser.o)
                0x00002038                mwCDC_GetMemSize
 .text.mwCDC_init
                0x0000203c      0x140 C:\dev\polden-vert\polden-vert-motorControl-lpc1758\lpc_chip_175x_6x\libs\libusbd_175x_6x_lib.a(mw_usbd_cdcuser.o)
                0x0000203c                mwCDC_init
 .text.USB_ReqGetConfiguration
                0x0000217c       0x20 C:\dev\polden-vert\polden-vert-motorControl-lpc1758\lpc_chip_175x_6x\libs\libusbd_175x_6x_lib.a(mw_usbd_core.o)
                0x0000217c                USB_ReqGetConfiguration
 .text.USBD_virt_to_phys
                0x0000219c        0x2 C:\dev\polden-vert\polden-vert-motorControl-lpc1758\lpc_chip_175x_6x\libs\libusbd_175x_6x_lib.a(mw_usbd_core.o)
                0x0000219c                USBD_virt_to_phys
 .text.USBD_cache_flush
                0x0000219e        0x2 C:\dev\polden-vert\polden-vert-motorControl-lpc1758\lpc_chip_175x_6x\libs\libusbd_175x_6x_lib.a(mw_usbd_core.o)
                0x0000219e                USBD_cache_flush
 .text.USB_ReqGetStatus
                0x000021a0       0x8c C:\dev\polden-vert\polden-vert-motorControl-lpc1758\lpc_chip_175x_6x\libs\libusbd_175x_6x_lib.a(mw_usbd_core.o)
                0x000021a0                USB_ReqGetStatus
 .text.USB_ReqGetDescriptor
                0x0000222c       0x84 C:\dev\polden-vert\polden-vert-motorControl-lpc1758\lpc_chip_175x_6x\libs\libusbd_175x_6x_lib.a(mw_usbd_core.o)
                0x0000222c                USB_ReqGetDescriptor
 .text.USB_ReqGetInterface
                0x000022b0       0x34 C:\dev\polden-vert\polden-vert-motorControl-lpc1758\lpc_chip_175x_6x\libs\libusbd_175x_6x_lib.a(mw_usbd_core.o)
                0x000022b0                USB_ReqGetInterface
 .text.USB_ReqSetClrFeature
                0x000022e4       0xb4 C:\dev\polden-vert\polden-vert-motorControl-lpc1758\lpc_chip_175x_6x\libs\libusbd_175x_6x_lib.a(mw_usbd_core.o)
                0x000022e4                USB_ReqSetClrFeature
 .text.USB_ReqSetConfiguration
                0x00002398      0x194 C:\dev\polden-vert\polden-vert-motorControl-lpc1758\lpc_chip_175x_6x\libs\libusbd_175x_6x_lib.a(mw_usbd_core.o)
                0x00002398                USB_ReqSetConfiguration
 .text.USB_ReqSetInterface
                0x0000252c      0x144 C:\dev\polden-vert\polden-vert-motorControl-lpc1758\lpc_chip_175x_6x\libs\libusbd_175x_6x_lib.a(mw_usbd_core.o)
                0x0000252c                USB_ReqSetInterface
 .text.mwUSB_SetupStage
                0x00002670        0xa C:\dev\polden-vert\polden-vert-motorControl-lpc1758\lpc_chip_175x_6x\libs\libusbd_175x_6x_lib.a(mw_usbd_core.o)
                0x00002670                mwUSB_SetupStage
 .text.mwUSB_DataInStage
                0x0000267a       0x2e C:\dev\polden-vert\polden-vert-motorControl-lpc1758\lpc_chip_175x_6x\libs\libusbd_175x_6x_lib.a(mw_usbd_core.o)
                0x0000267a                mwUSB_DataInStage
 .text.mwUSB_DataOutStage
                0x000026a8       0x24 C:\dev\polden-vert\polden-vert-motorControl-lpc1758\lpc_chip_175x_6x\libs\libusbd_175x_6x_lib.a(mw_usbd_core.o)
                0x000026a8                mwUSB_DataOutStage
 .text.mwUSB_StatusInStage
                0x000026cc        0xa C:\dev\polden-vert\polden-vert-motorControl-lpc1758\lpc_chip_175x_6x\libs\libusbd_175x_6x_lib.a(mw_usbd_core.o)
                0x000026cc                mwUSB_StatusInStage
 .text.mwUSB_StatusOutStage
                0x000026d6        0xa C:\dev\polden-vert\polden-vert-motorControl-lpc1758\lpc_chip_175x_6x\libs\libusbd_175x_6x_lib.a(mw_usbd_core.o)
                0x000026d6                mwUSB_StatusOutStage
 .text.mwUSB_StallEp0
                0x000026e0       0x12 C:\dev\polden-vert\polden-vert-motorControl-lpc1758\lpc_chip_175x_6x\libs\libusbd_175x_6x_lib.a(mw_usbd_core.o)
                0x000026e0                mwUSB_StallEp0
 *fill*         0x000026f2        0x2 ff
 .text.USB_ReqSetAddress
                0x000026f4       0x24 C:\dev\polden-vert\polden-vert-motorControl-lpc1758\lpc_chip_175x_6x\libs\libusbd_175x_6x_lib.a(mw_usbd_core.o)
                0x000026f4                USB_ReqSetAddress
 .text.USB_InvokeEp0Hdlrs
                0x00002718       0x44 C:\dev\polden-vert\polden-vert-motorControl-lpc1758\lpc_chip_175x_6x\libs\libusbd_175x_6x_lib.a(mw_usbd_core.o)
                0x00002718                USB_InvokeEp0Hdlrs
 .text.mwUSB_ResetCore
                0x0000275c       0x26 C:\dev\polden-vert\polden-vert-motorControl-lpc1758\lpc_chip_175x_6x\libs\libusbd_175x_6x_lib.a(mw_usbd_core.o)
                0x0000275c                mwUSB_ResetCore
 *fill*         0x00002782        0x2 ff
 .text.USB_EvtSetupHandler
                0x00002784      0x108 C:\dev\polden-vert\polden-vert-motorControl-lpc1758\lpc_chip_175x_6x\libs\libusbd_175x_6x_lib.a(mw_usbd_core.o)
                0x00002784                USB_EvtSetupHandler
 .text.USB_EvtOutHandler
                0x0000288c       0x68 C:\dev\polden-vert\polden-vert-motorControl-lpc1758\lpc_chip_175x_6x\libs\libusbd_175x_6x_lib.a(mw_usbd_core.o)
                0x0000288c                USB_EvtOutHandler
 .text.USB_EndPoint0
                0x000028f4       0x94 C:\dev\polden-vert\polden-vert-motorControl-lpc1758\lpc_chip_175x_6x\libs\libusbd_175x_6x_lib.a(mw_usbd_core.o)
                0x000028f4                USB_EndPoint0
 .text.mwUSB_InitCore
                0x00002988       0xdc C:\dev\polden-vert\polden-vert-motorControl-lpc1758\lpc_chip_175x_6x\libs\libusbd_175x_6x_lib.a(mw_usbd_core.o)
                0x00002988                mwUSB_InitCore
 .text.mwUSB_RegisterClassHandler
                0x00002a64       0x28 C:\dev\polden-vert\polden-vert-motorControl-lpc1758\lpc_chip_175x_6x\libs\libusbd_175x_6x_lib.a(mw_usbd_core.o)
                0x00002a64                mwUSB_RegisterClassHandler
 .text.mwUSB_RegisterEpHandler
                0x00002a8c       0x24 C:\dev\polden-vert\polden-vert-motorControl-lpc1758\lpc_chip_175x_6x\libs\libusbd_175x_6x_lib.a(mw_usbd_core.o)
                0x00002a8c                mwUSB_RegisterEpHandler
 .text.mwHID_GetReportDesc
                0x00002ab0       0x1c C:\dev\polden-vert\polden-vert-motorControl-lpc1758\lpc_chip_175x_6x\libs\libusbd_175x_6x_lib.a(mw_usbd_hiduser.o)
                0x00002ab0                mwHID_GetReportDesc
 .text.mwHID_GetIdle
                0x00002acc       0x16 C:\dev\polden-vert\polden-vert-motorControl-lpc1758\lpc_chip_175x_6x\libs\libusbd_175x_6x_lib.a(mw_usbd_hiduser.o)
                0x00002acc                mwHID_GetIdle
 .text.mwHID_SetIdle
                0x00002ae2       0x24 C:\dev\polden-vert\polden-vert-motorControl-lpc1758\lpc_chip_175x_6x\libs\libusbd_175x_6x_lib.a(mw_usbd_hiduser.o)
                0x00002ae2                mwHID_SetIdle
 .text.mwHID_SetProtocol
                0x00002b06       0x1a C:\dev\polden-vert\polden-vert-motorControl-lpc1758\lpc_chip_175x_6x\libs\libusbd_175x_6x_lib.a(mw_usbd_hiduser.o)
                0x00002b06                mwHID_SetProtocol
 .text.mwHID_ep0_hdlr
                0x00002b20      0x188 C:\dev\polden-vert\polden-vert-motorControl-lpc1758\lpc_chip_175x_6x\libs\libusbd_175x_6x_lib.a(mw_usbd_hiduser.o)
                0x00002b20                mwHID_ep0_hdlr
 .text.mwHID_GetMemSize
                0x00002ca8        0x8 C:\dev\polden-vert\polden-vert-motorControl-lpc1758\lpc_chip_175x_6x\libs\libusbd_175x_6x_lib.a(mw_usbd_hiduser.o)
                0x00002ca8                mwHID_GetMemSize
 .text.mwHID_init
                0x00002cb0      0x174 C:\dev\polden-vert\polden-vert-motorControl-lpc1758\lpc_chip_175x_6x\libs\libusbd_175x_6x_lib.a(mw_usbd_hiduser.o)
                0x00002cb0                mwHID_init
 .text.__main   0x00002e24       0x14 c:/nxp/lpcxpresso_8.2.0_647/lpcxpresso/tools/bin/../lib/gcc/arm-none-eabi/5.3.1/../../../../arm-none-eabi/lib/armv7-m\libcr_nohost.a(_cr__main.o)
                0x00002e24                __main
 .text.memcpy   0x00002e38        0x4 c:/nxp/lpcxpresso_8.2.0_647/lpcxpresso/tools/bin/../lib/gcc/arm-none-eabi/5.3.1/../../../../arm-none-eabi/lib/armv7-m\libcr_c.a(memcpy.o)
                0x00002e38                memcpy
 .text.memset   0x00002e3c        0x4 c:/nxp/lpcxpresso_8.2.0_647/lpcxpresso/tools/bin/../lib/gcc/arm-none-eabi/5.3.1/../../../../arm-none-eabi/lib/armv7-m\libcr_c.a(memset.o)
                0x00002e3c                memset
 .text._initio  0x00002e40       0xa4 c:/nxp/lpcxpresso_8.2.0_647/lpcxpresso/tools/bin/../lib/gcc/arm-none-eabi/5.3.1/../../../../arm-none-eabi/lib/armv7-m\libcr_c.a(initio.o)
                0x00002e40                _initio
 .text.setvbuf  0x00002ee4       0x40 c:/nxp/lpcxpresso_8.2.0_647/lpcxpresso/tools/bin/../lib/gcc/arm-none-eabi/5.3.1/../../../../arm-none-eabi/lib/armv7-m\libcr_c.a(setvbuf.o)
                0x00002ee4                setvbuf
 .text._deferredlazyseek
                0x00002f24       0x44 c:/nxp/lpcxpresso_8.2.0_647/lpcxpresso/tools/bin/../lib/gcc/arm-none-eabi/5.3.1/../../../../arm-none-eabi/lib/armv7-m\libcr_c.a(_deferredlazyseek.o)
                0x00002f24                _deferredlazyseek
 .text._fdopen  0x00002f68       0x6a c:/nxp/lpcxpresso_8.2.0_647/lpcxpresso/tools/bin/../lib/gcc/arm-none-eabi/5.3.1/../../../../arm-none-eabi/lib/armv7-m\libcr_c.a(_fdopen.o)
                0x00002f68                _fdopen
 .text._fflush  0x00002fd2       0x58 c:/nxp/lpcxpresso_8.2.0_647/lpcxpresso/tools/bin/../lib/gcc/arm-none-eabi/5.3.1/../../../../arm-none-eabi/lib/armv7-m\libcr_c.a(_fflush.o)
                0x00002fd2                _fflush
 *fill*         0x0000302a        0x2 ff
 .text._Cwritebuf
                0x0000302c       0x68 c:/nxp/lpcxpresso_8.2.0_647/lpcxpresso/tools/bin/../lib/gcc/arm-none-eabi/5.3.1/../../../../arm-none-eabi/lib/armv7-m\libcr_c.a(_writebuf.o)
                0x0000302c                _Cwritebuf
 .text.malloc   0x00003094       0xc8 c:/nxp/lpcxpresso_8.2.0_647/lpcxpresso/tools/bin/../lib/gcc/arm-none-eabi/5.3.1/../../../../arm-none-eabi/lib/armv7-m\libcr_c.a(alloc.o)
                0x00003094                malloc
 .text.free     0x0000315c       0x30 c:/nxp/lpcxpresso_8.2.0_647/lpcxpresso/tools/bin/../lib/gcc/arm-none-eabi/5.3.1/../../../../arm-none-eabi/lib/armv7-m\libcr_c.a(alloc.o)
                0x0000315c                free
 .text._Csys_alloc
                0x0000318c       0x20 c:/nxp/lpcxpresso_8.2.0_647/lpcxpresso/tools/bin/../lib/gcc/arm-none-eabi/5.3.1/../../../../arm-none-eabi/lib/armv7-m\libcr_c.a(alloc.o)
                0x0000318c                _Csys_alloc
 .text.fclose   0x000031ac       0x6c c:/nxp/lpcxpresso_8.2.0_647/lpcxpresso/tools/bin/../lib/gcc/arm-none-eabi/5.3.1/../../../../arm-none-eabi/lib/armv7-m\libcr_c.a(fclose.o)
                0x000031ac                fclose
 .text.fflush   0x00003218       0x30 c:/nxp/lpcxpresso_8.2.0_647/lpcxpresso/tools/bin/../lib/gcc/arm-none-eabi/5.3.1/../../../../arm-none-eabi/lib/armv7-m\libcr_c.a(fflush.o)
                0x00003218                fflush
 .text.fseek    0x00003248      0x110 c:/nxp/lpcxpresso_8.2.0_647/lpcxpresso/tools/bin/../lib/gcc/arm-none-eabi/5.3.1/../../../../arm-none-eabi/lib/armv7-m\libcr_c.a(fseek.o)
                0x00003248                fseek
 .text.ftell    0x00003358       0x4c c:/nxp/lpcxpresso_8.2.0_647/lpcxpresso/tools/bin/../lib/gcc/arm-none-eabi/5.3.1/../../../../arm-none-eabi/lib/armv7-m\libcr_c.a(ftell.o)
                0x00003358                ftell
 .text.remove   0x000033a4       0x14 c:/nxp/lpcxpresso_8.2.0_647/lpcxpresso/tools/bin/../lib/gcc/arm-none-eabi/5.3.1/../../../../arm-none-eabi/lib/armv7-m\libcr_c.a(remove.o)
                0x000033a4                remove
 .text.strlen   0x000033b8       0x4a c:/nxp/lpcxpresso_8.2.0_647/lpcxpresso/tools/bin/../lib/gcc/arm-none-eabi/5.3.1/../../../../arm-none-eabi/lib/armv7-m\libcr_c.a(strlen.o)
                0x000033b8                strlen
 *fill*         0x00003402        0x2 ff
 .text._sbrk    0x00003404       0x40 c:/nxp/lpcxpresso_8.2.0_647/lpcxpresso/tools/bin/../lib/gcc/arm-none-eabi/5.3.1/../../../../arm-none-eabi/lib/armv7-m\libcr_c.a(_cr_sbrk.o)
                0x00003404                _sbrk
 .text._do_fflush
                0x00003444       0x44 c:/nxp/lpcxpresso_8.2.0_647/lpcxpresso/tools/bin/../lib/gcc/arm-none-eabi/5.3.1/../../../../arm-none-eabi/lib/armv7-m\libcr_c.a(_do_fflush.o)
                0x00003444                _do_fflush
 .text.__check_heap_overflow
                0x00003488       0x18 c:/nxp/lpcxpresso_8.2.0_647/lpcxpresso/tools/bin/../lib/gcc/arm-none-eabi/5.3.1/../../../../arm-none-eabi/lib/armv7-m\libcr_c.a(_cr_check_heap.o)
                0x00003488                __check_heap_overflow
 .text.__aeabi_memcpy
                0x000034a0       0x34 c:/nxp/lpcxpresso_8.2.0_647/lpcxpresso/tools/bin/../lib/gcc/arm-none-eabi/5.3.1/armv7-m\libcr_eabihelpers.a(memcpy.o)
                0x000034a0                __aeabi_memcpy
                0x000034aa                __aeabi_memcpy8
                0x000034aa                __aeabi_memcpy4
 .text.__aeabi_memset_lowlevel
                0x000034d4       0x32 c:/nxp/lpcxpresso_8.2.0_647/lpcxpresso/tools/bin/../lib/gcc/arm-none-eabi/5.3.1/armv7-m\libcr_eabihelpers.a(memcpy.o)
                0x000034d4                __aeabi_lowlevel_memset
 .text.__sys_appexit
                0x00003506        0x2 c:/nxp/lpcxpresso_8.2.0_647/lpcxpresso/tools/bin/../lib/gcc/arm-none-eabi/5.3.1/../../../../arm-none-eabi/lib/armv7-m\libcr_nohost.a(__sys_appexit.o)
                0x00003506                __sys_appexit
                0x00003506                __exit
 .text.__sys_close
                0x00003508        0x6 c:/nxp/lpcxpresso_8.2.0_647/lpcxpresso/tools/bin/../lib/gcc/arm-none-eabi/5.3.1/../../../../arm-none-eabi/lib/armv7-m\libcr_nohost.a(__sys_close.o)
                0x00003508                __sys_close
 .text.__sys_flen
                0x0000350e        0x6 c:/nxp/lpcxpresso_8.2.0_647/lpcxpresso/tools/bin/../lib/gcc/arm-none-eabi/5.3.1/../../../../arm-none-eabi/lib/armv7-m\libcr_nohost.a(__sys_flen.o)
                0x0000350e                __sys_flen
 .text.__sys_istty
                0x00003514        0x6 c:/nxp/lpcxpresso_8.2.0_647/lpcxpresso/tools/bin/../lib/gcc/arm-none-eabi/5.3.1/../../../../arm-none-eabi/lib/armv7-m\libcr_nohost.a(__sys_istty.o)
                0x00003514                __sys_istty
 .text.__sys_remove
                0x0000351a        0x6 c:/nxp/lpcxpresso_8.2.0_647/lpcxpresso/tools/bin/../lib/gcc/arm-none-eabi/5.3.1/../../../../arm-none-eabi/lib/armv7-m\libcr_nohost.a(__sys_remove.o)
                0x0000351a                __sys_remove
 .text.__sys_seek
                0x00003520        0x6 c:/nxp/lpcxpresso_8.2.0_647/lpcxpresso/tools/bin/../lib/gcc/arm-none-eabi/5.3.1/../../../../arm-none-eabi/lib/armv7-m\libcr_nohost.a(__sys_seek.o)
                0x00003520                __sys_seek
 .text.__sys_tmpnam
                0x00003526        0x6 c:/nxp/lpcxpresso_8.2.0_647/lpcxpresso/tools/bin/../lib/gcc/arm-none-eabi/5.3.1/../../../../arm-none-eabi/lib/armv7-m\libcr_nohost.a(__sys_tmpnam.o)
                0x00003526                __sys_tmpnam
 *(.rodata .rodata.* .constdata .constdata.*)
 .rodata.Mouse_ReportDescriptor
                0x0000352c       0x32 ./example/src/composite_desc.o
                0x0000352c                Mouse_ReportDescriptor
 .rodata.Mouse_ReportDescSize
                0x0000355e        0x2 ./example/src/composite_desc.o
                0x0000355e                Mouse_ReportDescSize
 .rodata.USB_DeviceDescriptor
                0x00003560       0x12 ./example/src/composite_desc.o
                0x00003560                USB_DeviceDescriptor
 *fill*         0x00003572        0x2 ff
 .rodata.USB_StringDescriptor
                0x00003574       0x80 ./example/src/composite_desc.o
                0x00003574                USB_StringDescriptor
 .rodata.g_usbApi
                0x000035f4       0x20 ./example/src/composite_main.o
 .rodata        0x00003614       0x10 ./example/src/composite_main.o
 .rodata.OscRateIn
                0x00003624        0x4 C:\dev\polden-vert\polden-vert-motorControl-lpc1758\lpc_board_nxp_lpcxpresso_1769\Debug\liblpc_board_nxp_lpcxpresso_1769.a(board.o)
                0x00003624                OscRateIn
 .rodata.RTCOscRateIn
                0x00003628        0x4 C:\dev\polden-vert\polden-vert-motorControl-lpc1758\lpc_board_nxp_lpcxpresso_1769\Debug\liblpc_board_nxp_lpcxpresso_1769.a(board.o)
                0x00003628                RTCOscRateIn
 .rodata.portButton
                0x0000362c        0x5 C:\dev\polden-vert\polden-vert-motorControl-lpc1758\lpc_board_nxp_lpcxpresso_1769\Debug\liblpc_board_nxp_lpcxpresso_1769.a(board.o)
 *fill*         0x00003631        0x3 ff
 .rodata.pinButton
                0x00003634        0x5 C:\dev\polden-vert\polden-vert-motorControl-lpc1758\lpc_board_nxp_lpcxpresso_1769\Debug\liblpc_board_nxp_lpcxpresso_1769.a(board.o)
 *fill*         0x00003639        0x3 ff
 .rodata.stateButton
                0x0000363c        0x5 C:\dev\polden-vert\polden-vert-motorControl-lpc1758\lpc_board_nxp_lpcxpresso_1769\Debug\liblpc_board_nxp_lpcxpresso_1769.a(board.o)
 *fill*         0x00003641        0x3 ff
 .rodata.pinmuxing
                0x00003644       0x5c C:\dev\polden-vert\polden-vert-motorControl-lpc1758\lpc_board_nxp_lpcxpresso_1769\Debug\liblpc_board_nxp_lpcxpresso_1769.a(board_sysinit.o)
 .rodata.hw_api
                0x000036a0       0x5c C:\dev\polden-vert\polden-vert-motorControl-lpc1758\lpc_chip_175x_6x\libs\libusbd_175x_6x_lib.a(mw_usbd_rom_api.o)
                0x000036a0                hw_api
 .rodata.core_api
                0x000036fc       0x20 C:\dev\polden-vert\polden-vert-motorControl-lpc1758\lpc_chip_175x_6x\libs\libusbd_175x_6x_lib.a(mw_usbd_rom_api.o)
                0x000036fc                core_api
 .rodata.hid_api
                0x0000371c        0x8 C:\dev\polden-vert\polden-vert-motorControl-lpc1758\lpc_chip_175x_6x\libs\libusbd_175x_6x_lib.a(mw_usbd_rom_api.o)
                0x0000371c                hid_api
 .rodata.cdc_api
                0x00003724        0xc C:\dev\polden-vert\polden-vert-motorControl-lpc1758\lpc_chip_175x_6x\libs\libusbd_175x_6x_lib.a(mw_usbd_rom_api.o)
                0x00003724                cdc_api
 .rodata.str1.1
                0x00003730        0x4 c:/nxp/lpcxpresso_8.2.0_647/lpcxpresso/tools/bin/../lib/gcc/arm-none-eabi/5.3.1/../../../../arm-none-eabi/lib/armv7-m\libcr_c.a(initio.o)
 .rodata.str1.1
                0x00003734       0x18 c:/nxp/lpcxpresso_8.2.0_647/lpcxpresso/tools/bin/../lib/gcc/arm-none-eabi/5.3.1/../../../../arm-none-eabi/lib/armv7-m\libcr_c.a(alloc.o)
                0x0000374c                . = ALIGN (0x4)

.glue_7         0x0000374c        0x0
 .glue_7        0x0000374c        0x0 linker stubs

.glue_7t        0x0000374c        0x0
 .glue_7t       0x0000374c        0x0 linker stubs

.vfp11_veneer   0x0000374c        0x0
 .vfp11_veneer  0x0000374c        0x0 linker stubs

.v4_bx          0x0000374c        0x0
 .v4_bx         0x0000374c        0x0 linker stubs

.iplt           0x0000374c        0x0
 .iplt          0x0000374c        0x0 ./example/src/cdc_vcom.o

.rel.dyn        0x0000374c        0x0
 .rel.iplt      0x0000374c        0x0 ./example/src/cdc_vcom.o

.ARM.extab
 *(.ARM.extab* .gnu.linkonce.armextab.*)
                0x0000374c                __exidx_start = .

.ARM.exidx
 *(.ARM.exidx* .gnu.linkonce.armexidx.*)
                0x0000374c                __exidx_end = .
                0x0000374c                _etext = .

.data_RAM2      0x2007c000        0x0 load address 0x0000374c
 FILL mask 0xff
                [!provide]                PROVIDE (__start_data_RAM2, .)
 *(.ramfunc.$RAM2)
 *(.ramfunc.$RamAHB32)
 *(.data.$RAM2*)
 *(.data.$RamAHB32*)
                0x2007c000                . = ALIGN (0x4)
                [!provide]                PROVIDE (__end_data_RAM2, .)

.uninit_RESERVED
                0x10000000        0x0
 *(.bss.$RESERVED*)
                0x10000000                . = ALIGN (0x4)
                0x10000000                _end_uninit_RESERVED = .

.data           0x10000000       0x6c load address 0x0000374c
 FILL mask 0xff
                0x10000000                _data = .
 *(vtable)
 *(.ramfunc*)
 *(.data*)
 .data.USB_FsConfigDescriptor
                0x10000000       0x65 ./example/src/composite_desc.o
                0x10000000                USB_FsConfigDescriptor
 *fill*         0x10000065        0x3 ff
 .data.g_pUsbApi
                0x10000068        0x4 ./example/src/composite_main.o
                0x10000068                g_pUsbApi
                0x1000006c                . = ALIGN (0x4)
                0x1000006c                _edata = .

.igot.plt       0x1000006c        0x0 load address 0x000037b8
 .igot.plt      0x1000006c        0x0 ./example/src/cdc_vcom.o

.bss_RAM2       0x2007c000        0x0
                [!provide]                PROVIDE (__start_bss_RAM2, .)
 *(.bss.$RAM2*)
 *(.bss.$RamAHB32*)
                0x2007c000                . = ALIGN ((. != 0x0)?0x4:0x1)
                [!provide]                PROVIDE (__end_bss_RAM2, .)

.bss            0x1000006c      0x274
                0x1000006c                _bss = .
 *(.bss*)
 .bss.g_hUsb    0x1000006c        0x4 ./example/src/composite_main.o
 .bss.g_rxBuff  0x10000070      0x100 ./example/src/composite_main.o
 .bss.g_mouse   0x10000170        0x8 ./example/src/hid_mouse.o
 .bss._extra    0x10000178        0x4 c:/nxp/lpcxpresso_8.2.0_647/lpcxpresso/tools/bin/../lib/gcc/arm-none-eabi/5.3.1/../../../../arm-none-eabi/lib/armv7-m\libcr_c.a(initio.o)
                0x10000178                _extra
 .bss.__Ciob    0x1000017c      0x140 c:/nxp/lpcxpresso_8.2.0_647/lpcxpresso/tools/bin/../lib/gcc/arm-none-eabi/5.3.1/../../../../arm-none-eabi/lib/armv7-m\libcr_c.a(stdio.o)
                0x1000017c                __Ciob
 .bss.__heaps   0x100002bc        0x4 c:/nxp/lpcxpresso_8.2.0_647/lpcxpresso/tools/bin/../lib/gcc/arm-none-eabi/5.3.1/../../../../arm-none-eabi/lib/armv7-m\libcr_c.a(__init_alloc.o)
                0x100002bc                __heaps
 .bss.__end_of_heap
                0x100002c0        0x4 c:/nxp/lpcxpresso_8.2.0_647/lpcxpresso/tools/bin/../lib/gcc/arm-none-eabi/5.3.1/../../../../arm-none-eabi/lib/armv7-m\libcr_c.a(__init_alloc.o)
                0x100002c0                __end_of_heap
 .bss.errno     0x100002c4        0x4 c:/nxp/lpcxpresso_8.2.0_647/lpcxpresso/tools/bin/../lib/gcc/arm-none-eabi/5.3.1/../../../../arm-none-eabi/lib/armv7-m\libcr_c.a(errno.o)
                0x100002c4                errno
 *(COMMON)
 COMMON         0x100002c8       0x14 ./example/src/cdc_vcom.o
                0x100002c8                g_vCOM
 COMMON         0x100002dc        0x4 C:\dev\polden-vert\polden-vert-motorControl-lpc1758\lpc_chip_175x_6x\Debug\liblpc_chip_175x_6x.a(chip_17xx_40xx.o)
                0x100002dc                SystemCoreClock
                0x100002e0                . = ALIGN (0x4)
                0x100002e0                _ebss = .
                [!provide]                PROVIDE (end, .)

.noinit_RAM2    0x2007c000        0x0
 *(.noinit.$RAM2*)
 *(.noinit.$RamAHB32*)
                0x2007c000                . = ALIGN (0x4)

.noinit         0x100002e0        0x0
                0x100002e0                _noinit = .
 *(.noinit*)
                0x100002e0                . = ALIGN (0x4)
                0x100002e0                _end_noinit = .
                0x100002e0                PROVIDE (_pvHeapStart, DEFINED (__user_heap_base)?__user_heap_base:.)
                0x10008000                PROVIDE (_vStackTop, DEFINED (__user_stack_top)?__user_stack_top:(__top_RamLoc32 - 0x0))
                [!provide]                PROVIDE (__valid_user_code_checksum, (0x0 - ((((((_vStackTop + (ResetISR + 0x1)) + (NMI_Handler + 0x1)) + (HardFault_Handler + 0x1)) + (DEFINED (MemManage_Handler)?MemManage_Handler:0x0 + 0x1)) + (DEFINED (BusFault_Handler)?BusFault_Handler:0x0 + 0x1)) + (DEFINED (UsageFault_Handler)?UsageFault_Handler:0x0 + 0x1))))
OUTPUT(usbd_lib_composite.axf elf32-littlearm)

.debug_info     0x00000000    0x110f1
 .debug_info    0x00000000     0x1a2b ./example/src/cdc_vcom.o
 .debug_info    0x00001a2b      0x13a ./example/src/composite_desc.o
 .debug_info    0x00001b65     0x19aa ./example/src/composite_main.o
 .debug_info    0x0000350f      0x250 ./example/src/cr_startup_lpc175x_6x.o
 .debug_info    0x0000375f     0x1afc ./example/src/hid_mouse.o
 .debug_info    0x0000525b      0x110 ./example/src/sysinit.o
 .debug_info    0x0000536b     0x13ed C:\dev\polden-vert\polden-vert-motorControl-lpc1758\lpc_board_nxp_lpcxpresso_1769\Debug\liblpc_board_nxp_lpcxpresso_1769.a(board.o)
 .debug_info    0x00006758      0x591 C:\dev\polden-vert\polden-vert-motorControl-lpc1758\lpc_board_nxp_lpcxpresso_1769\Debug\liblpc_board_nxp_lpcxpresso_1769.a(board_sysinit.o)
 .debug_info    0x00006ce9      0x530 C:\dev\polden-vert\polden-vert-motorControl-lpc1758\lpc_chip_175x_6x\Debug\liblpc_chip_175x_6x.a(chip_17xx_40xx.o)
 .debug_info    0x00007219      0xb62 C:\dev\polden-vert\polden-vert-motorControl-lpc1758\lpc_chip_175x_6x\Debug\liblpc_chip_175x_6x.a(clock_17xx_40xx.o)
 .debug_info    0x00007d7b      0x2e9 C:\dev\polden-vert\polden-vert-motorControl-lpc1758\lpc_chip_175x_6x\Debug\liblpc_chip_175x_6x.a(iocon_17xx_40xx.o)
 .debug_info    0x00008064      0x439 C:\dev\polden-vert\polden-vert-motorControl-lpc1758\lpc_chip_175x_6x\Debug\liblpc_chip_175x_6x.a(sysinit_17xx_40xx.o)
 .debug_info    0x0000849d      0xee7 C:\dev\polden-vert\polden-vert-motorControl-lpc1758\lpc_chip_175x_6x\Debug\liblpc_chip_175x_6x.a(uart_17xx_40xx.o)
 .debug_info    0x00009384     0x14f8 C:\dev\polden-vert\polden-vert-motorControl-lpc1758\lpc_chip_175x_6x\libs\libusbd_175x_6x_lib.a(mw_usbd_rom_api.o)
 .debug_info    0x0000a87c     0x1f77 C:\dev\polden-vert\polden-vert-motorControl-lpc1758\lpc_chip_175x_6x\libs\libusbd_175x_6x_lib.a(hw_usbd_ip3503.o)
 .debug_info    0x0000c7f3     0x14e4 C:\dev\polden-vert\polden-vert-motorControl-lpc1758\lpc_chip_175x_6x\libs\libusbd_175x_6x_lib.a(mw_usbd_cdcuser.o)
 .debug_info    0x0000dcd7     0x1f80 C:\dev\polden-vert\polden-vert-motorControl-lpc1758\lpc_chip_175x_6x\libs\libusbd_175x_6x_lib.a(mw_usbd_core.o)
 .debug_info    0x0000fc57     0x149a C:\dev\polden-vert\polden-vert-motorControl-lpc1758\lpc_chip_175x_6x\libs\libusbd_175x_6x_lib.a(mw_usbd_hiduser.o)

.debug_abbrev   0x00000000     0x27e0
 .debug_abbrev  0x00000000      0x29b ./example/src/cdc_vcom.o
 .debug_abbrev  0x0000029b       0x60 ./example/src/composite_desc.o
 .debug_abbrev  0x000002fb      0x2b0 ./example/src/composite_main.o
 .debug_abbrev  0x000005ab       0xf5 ./example/src/cr_startup_lpc175x_6x.o
 .debug_abbrev  0x000006a0      0x2c3 ./example/src/hid_mouse.o
 .debug_abbrev  0x00000963       0xa3 ./example/src/sysinit.o
 .debug_abbrev  0x00000a06      0x38f C:\dev\polden-vert\polden-vert-motorControl-lpc1758\lpc_board_nxp_lpcxpresso_1769\Debug\liblpc_board_nxp_lpcxpresso_1769.a(board.o)
 .debug_abbrev  0x00000d95      0x15c C:\dev\polden-vert\polden-vert-motorControl-lpc1758\lpc_board_nxp_lpcxpresso_1769\Debug\liblpc_board_nxp_lpcxpresso_1769.a(board_sysinit.o)
 .debug_abbrev  0x00000ef1      0x16c C:\dev\polden-vert\polden-vert-motorControl-lpc1758\lpc_chip_175x_6x\Debug\liblpc_chip_175x_6x.a(chip_17xx_40xx.o)
 .debug_abbrev  0x0000105d      0x2ec C:\dev\polden-vert\polden-vert-motorControl-lpc1758\lpc_chip_175x_6x\Debug\liblpc_chip_175x_6x.a(clock_17xx_40xx.o)
 .debug_abbrev  0x00001349      0x126 C:\dev\polden-vert\polden-vert-motorControl-lpc1758\lpc_chip_175x_6x\Debug\liblpc_chip_175x_6x.a(iocon_17xx_40xx.o)
 .debug_abbrev  0x0000146f      0x175 C:\dev\polden-vert\polden-vert-motorControl-lpc1758\lpc_chip_175x_6x\Debug\liblpc_chip_175x_6x.a(sysinit_17xx_40xx.o)
 .debug_abbrev  0x000015e4      0x2fe C:\dev\polden-vert\polden-vert-motorControl-lpc1758\lpc_chip_175x_6x\Debug\liblpc_chip_175x_6x.a(uart_17xx_40xx.o)
 .debug_abbrev  0x000018e2      0x143 C:\dev\polden-vert\polden-vert-motorControl-lpc1758\lpc_chip_175x_6x\libs\libusbd_175x_6x_lib.a(mw_usbd_rom_api.o)
 .debug_abbrev  0x00001a25      0x3b8 C:\dev\polden-vert\polden-vert-motorControl-lpc1758\lpc_chip_175x_6x\libs\libusbd_175x_6x_lib.a(hw_usbd_ip3503.o)
 .debug_abbrev  0x00001ddd      0x2f5 C:\dev\polden-vert\polden-vert-motorControl-lpc1758\lpc_chip_175x_6x\libs\libusbd_175x_6x_lib.a(mw_usbd_cdcuser.o)
 .debug_abbrev  0x000020d2      0x3f6 C:\dev\polden-vert\polden-vert-motorControl-lpc1758\lpc_chip_175x_6x\libs\libusbd_175x_6x_lib.a(mw_usbd_core.o)
 .debug_abbrev  0x000024c8      0x318 C:\dev\polden-vert\polden-vert-motorControl-lpc1758\lpc_chip_175x_6x\libs\libusbd_175x_6x_lib.a(mw_usbd_hiduser.o)

.debug_aranges  0x00000000      0x918
 .debug_aranges
                0x00000000       0x68 ./example/src/cdc_vcom.o
 .debug_aranges
                0x00000068       0x18 ./example/src/composite_desc.o
 .debug_aranges
                0x00000080       0x48 ./example/src/composite_main.o
 .debug_aranges
                0x000000c8       0x80 ./example/src/cr_startup_lpc175x_6x.o
 .debug_aranges
                0x00000148       0x60 ./example/src/hid_mouse.o
 .debug_aranges
                0x000001a8       0x20 ./example/src/sysinit.o
 .debug_aranges
                0x000001c8      0x160 C:\dev\polden-vert\polden-vert-motorControl-lpc1758\lpc_board_nxp_lpcxpresso_1769\Debug\liblpc_board_nxp_lpcxpresso_1769.a(board.o)
 .debug_aranges
                0x00000328       0x38 C:\dev\polden-vert\polden-vert-motorControl-lpc1758\lpc_board_nxp_lpcxpresso_1769\Debug\liblpc_board_nxp_lpcxpresso_1769.a(board_sysinit.o)
 .debug_aranges
                0x00000360       0x38 C:\dev\polden-vert\polden-vert-motorControl-lpc1758\lpc_chip_175x_6x\Debug\liblpc_chip_175x_6x.a(chip_17xx_40xx.o)
 .debug_aranges
                0x00000398      0x120 C:\dev\polden-vert\polden-vert-motorControl-lpc1758\lpc_chip_175x_6x\Debug\liblpc_chip_175x_6x.a(clock_17xx_40xx.o)
 .debug_aranges
                0x000004b8       0x30 C:\dev\polden-vert\polden-vert-motorControl-lpc1758\lpc_chip_175x_6x\Debug\liblpc_chip_175x_6x.a(iocon_17xx_40xx.o)
 .debug_aranges
                0x000004e8       0x60 C:\dev\polden-vert\polden-vert-motorControl-lpc1758\lpc_chip_175x_6x\Debug\liblpc_chip_175x_6x.a(sysinit_17xx_40xx.o)
 .debug_aranges
                0x00000548      0x128 C:\dev\polden-vert\polden-vert-motorControl-lpc1758\lpc_chip_175x_6x\Debug\liblpc_chip_175x_6x.a(uart_17xx_40xx.o)
 .debug_aranges
                0x00000670       0x18 C:\dev\polden-vert\polden-vert-motorControl-lpc1758\lpc_chip_175x_6x\libs\libusbd_175x_6x_lib.a(mw_usbd_rom_api.o)
 .debug_aranges
                0x00000688      0x118 C:\dev\polden-vert\polden-vert-motorControl-lpc1758\lpc_chip_175x_6x\libs\libusbd_175x_6x_lib.a(hw_usbd_ip3503.o)
 .debug_aranges
                0x000007a0       0x48 C:\dev\polden-vert\polden-vert-motorControl-lpc1758\lpc_chip_175x_6x\libs\libusbd_175x_6x_lib.a(mw_usbd_cdcuser.o)
 .debug_aranges
                0x000007e8       0xd8 C:\dev\polden-vert\polden-vert-motorControl-lpc1758\lpc_chip_175x_6x\libs\libusbd_175x_6x_lib.a(mw_usbd_core.o)
 .debug_aranges
                0x000008c0       0x58 C:\dev\polden-vert\polden-vert-motorControl-lpc1758\lpc_chip_175x_6x\libs\libusbd_175x_6x_lib.a(mw_usbd_hiduser.o)

.debug_ranges   0x00000000      0x800
 .debug_ranges  0x00000000       0x58 ./example/src/cdc_vcom.o
 .debug_ranges  0x00000058       0x38 ./example/src/composite_main.o
 .debug_ranges  0x00000090       0x70 ./example/src/cr_startup_lpc175x_6x.o
 .debug_ranges  0x00000100       0x50 ./example/src/hid_mouse.o
 .debug_ranges  0x00000150       0x10 ./example/src/sysinit.o
 .debug_ranges  0x00000160      0x150 C:\dev\polden-vert\polden-vert-motorControl-lpc1758\lpc_board_nxp_lpcxpresso_1769\Debug\liblpc_board_nxp_lpcxpresso_1769.a(board.o)
 .debug_ranges  0x000002b0       0x28 C:\dev\polden-vert\polden-vert-motorControl-lpc1758\lpc_board_nxp_lpcxpresso_1769\Debug\liblpc_board_nxp_lpcxpresso_1769.a(board_sysinit.o)
 .debug_ranges  0x000002d8       0x28 C:\dev\polden-vert\polden-vert-motorControl-lpc1758\lpc_chip_175x_6x\Debug\liblpc_chip_175x_6x.a(chip_17xx_40xx.o)
 .debug_ranges  0x00000300      0x110 C:\dev\polden-vert\polden-vert-motorControl-lpc1758\lpc_chip_175x_6x\Debug\liblpc_chip_175x_6x.a(clock_17xx_40xx.o)
 .debug_ranges  0x00000410       0x20 C:\dev\polden-vert\polden-vert-motorControl-lpc1758\lpc_chip_175x_6x\Debug\liblpc_chip_175x_6x.a(iocon_17xx_40xx.o)
 .debug_ranges  0x00000430       0x50 C:\dev\polden-vert\polden-vert-motorControl-lpc1758\lpc_chip_175x_6x\Debug\liblpc_chip_175x_6x.a(sysinit_17xx_40xx.o)
 .debug_ranges  0x00000480      0x118 C:\dev\polden-vert\polden-vert-motorControl-lpc1758\lpc_chip_175x_6x\Debug\liblpc_chip_175x_6x.a(uart_17xx_40xx.o)
 .debug_ranges  0x00000598      0x108 C:\dev\polden-vert\polden-vert-motorControl-lpc1758\lpc_chip_175x_6x\libs\libusbd_175x_6x_lib.a(hw_usbd_ip3503.o)
 .debug_ranges  0x000006a0       0x38 C:\dev\polden-vert\polden-vert-motorControl-lpc1758\lpc_chip_175x_6x\libs\libusbd_175x_6x_lib.a(mw_usbd_cdcuser.o)
 .debug_ranges  0x000006d8       0xe0 C:\dev\polden-vert\polden-vert-motorControl-lpc1758\lpc_chip_175x_6x\libs\libusbd_175x_6x_lib.a(mw_usbd_core.o)
 .debug_ranges  0x000007b8       0x48 C:\dev\polden-vert\polden-vert-motorControl-lpc1758\lpc_chip_175x_6x\libs\libusbd_175x_6x_lib.a(mw_usbd_hiduser.o)

.debug_macro    0x00000000     0x60e8
 .debug_macro   0x00000000      0x2da ./example/src/cdc_vcom.o
 .debug_macro   0x000002da      0x886 ./example/src/cdc_vcom.o
 .debug_macro   0x00000b60       0x10 ./example/src/cdc_vcom.o
 .debug_macro   0x00000b70      0x12d ./example/src/cdc_vcom.o
 .debug_macro   0x00000c9d      0x5b2 ./example/src/cdc_vcom.o
 .debug_macro   0x0000124f       0x22 ./example/src/cdc_vcom.o
 .debug_macro   0x00001271       0x74 ./example/src/cdc_vcom.o
 .debug_macro   0x000012e5       0x18 ./example/src/cdc_vcom.o
 .debug_macro   0x000012fd      0x26c ./example/src/cdc_vcom.o
 .debug_macro   0x00001569       0x70 ./example/src/cdc_vcom.o
 .debug_macro   0x000015d9       0x12 ./example/src/cdc_vcom.o
 .debug_macro   0x000015eb       0xfa ./example/src/cdc_vcom.o
 .debug_macro   0x000016e5       0xee ./example/src/cdc_vcom.o
 .debug_macro   0x000017d3      0x693 ./example/src/cdc_vcom.o
 .debug_macro   0x00001e66      0x272 ./example/src/cdc_vcom.o
 .debug_macro   0x000020d8       0x10 ./example/src/cdc_vcom.o
 .debug_macro   0x000020e8       0x10 ./example/src/cdc_vcom.o
 .debug_macro   0x000020f8       0x2d ./example/src/cdc_vcom.o
 .debug_macro   0x00002125       0x3a ./example/src/cdc_vcom.o
 .debug_macro   0x0000215f       0x2d ./example/src/cdc_vcom.o
 .debug_macro   0x0000218c      0xbb1 ./example/src/cdc_vcom.o
 .debug_macro   0x00002d3d      0x22c ./example/src/cdc_vcom.o
 .debug_macro   0x00002f69       0x42 ./example/src/cdc_vcom.o
 .debug_macro   0x00002fab       0x52 ./example/src/cdc_vcom.o
 .debug_macro   0x00002ffd       0x78 ./example/src/cdc_vcom.o
 .debug_macro   0x00003075       0x82 ./example/src/cdc_vcom.o
 .debug_macro   0x000030f7      0x48c ./example/src/cdc_vcom.o
 .debug_macro   0x00003583       0x34 ./example/src/cdc_vcom.o
 .debug_macro   0x000035b7      0x4c5 ./example/src/cdc_vcom.o
 .debug_macro   0x00003a7c      0x1b7 ./example/src/cdc_vcom.o
 .debug_macro   0x00003c33       0x10 ./example/src/cdc_vcom.o
 .debug_macro   0x00003c43      0x21b ./example/src/cdc_vcom.o
 .debug_macro   0x00003e5e      0x1b9 ./example/src/cdc_vcom.o
 .debug_macro   0x00004017       0x40 ./example/src/cdc_vcom.o
 .debug_macro   0x00004057       0x22 ./example/src/cdc_vcom.o
 .debug_macro   0x00004079      0x162 ./example/src/cdc_vcom.o
 .debug_macro   0x000041db       0x94 ./example/src/cdc_vcom.o
 .debug_macro   0x0000426f       0xb8 ./example/src/cdc_vcom.o
 .debug_macro   0x00004327       0x4c ./example/src/cdc_vcom.o
 .debug_macro   0x00004373       0x16 ./example/src/cdc_vcom.o
 .debug_macro   0x00004389      0x328 ./example/src/cdc_vcom.o
 .debug_macro   0x000046b1       0x49 ./example/src/cdc_vcom.o
 .debug_macro   0x000046fa       0x16 ./example/src/cdc_vcom.o
 .debug_macro   0x00004710       0xca ./example/src/cdc_vcom.o
 .debug_macro   0x000047da       0x70 ./example/src/cdc_vcom.o
 .debug_macro   0x0000484a       0x9a ./example/src/cdc_vcom.o
 .debug_macro   0x000048e4       0x20 ./example/src/cdc_vcom.o
 .debug_macro   0x00004904       0x28 ./example/src/cdc_vcom.o
 .debug_macro   0x0000492c       0x2e ./example/src/cdc_vcom.o
 .debug_macro   0x0000495a       0xf5 ./example/src/composite_desc.o
 .debug_macro   0x00004a4f       0x7b ./example/src/composite_desc.o
 .debug_macro   0x00004aca      0x2e7 ./example/src/composite_main.o
 .debug_macro   0x00004db1       0x70 ./example/src/composite_main.o
 .debug_macro   0x00004e21       0x10 ./example/src/composite_main.o
 .debug_macro   0x00004e31       0x1d ./example/src/cr_startup_lpc175x_6x.o
 .debug_macro   0x00004e4e      0x2d0 ./example/src/hid_mouse.o
 .debug_macro   0x0000511e      0x217 ./example/src/sysinit.o
 .debug_macro   0x00005335      0x289 C:\dev\polden-vert\polden-vert-motorControl-lpc1758\lpc_board_nxp_lpcxpresso_1769\Debug\liblpc_board_nxp_lpcxpresso_1769.a(board.o)
 .debug_macro   0x000055be       0x12 C:\dev\polden-vert\polden-vert-motorControl-lpc1758\lpc_board_nxp_lpcxpresso_1769\Debug\liblpc_board_nxp_lpcxpresso_1769.a(board.o)
 .debug_macro   0x000055d0      0x217 C:\dev\polden-vert\polden-vert-motorControl-lpc1758\lpc_board_nxp_lpcxpresso_1769\Debug\liblpc_board_nxp_lpcxpresso_1769.a(board_sysinit.o)
 .debug_macro   0x000057e7      0x1cd C:\dev\polden-vert\polden-vert-motorControl-lpc1758\lpc_chip_175x_6x\Debug\liblpc_chip_175x_6x.a(chip_17xx_40xx.o)
 .debug_macro   0x000059b4      0x1cd C:\dev\polden-vert\polden-vert-motorControl-lpc1758\lpc_chip_175x_6x\Debug\liblpc_chip_175x_6x.a(clock_17xx_40xx.o)
 .debug_macro   0x00005b81      0x1cd C:\dev\polden-vert\polden-vert-motorControl-lpc1758\lpc_chip_175x_6x\Debug\liblpc_chip_175x_6x.a(iocon_17xx_40xx.o)
 .debug_macro   0x00005d4e      0x1cd C:\dev\polden-vert\polden-vert-motorControl-lpc1758\lpc_chip_175x_6x\Debug\liblpc_chip_175x_6x.a(sysinit_17xx_40xx.o)
 .debug_macro   0x00005f1b      0x1cd C:\dev\polden-vert\polden-vert-motorControl-lpc1758\lpc_chip_175x_6x\Debug\liblpc_chip_175x_6x.a(uart_17xx_40xx.o)

.debug_line     0x00000000     0x57cc
 .debug_line    0x00000000      0x71d ./example/src/cdc_vcom.o
 .debug_line    0x0000071d      0x2d9 ./example/src/composite_desc.o
 .debug_line    0x000009f6      0x6d2 ./example/src/composite_main.o
 .debug_line    0x000010c8       0xdd ./example/src/cr_startup_lpc175x_6x.o
 .debug_line    0x000011a5      0x6fd ./example/src/hid_mouse.o
 .debug_line    0x000018a2      0x495 ./example/src/sysinit.o
 .debug_line    0x00001d37      0x848 C:\dev\polden-vert\polden-vert-motorControl-lpc1758\lpc_board_nxp_lpcxpresso_1769\Debug\liblpc_board_nxp_lpcxpresso_1769.a(board.o)
 .debug_line    0x0000257f      0x4cd C:\dev\polden-vert\polden-vert-motorControl-lpc1758\lpc_board_nxp_lpcxpresso_1769\Debug\liblpc_board_nxp_lpcxpresso_1769.a(board_sysinit.o)
 .debug_line    0x00002a4c      0x455 C:\dev\polden-vert\polden-vert-motorControl-lpc1758\lpc_chip_175x_6x\Debug\liblpc_chip_175x_6x.a(chip_17xx_40xx.o)
 .debug_line    0x00002ea1      0x6d1 C:\dev\polden-vert\polden-vert-motorControl-lpc1758\lpc_chip_175x_6x\Debug\liblpc_chip_175x_6x.a(clock_17xx_40xx.o)
 .debug_line    0x00003572      0x441 C:\dev\polden-vert\polden-vert-motorControl-lpc1758\lpc_chip_175x_6x\Debug\liblpc_chip_175x_6x.a(iocon_17xx_40xx.o)
 .debug_line    0x000039b3      0x4cb C:\dev\polden-vert\polden-vert-motorControl-lpc1758\lpc_chip_175x_6x\Debug\liblpc_chip_175x_6x.a(sysinit_17xx_40xx.o)
 .debug_line    0x00003e7e      0x77d C:\dev\polden-vert\polden-vert-motorControl-lpc1758\lpc_chip_175x_6x\Debug\liblpc_chip_175x_6x.a(uart_17xx_40xx.o)
 .debug_line    0x000045fb      0x198 C:\dev\polden-vert\polden-vert-motorControl-lpc1758\lpc_chip_175x_6x\libs\libusbd_175x_6x_lib.a(mw_usbd_rom_api.o)
 .debug_line    0x00004793      0x54e C:\dev\polden-vert\polden-vert-motorControl-lpc1758\lpc_chip_175x_6x\libs\libusbd_175x_6x_lib.a(hw_usbd_ip3503.o)
 .debug_line    0x00004ce1      0x308 C:\dev\polden-vert\polden-vert-motorControl-lpc1758\lpc_chip_175x_6x\libs\libusbd_175x_6x_lib.a(mw_usbd_cdcuser.o)
 .debug_line    0x00004fe9      0x4ca C:\dev\polden-vert\polden-vert-motorControl-lpc1758\lpc_chip_175x_6x\libs\libusbd_175x_6x_lib.a(mw_usbd_core.o)
 .debug_line    0x000054b3      0x319 C:\dev\polden-vert\polden-vert-motorControl-lpc1758\lpc_chip_175x_6x\libs\libusbd_175x_6x_lib.a(mw_usbd_hiduser.o)

.debug_str      0x00000000    0x18fb1
 .debug_str     0x00000000    0x15cc5 ./example/src/cdc_vcom.o
                              0x16034 (size before relaxing)
 .debug_str     0x00015cc5       0x9f ./example/src/composite_desc.o
                               0x7c99 (size before relaxing)
 .debug_str     0x00015d64      0x1fa ./example/src/composite_main.o
                              0x16073 (size before relaxing)
 .debug_str     0x00015f5e      0x1ca ./example/src/cr_startup_lpc175x_6x.o
                               0x26a1 (size before relaxing)
 .debug_str     0x00016128      0x2e4 ./example/src/hid_mouse.o
                              0x15fd7 (size before relaxing)
 .debug_str     0x0001640c       0x23 ./example/src/sysinit.o
                              0x10a54 (size before relaxing)
 .debug_str     0x0001642f      0xd0b C:\dev\polden-vert\polden-vert-motorControl-lpc1758\lpc_board_nxp_lpcxpresso_1769\Debug\liblpc_board_nxp_lpcxpresso_1769.a(board.o)
                              0x11942 (size before relaxing)
 .debug_str     0x0001713a      0x22d C:\dev\polden-vert\polden-vert-motorControl-lpc1758\lpc_board_nxp_lpcxpresso_1769\Debug\liblpc_board_nxp_lpcxpresso_1769.a(board_sysinit.o)
                              0x10e5f (size before relaxing)
 .debug_str     0x00017367       0xce C:\dev\polden-vert\polden-vert-motorControl-lpc1758\lpc_chip_175x_6x\Debug\liblpc_chip_175x_6x.a(chip_17xx_40xx.o)
                              0x10b73 (size before relaxing)
 .debug_str     0x00017435      0x834 C:\dev\polden-vert\polden-vert-motorControl-lpc1758\lpc_chip_175x_6x\Debug\liblpc_chip_175x_6x.a(clock_17xx_40xx.o)
                              0x111c4 (size before relaxing)
 .debug_str     0x00017c69       0x79 C:\dev\polden-vert\polden-vert-motorControl-lpc1758\lpc_chip_175x_6x\Debug\liblpc_chip_175x_6x.a(iocon_17xx_40xx.o)
                              0x10641 (size before relaxing)
 .debug_str     0x00017ce2       0xc4 C:\dev\polden-vert\polden-vert-motorControl-lpc1758\lpc_chip_175x_6x\Debug\liblpc_chip_175x_6x.a(sysinit_17xx_40xx.o)
                              0x10829 (size before relaxing)
 .debug_str     0x00017da6      0x3ab C:\dev\polden-vert\polden-vert-motorControl-lpc1758\lpc_chip_175x_6x\Debug\liblpc_chip_175x_6x.a(uart_17xx_40xx.o)
                              0x110b6 (size before relaxing)
 .debug_str     0x00018151      0x6e6 C:\dev\polden-vert\polden-vert-motorControl-lpc1758\lpc_chip_175x_6x\libs\libusbd_175x_6x_lib.a(mw_usbd_rom_api.o)
                               0x18af (size before relaxing)
 .debug_str     0x00018837      0x35d C:\dev\polden-vert\polden-vert-motorControl-lpc1758\lpc_chip_175x_6x\libs\libusbd_175x_6x_lib.a(hw_usbd_ip3503.o)
                               0x1ab2 (size before relaxing)
 .debug_str     0x00018b94      0x144 C:\dev\polden-vert\polden-vert-motorControl-lpc1758\lpc_chip_175x_6x\libs\libusbd_175x_6x_lib.a(mw_usbd_cdcuser.o)
                               0x1910 (size before relaxing)
 .debug_str     0x00018cd8      0x179 C:\dev\polden-vert\polden-vert-motorControl-lpc1758\lpc_chip_175x_6x\libs\libusbd_175x_6x_lib.a(mw_usbd_core.o)
                               0x19a7 (size before relaxing)
 .debug_str     0x00018e51      0x160 C:\dev\polden-vert\polden-vert-motorControl-lpc1758\lpc_chip_175x_6x\libs\libusbd_175x_6x_lib.a(mw_usbd_hiduser.o)
                               0x1975 (size before relaxing)

.comment        0x00000000      0x14c
 .comment       0x00000000       0x6e ./example/src/cdc_vcom.o
                                 0x6f (size before relaxing)
 .comment       0x0000006e       0x6f ./example/src/composite_desc.o
 .comment       0x0000006e       0x6f ./example/src/composite_main.o
 .comment       0x0000006e       0x6f ./example/src/cr_startup_lpc175x_6x.o
 .comment       0x0000006e       0x6f ./example/src/hid_mouse.o
 .comment       0x0000006e       0x6f ./example/src/sysinit.o
 .comment       0x0000006e       0x6f C:\dev\polden-vert\polden-vert-motorControl-lpc1758\lpc_board_nxp_lpcxpresso_1769\Debug\liblpc_board_nxp_lpcxpresso_1769.a(board.o)
 .comment       0x0000006e       0x6f C:\dev\polden-vert\polden-vert-motorControl-lpc1758\lpc_board_nxp_lpcxpresso_1769\Debug\liblpc_board_nxp_lpcxpresso_1769.a(board_sysinit.o)
 .comment       0x0000006e       0x6f C:\dev\polden-vert\polden-vert-motorControl-lpc1758\lpc_chip_175x_6x\Debug\liblpc_chip_175x_6x.a(chip_17xx_40xx.o)
 .comment       0x0000006e       0x6f C:\dev\polden-vert\polden-vert-motorControl-lpc1758\lpc_chip_175x_6x\Debug\liblpc_chip_175x_6x.a(clock_17xx_40xx.o)
 .comment       0x0000006e       0x6f C:\dev\polden-vert\polden-vert-motorControl-lpc1758\lpc_chip_175x_6x\Debug\liblpc_chip_175x_6x.a(iocon_17xx_40xx.o)
 .comment       0x0000006e       0x6f C:\dev\polden-vert\polden-vert-motorControl-lpc1758\lpc_chip_175x_6x\Debug\liblpc_chip_175x_6x.a(sysinit_17xx_40xx.o)
 .comment       0x0000006e       0x6f C:\dev\polden-vert\polden-vert-motorControl-lpc1758\lpc_chip_175x_6x\Debug\liblpc_chip_175x_6x.a(uart_17xx_40xx.o)
 .comment       0x0000006e       0x70 C:\dev\polden-vert\polden-vert-motorControl-lpc1758\lpc_chip_175x_6x\libs\libusbd_175x_6x_lib.a(mw_usbd_rom_api.o)
                                 0x71 (size before relaxing)
 .comment       0x000000de       0x71 C:\dev\polden-vert\polden-vert-motorControl-lpc1758\lpc_chip_175x_6x\libs\libusbd_175x_6x_lib.a(hw_usbd_ip3503.o)
 .comment       0x000000de       0x71 C:\dev\polden-vert\polden-vert-motorControl-lpc1758\lpc_chip_175x_6x\libs\libusbd_175x_6x_lib.a(mw_usbd_cdcuser.o)
 .comment       0x000000de       0x71 C:\dev\polden-vert\polden-vert-motorControl-lpc1758\lpc_chip_175x_6x\libs\libusbd_175x_6x_lib.a(mw_usbd_core.o)
 .comment       0x000000de       0x71 C:\dev\polden-vert\polden-vert-motorControl-lpc1758\lpc_chip_175x_6x\libs\libusbd_175x_6x_lib.a(mw_usbd_hiduser.o)
 .comment       0x000000de       0x6e c:/nxp/lpcxpresso_8.2.0_647/lpcxpresso/tools/bin/../lib/gcc/arm-none-eabi/5.3.1/../../../../arm-none-eabi/lib/armv7-m\libcr_nohost.a(_cr__main.o)
                                 0x6f (size before relaxing)
 .comment       0x0000014c       0x6f c:/nxp/lpcxpresso_8.2.0_647/lpcxpresso/tools/bin/../lib/gcc/arm-none-eabi/5.3.1/../../../../arm-none-eabi/lib/armv7-m\libcr_c.a(memcpy.o)
 .comment       0x0000014c       0x6f c:/nxp/lpcxpresso_8.2.0_647/lpcxpresso/tools/bin/../lib/gcc/arm-none-eabi/5.3.1/../../../../arm-none-eabi/lib/armv7-m\libcr_c.a(memset.o)
 .comment       0x0000014c       0x6f c:/nxp/lpcxpresso_8.2.0_647/lpcxpresso/tools/bin/../lib/gcc/arm-none-eabi/5.3.1/../../../../arm-none-eabi/lib/armv7-m\libcr_c.a(initio.o)
 .comment       0x0000014c       0x6f c:/nxp/lpcxpresso_8.2.0_647/lpcxpresso/tools/bin/../lib/gcc/arm-none-eabi/5.3.1/../../../../arm-none-eabi/lib/armv7-m\libcr_c.a(setvbuf.o)
 .comment       0x0000014c       0x6f c:/nxp/lpcxpresso_8.2.0_647/lpcxpresso/tools/bin/../lib/gcc/arm-none-eabi/5.3.1/../../../../arm-none-eabi/lib/armv7-m\libcr_c.a(stdio.o)
 .comment       0x0000014c       0x6f c:/nxp/lpcxpresso_8.2.0_647/lpcxpresso/tools/bin/../lib/gcc/arm-none-eabi/5.3.1/../../../../arm-none-eabi/lib/armv7-m\libcr_c.a(_deferredlazyseek.o)
 .comment       0x0000014c       0x6f c:/nxp/lpcxpresso_8.2.0_647/lpcxpresso/tools/bin/../lib/gcc/arm-none-eabi/5.3.1/../../../../arm-none-eabi/lib/armv7-m\libcr_c.a(_fdopen.o)
 .comment       0x0000014c       0x6f c:/nxp/lpcxpresso_8.2.0_647/lpcxpresso/tools/bin/../lib/gcc/arm-none-eabi/5.3.1/../../../../arm-none-eabi/lib/armv7-m\libcr_c.a(_fflush.o)
 .comment       0x0000014c       0x6f c:/nxp/lpcxpresso_8.2.0_647/lpcxpresso/tools/bin/../lib/gcc/arm-none-eabi/5.3.1/../../../../arm-none-eabi/lib/armv7-m\libcr_c.a(_writebuf.o)
 .comment       0x0000014c       0x6f c:/nxp/lpcxpresso_8.2.0_647/lpcxpresso/tools/bin/../lib/gcc/arm-none-eabi/5.3.1/../../../../arm-none-eabi/lib/armv7-m\libcr_c.a(alloc.o)
 .comment       0x0000014c       0x6f c:/nxp/lpcxpresso_8.2.0_647/lpcxpresso/tools/bin/../lib/gcc/arm-none-eabi/5.3.1/../../../../arm-none-eabi/lib/armv7-m\libcr_c.a(fclose.o)
 .comment       0x0000014c       0x6f c:/nxp/lpcxpresso_8.2.0_647/lpcxpresso/tools/bin/../lib/gcc/arm-none-eabi/5.3.1/../../../../arm-none-eabi/lib/armv7-m\libcr_c.a(fflush.o)
 .comment       0x0000014c       0x6f c:/nxp/lpcxpresso_8.2.0_647/lpcxpresso/tools/bin/../lib/gcc/arm-none-eabi/5.3.1/../../../../arm-none-eabi/lib/armv7-m\libcr_c.a(fseek.o)
 .comment       0x0000014c       0x6f c:/nxp/lpcxpresso_8.2.0_647/lpcxpresso/tools/bin/../lib/gcc/arm-none-eabi/5.3.1/../../../../arm-none-eabi/lib/armv7-m\libcr_c.a(ftell.o)
 .comment       0x0000014c       0x6f c:/nxp/lpcxpresso_8.2.0_647/lpcxpresso/tools/bin/../lib/gcc/arm-none-eabi/5.3.1/../../../../arm-none-eabi/lib/armv7-m\libcr_c.a(remove.o)
 .comment       0x0000014c       0x6f c:/nxp/lpcxpresso_8.2.0_647/lpcxpresso/tools/bin/../lib/gcc/arm-none-eabi/5.3.1/../../../../arm-none-eabi/lib/armv7-m\libcr_c.a(strlen.o)
 .comment       0x0000014c       0x6f c:/nxp/lpcxpresso_8.2.0_647/lpcxpresso/tools/bin/../lib/gcc/arm-none-eabi/5.3.1/../../../../arm-none-eabi/lib/armv7-m\libcr_c.a(__init_alloc.o)
 .comment       0x0000014c       0x6f c:/nxp/lpcxpresso_8.2.0_647/lpcxpresso/tools/bin/../lib/gcc/arm-none-eabi/5.3.1/../../../../arm-none-eabi/lib/armv7-m\libcr_c.a(_cr_sbrk.o)
 .comment       0x0000014c       0x6f c:/nxp/lpcxpresso_8.2.0_647/lpcxpresso/tools/bin/../lib/gcc/arm-none-eabi/5.3.1/../../../../arm-none-eabi/lib/armv7-m\libcr_c.a(_do_fflush.o)
 .comment       0x0000014c       0x6f c:/nxp/lpcxpresso_8.2.0_647/lpcxpresso/tools/bin/../lib/gcc/arm-none-eabi/5.3.1/../../../../arm-none-eabi/lib/armv7-m\libcr_c.a(errno.o)
 .comment       0x0000014c       0x6f c:/nxp/lpcxpresso_8.2.0_647/lpcxpresso/tools/bin/../lib/gcc/arm-none-eabi/5.3.1/../../../../arm-none-eabi/lib/armv7-m\libcr_c.a(_cr_check_heap.o)
 .comment       0x0000014c       0x6f c:/nxp/lpcxpresso_8.2.0_647/lpcxpresso/tools/bin/../lib/gcc/arm-none-eabi/5.3.1/../../../../arm-none-eabi/lib/armv7-m\libcr_nohost.a(__sys_appexit.o)
 .comment       0x0000014c       0x6f c:/nxp/lpcxpresso_8.2.0_647/lpcxpresso/tools/bin/../lib/gcc/arm-none-eabi/5.3.1/../../../../arm-none-eabi/lib/armv7-m\libcr_nohost.a(__sys_close.o)
 .comment       0x0000014c       0x6f c:/nxp/lpcxpresso_8.2.0_647/lpcxpresso/tools/bin/../lib/gcc/arm-none-eabi/5.3.1/../../../../arm-none-eabi/lib/armv7-m\libcr_nohost.a(__sys_flen.o)
 .comment       0x0000014c       0x6f c:/nxp/lpcxpresso_8.2.0_647/lpcxpresso/tools/bin/../lib/gcc/arm-none-eabi/5.3.1/../../../../arm-none-eabi/lib/armv7-m\libcr_nohost.a(__sys_istty.o)
 .comment       0x0000014c       0x6f c:/nxp/lpcxpresso_8.2.0_647/lpcxpresso/tools/bin/../lib/gcc/arm-none-eabi/5.3.1/../../../../arm-none-eabi/lib/armv7-m\libcr_nohost.a(__sys_remove.o)
 .comment       0x0000014c       0x6f c:/nxp/lpcxpresso_8.2.0_647/lpcxpresso/tools/bin/../lib/gcc/arm-none-eabi/5.3.1/../../../../arm-none-eabi/lib/armv7-m\libcr_nohost.a(__sys_seek.o)
 .comment       0x0000014c       0x6f c:/nxp/lpcxpresso_8.2.0_647/lpcxpresso/tools/bin/../lib/gcc/arm-none-eabi/5.3.1/../../../../arm-none-eabi/lib/armv7-m\libcr_nohost.a(__sys_tmpnam.o)

.ARM.attributes
                0x00000000       0x31
 .ARM.attributes
                0x00000000       0x33 ./example/src/cdc_vcom.o
 .ARM.attributes
                0x00000033       0x33 ./example/src/composite_desc.o
 .ARM.attributes
                0x00000066       0x33 ./example/src/composite_main.o
 .ARM.attributes
                0x00000099       0x33 ./example/src/cr_startup_lpc175x_6x.o
 .ARM.attributes
                0x000000cc       0x33 ./example/src/hid_mouse.o
 .ARM.attributes
                0x000000ff       0x33 ./example/src/sysinit.o
 .ARM.attributes
                0x00000132       0x33 C:\dev\polden-vert\polden-vert-motorControl-lpc1758\lpc_board_nxp_lpcxpresso_1769\Debug\liblpc_board_nxp_lpcxpresso_1769.a(board.o)
 .ARM.attributes
                0x00000165       0x33 C:\dev\polden-vert\polden-vert-motorControl-lpc1758\lpc_board_nxp_lpcxpresso_1769\Debug\liblpc_board_nxp_lpcxpresso_1769.a(board_sysinit.o)
 .ARM.attributes
                0x00000198       0x33 C:\dev\polden-vert\polden-vert-motorControl-lpc1758\lpc_chip_175x_6x\Debug\liblpc_chip_175x_6x.a(chip_17xx_40xx.o)
 .ARM.attributes
                0x000001cb       0x33 C:\dev\polden-vert\polden-vert-motorControl-lpc1758\lpc_chip_175x_6x\Debug\liblpc_chip_175x_6x.a(clock_17xx_40xx.o)
 .ARM.attributes
                0x000001fe       0x33 C:\dev\polden-vert\polden-vert-motorControl-lpc1758\lpc_chip_175x_6x\Debug\liblpc_chip_175x_6x.a(iocon_17xx_40xx.o)
 .ARM.attributes
                0x00000231       0x33 C:\dev\polden-vert\polden-vert-motorControl-lpc1758\lpc_chip_175x_6x\Debug\liblpc_chip_175x_6x.a(sysinit_17xx_40xx.o)
 .ARM.attributes
                0x00000264       0x33 C:\dev\polden-vert\polden-vert-motorControl-lpc1758\lpc_chip_175x_6x\Debug\liblpc_chip_175x_6x.a(uart_17xx_40xx.o)
 .ARM.attributes
                0x00000297       0x33 C:\dev\polden-vert\polden-vert-motorControl-lpc1758\lpc_chip_175x_6x\libs\libusbd_175x_6x_lib.a(mw_usbd_rom_api.o)
 .ARM.attributes
                0x000002ca       0x33 C:\dev\polden-vert\polden-vert-motorControl-lpc1758\lpc_chip_175x_6x\libs\libusbd_175x_6x_lib.a(hw_usbd_ip3503.o)
 .ARM.attributes
                0x000002fd       0x33 C:\dev\polden-vert\polden-vert-motorControl-lpc1758\lpc_chip_175x_6x\libs\libusbd_175x_6x_lib.a(mw_usbd_cdcuser.o)
 .ARM.attributes
                0x00000330       0x33 C:\dev\polden-vert\polden-vert-motorControl-lpc1758\lpc_chip_175x_6x\libs\libusbd_175x_6x_lib.a(mw_usbd_core.o)
 .ARM.attributes
                0x00000363       0x33 C:\dev\polden-vert\polden-vert-motorControl-lpc1758\lpc_chip_175x_6x\libs\libusbd_175x_6x_lib.a(mw_usbd_hiduser.o)
 .ARM.attributes
                0x00000396       0x33 c:/nxp/lpcxpresso_8.2.0_647/lpcxpresso/tools/bin/../lib/gcc/arm-none-eabi/5.3.1/../../../../arm-none-eabi/lib/armv7-m\libcr_nohost.a(_cr__main.o)
 .ARM.attributes
                0x000003c9       0x33 c:/nxp/lpcxpresso_8.2.0_647/lpcxpresso/tools/bin/../lib/gcc/arm-none-eabi/5.3.1/../../../../arm-none-eabi/lib/armv7-m\libcr_c.a(memcpy.o)
 .ARM.attributes
                0x000003fc       0x33 c:/nxp/lpcxpresso_8.2.0_647/lpcxpresso/tools/bin/../lib/gcc/arm-none-eabi/5.3.1/../../../../arm-none-eabi/lib/armv7-m\libcr_c.a(memset.o)
 .ARM.attributes
                0x0000042f       0x33 c:/nxp/lpcxpresso_8.2.0_647/lpcxpresso/tools/bin/../lib/gcc/arm-none-eabi/5.3.1/../../../../arm-none-eabi/lib/armv7-m\libcr_c.a(initio.o)
 .ARM.attributes
                0x00000462       0x33 c:/nxp/lpcxpresso_8.2.0_647/lpcxpresso/tools/bin/../lib/gcc/arm-none-eabi/5.3.1/../../../../arm-none-eabi/lib/armv7-m\libcr_c.a(setvbuf.o)
 .ARM.attributes
                0x00000495       0x33 c:/nxp/lpcxpresso_8.2.0_647/lpcxpresso/tools/bin/../lib/gcc/arm-none-eabi/5.3.1/../../../../arm-none-eabi/lib/armv7-m\libcr_c.a(stdio.o)
 .ARM.attributes
                0x000004c8       0x33 c:/nxp/lpcxpresso_8.2.0_647/lpcxpresso/tools/bin/../lib/gcc/arm-none-eabi/5.3.1/../../../../arm-none-eabi/lib/armv7-m\libcr_c.a(_deferredlazyseek.o)
 .ARM.attributes
                0x000004fb       0x33 c:/nxp/lpcxpresso_8.2.0_647/lpcxpresso/tools/bin/../lib/gcc/arm-none-eabi/5.3.1/../../../../arm-none-eabi/lib/armv7-m\libcr_c.a(_fdopen.o)
 .ARM.attributes
                0x0000052e       0x33 c:/nxp/lpcxpresso_8.2.0_647/lpcxpresso/tools/bin/../lib/gcc/arm-none-eabi/5.3.1/../../../../arm-none-eabi/lib/armv7-m\libcr_c.a(_fflush.o)
 .ARM.attributes
                0x00000561       0x33 c:/nxp/lpcxpresso_8.2.0_647/lpcxpresso/tools/bin/../lib/gcc/arm-none-eabi/5.3.1/../../../../arm-none-eabi/lib/armv7-m\libcr_c.a(_writebuf.o)
 .ARM.attributes
                0x00000594       0x33 c:/nxp/lpcxpresso_8.2.0_647/lpcxpresso/tools/bin/../lib/gcc/arm-none-eabi/5.3.1/../../../../arm-none-eabi/lib/armv7-m\libcr_c.a(alloc.o)
 .ARM.attributes
                0x000005c7       0x33 c:/nxp/lpcxpresso_8.2.0_647/lpcxpresso/tools/bin/../lib/gcc/arm-none-eabi/5.3.1/../../../../arm-none-eabi/lib/armv7-m\libcr_c.a(fclose.o)
 .ARM.attributes
                0x000005fa       0x33 c:/nxp/lpcxpresso_8.2.0_647/lpcxpresso/tools/bin/../lib/gcc/arm-none-eabi/5.3.1/../../../../arm-none-eabi/lib/armv7-m\libcr_c.a(fflush.o)
 .ARM.attributes
                0x0000062d       0x33 c:/nxp/lpcxpresso_8.2.0_647/lpcxpresso/tools/bin/../lib/gcc/arm-none-eabi/5.3.1/../../../../arm-none-eabi/lib/armv7-m\libcr_c.a(fseek.o)
 .ARM.attributes
                0x00000660       0x33 c:/nxp/lpcxpresso_8.2.0_647/lpcxpresso/tools/bin/../lib/gcc/arm-none-eabi/5.3.1/../../../../arm-none-eabi/lib/armv7-m\libcr_c.a(ftell.o)
 .ARM.attributes
                0x00000693       0x33 c:/nxp/lpcxpresso_8.2.0_647/lpcxpresso/tools/bin/../lib/gcc/arm-none-eabi/5.3.1/../../../../arm-none-eabi/lib/armv7-m\libcr_c.a(remove.o)
 .ARM.attributes
                0x000006c6       0x33 c:/nxp/lpcxpresso_8.2.0_647/lpcxpresso/tools/bin/../lib/gcc/arm-none-eabi/5.3.1/../../../../arm-none-eabi/lib/armv7-m\libcr_c.a(strlen.o)
 .ARM.attributes
                0x000006f9       0x33 c:/nxp/lpcxpresso_8.2.0_647/lpcxpresso/tools/bin/../lib/gcc/arm-none-eabi/5.3.1/../../../../arm-none-eabi/lib/armv7-m\libcr_c.a(__init_alloc.o)
 .ARM.attributes
                0x0000072c       0x33 c:/nxp/lpcxpresso_8.2.0_647/lpcxpresso/tools/bin/../lib/gcc/arm-none-eabi/5.3.1/../../../../arm-none-eabi/lib/armv7-m\libcr_c.a(_cr_sbrk.o)
 .ARM.attributes
                0x0000075f       0x33 c:/nxp/lpcxpresso_8.2.0_647/lpcxpresso/tools/bin/../lib/gcc/arm-none-eabi/5.3.1/../../../../arm-none-eabi/lib/armv7-m\libcr_c.a(_do_fflush.o)
 .ARM.attributes
                0x00000792       0x33 c:/nxp/lpcxpresso_8.2.0_647/lpcxpresso/tools/bin/../lib/gcc/arm-none-eabi/5.3.1/../../../../arm-none-eabi/lib/armv7-m\libcr_c.a(errno.o)
 .ARM.attributes
                0x000007c5       0x33 c:/nxp/lpcxpresso_8.2.0_647/lpcxpresso/tools/bin/../lib/gcc/arm-none-eabi/5.3.1/../../../../arm-none-eabi/lib/armv7-m\libcr_c.a(_cr_check_heap.o)
 .ARM.attributes
                0x000007f8       0x21 c:/nxp/lpcxpresso_8.2.0_647/lpcxpresso/tools/bin/../lib/gcc/arm-none-eabi/5.3.1/armv7-m\libcr_eabihelpers.a(memcpy.o)
 .ARM.attributes
                0x00000819       0x33 c:/nxp/lpcxpresso_8.2.0_647/lpcxpresso/tools/bin/../lib/gcc/arm-none-eabi/5.3.1/../../../../arm-none-eabi/lib/armv7-m\libcr_nohost.a(__sys_appexit.o)
 .ARM.attributes
                0x0000084c       0x33 c:/nxp/lpcxpresso_8.2.0_647/lpcxpresso/tools/bin/../lib/gcc/arm-none-eabi/5.3.1/../../../../arm-none-eabi/lib/armv7-m\libcr_nohost.a(__sys_close.o)
 .ARM.attributes
                0x0000087f       0x33 c:/nxp/lpcxpresso_8.2.0_647/lpcxpresso/tools/bin/../lib/gcc/arm-none-eabi/5.3.1/../../../../arm-none-eabi/lib/armv7-m\libcr_nohost.a(__sys_flen.o)
 .ARM.attributes
                0x000008b2       0x33 c:/nxp/lpcxpresso_8.2.0_647/lpcxpresso/tools/bin/../lib/gcc/arm-none-eabi/5.3.1/../../../../arm-none-eabi/lib/armv7-m\libcr_nohost.a(__sys_istty.o)
 .ARM.attributes
                0x000008e5       0x33 c:/nxp/lpcxpresso_8.2.0_647/lpcxpresso/tools/bin/../lib/gcc/arm-none-eabi/5.3.1/../../../../arm-none-eabi/lib/armv7-m\libcr_nohost.a(__sys_remove.o)
 .ARM.attributes
                0x00000918       0x33 c:/nxp/lpcxpresso_8.2.0_647/lpcxpresso/tools/bin/../lib/gcc/arm-none-eabi/5.3.1/../../../../arm-none-eabi/lib/armv7-m\libcr_nohost.a(__sys_seek.o)
 .ARM.attributes
                0x0000094b       0x33 c:/nxp/lpcxpresso_8.2.0_647/lpcxpresso/tools/bin/../lib/gcc/arm-none-eabi/5.3.1/../../../../arm-none-eabi/lib/armv7-m\libcr_nohost.a(__sys_tmpnam.o)

.debug_frame    0x00000000     0x1e58
 .debug_frame   0x00000000      0x19c ./example/src/cdc_vcom.o
 .debug_frame   0x0000019c       0xd8 ./example/src/composite_main.o
 .debug_frame   0x00000274      0x170 ./example/src/cr_startup_lpc175x_6x.o
 .debug_frame   0x000003e4      0x164 ./example/src/hid_mouse.o
 .debug_frame   0x00000548       0x34 ./example/src/sysinit.o
 .debug_frame   0x0000057c      0x5d4 C:\dev\polden-vert\polden-vert-motorControl-lpc1758\lpc_board_nxp_lpcxpresso_1769\Debug\liblpc_board_nxp_lpcxpresso_1769.a(board.o)
 .debug_frame   0x00000b50       0x8c C:\dev\polden-vert\polden-vert-motorControl-lpc1758\lpc_board_nxp_lpcxpresso_1769\Debug\liblpc_board_nxp_lpcxpresso_1769.a(board_sysinit.o)
 .debug_frame   0x00000bdc       0x88 C:\dev\polden-vert\polden-vert-motorControl-lpc1758\lpc_chip_175x_6x\Debug\liblpc_chip_175x_6x.a(chip_17xx_40xx.o)
 .debug_frame   0x00000c64      0x490 C:\dev\polden-vert\polden-vert-motorControl-lpc1758\lpc_chip_175x_6x\Debug\liblpc_chip_175x_6x.a(clock_17xx_40xx.o)
 .debug_frame   0x000010f4       0x80 C:\dev\polden-vert\polden-vert-motorControl-lpc1758\lpc_chip_175x_6x\Debug\liblpc_chip_175x_6x.a(iocon_17xx_40xx.o)
 .debug_frame   0x00001174      0x12c C:\dev\polden-vert\polden-vert-motorControl-lpc1758\lpc_chip_175x_6x\Debug\liblpc_chip_175x_6x.a(sysinit_17xx_40xx.o)
 .debug_frame   0x000012a0      0x538 C:\dev\polden-vert\polden-vert-motorControl-lpc1758\lpc_chip_175x_6x\Debug\liblpc_chip_175x_6x.a(uart_17xx_40xx.o)
 .debug_frame   0x000017d8      0x2cc C:\dev\polden-vert\polden-vert-motorControl-lpc1758\lpc_chip_175x_6x\libs\libusbd_175x_6x_lib.a(hw_usbd_ip3503.o)
 .debug_frame   0x00001aa4       0xac C:\dev\polden-vert\polden-vert-motorControl-lpc1758\lpc_chip_175x_6x\libs\libusbd_175x_6x_lib.a(mw_usbd_cdcuser.o)
 .debug_frame   0x00001b50      0x234 C:\dev\polden-vert\polden-vert-motorControl-lpc1758\lpc_chip_175x_6x\libs\libusbd_175x_6x_lib.a(mw_usbd_core.o)
 .debug_frame   0x00001d84       0xd4 C:\dev\polden-vert\polden-vert-motorControl-lpc1758\lpc_chip_175x_6x\libs\libusbd_175x_6x_lib.a(mw_usbd_hiduser.o)

.debug_loc      0x00000000     0x3035
 .debug_loc     0x00000000      0xf0b C:\dev\polden-vert\polden-vert-motorControl-lpc1758\lpc_chip_175x_6x\libs\libusbd_175x_6x_lib.a(hw_usbd_ip3503.o)
 .debug_loc     0x00000f0b      0xb98 C:\dev\polden-vert\polden-vert-motorControl-lpc1758\lpc_chip_175x_6x\libs\libusbd_175x_6x_lib.a(mw_usbd_cdcuser.o)
 .debug_loc     0x00001aa3      0xe2e C:\dev\polden-vert\polden-vert-motorControl-lpc1758\lpc_chip_175x_6x\libs\libusbd_175x_6x_lib.a(mw_usbd_core.o)