Archive member included to satisfy reference by file (symbol)

C:\dev\polden-vert\polden-vert-motorControl-lpc1758\lpc_board_nxp_lpcxpresso_1769\Debug\liblpc_board_nxp_lpcxpresso_1769.a(board.o)
                              ./freertos/src/FreeRTOSCommonHooks.o (Board_UARTPutSTR)
C:\dev\polden-vert\polden-vert-motorControl-lpc1758\lpc_chip_175x_6x\Debug\liblpc_chip_175x_6x.a(chip_17xx_40xx.o)
                              ./freertos/src/port.o (SystemCoreClock)
C:\dev\polden-vert\polden-vert-motorControl-lpc1758\lpc_chip_175x_6x\Debug\liblpc_chip_175x_6x.a(clock_17xx_40xx.o)
                              ./example/src/sysinit.o (Chip_Clock_EnablePLL)
C:\dev\polden-vert\polden-vert-motorControl-lpc1758\lpc_chip_175x_6x\Debug\liblpc_chip_175x_6x.a(i2s_17xx_40xx.o)
                              C:\dev\polden-vert\polden-vert-motorControl-lpc1758\lpc_board_nxp_lpcxpresso_1769\Debug\liblpc_board_nxp_lpcxpresso_1769.a(board.o) (Chip_I2S_Init)
C:\dev\polden-vert\polden-vert-motorControl-lpc1758\lpc_chip_175x_6x\Debug\liblpc_chip_175x_6x.a(iocon_17xx_40xx.o)
                              ./example/src/webserver_freertos.o (Chip_IOCON_PinMux)
C:\dev\polden-vert\polden-vert-motorControl-lpc1758\lpc_chip_175x_6x\Debug\liblpc_chip_175x_6x.a(ring_buffer.o)
                              ./example/src/motorCtrl.o (RingBuffer_Init)
C:\dev\polden-vert\polden-vert-motorControl-lpc1758\lpc_chip_175x_6x\Debug\liblpc_chip_175x_6x.a(ssp_17xx_40xx.o)
                              ./example/src/webserver_freertos.o (Chip_SSP_SetMaster)
C:\dev\polden-vert\polden-vert-motorControl-lpc1758\lpc_chip_175x_6x\Debug\liblpc_chip_175x_6x.a(uart_17xx_40xx.o)
                              ./example/src/webserver_freertos.o (Chip_UART_Init)
c:/nxp/lpcxpresso_8.2.0_647/lpcxpresso/tools/bin/../lib/gcc/arm-none-eabi/5.3.1/../../../../arm-none-eabi/lib/armv7-m\libcr_nohost.a(_cr__main.o)
                              ./example/src/cr_startup_lpc175x_6x.o (__main)
c:/nxp/lpcxpresso_8.2.0_647/lpcxpresso/tools/bin/../lib/gcc/arm-none-eabi/5.3.1/../../../../arm-none-eabi/lib/armv7-m\libcr_c.a(memcpy.o)
                              ./freertos/src/queue.o (memcpy)
c:/nxp/lpcxpresso_8.2.0_647/lpcxpresso/tools/bin/../lib/gcc/arm-none-eabi/5.3.1/../../../../arm-none-eabi/lib/armv7-m\libcr_c.a(memset.o)
                              ./freertos/src/tasks.o (memset)
c:/nxp/lpcxpresso_8.2.0_647/lpcxpresso/tools/bin/../lib/gcc/arm-none-eabi/5.3.1/../../../../arm-none-eabi/lib/armv7-m\libcr_c.a(alloc.o)
                              ./freertos/src/heap_3.o (malloc)
c:/nxp/lpcxpresso_8.2.0_647/lpcxpresso/tools/bin/../lib/gcc/arm-none-eabi/5.3.1/../../../../arm-none-eabi/lib/armv7-m\libcr_c.a(fpprintf.o)
                              ./freertos/src/FreeRTOSCommonHooks.o (printf)
c:/nxp/lpcxpresso_8.2.0_647/lpcxpresso/tools/bin/../lib/gcc/arm-none-eabi/5.3.1/../../../../arm-none-eabi/lib/armv7-m\libcr_c.a(initio.o)
                              c:/nxp/lpcxpresso_8.2.0_647/lpcxpresso/tools/bin/../lib/gcc/arm-none-eabi/5.3.1/../../../../arm-none-eabi/lib/armv7-m\libcr_nohost.a(_cr__main.o) (_initio)
c:/nxp/lpcxpresso_8.2.0_647/lpcxpresso/tools/bin/../lib/gcc/arm-none-eabi/5.3.1/../../../../arm-none-eabi/lib/armv7-m\libcr_c.a(printf.o)
                              c:/nxp/lpcxpresso_8.2.0_647/lpcxpresso/tools/bin/../lib/gcc/arm-none-eabi/5.3.1/../../../../arm-none-eabi/lib/armv7-m\libcr_c.a(fpprintf.o) (__vfprintf)
c:/nxp/lpcxpresso_8.2.0_647/lpcxpresso/tools/bin/../lib/gcc/arm-none-eabi/5.3.1/../../../../arm-none-eabi/lib/armv7-m\libcr_c.a(scanf.o)
                              ./example/src/netconn_fs.o (sscanf)
c:/nxp/lpcxpresso_8.2.0_647/lpcxpresso/tools/bin/../lib/gcc/arm-none-eabi/5.3.1/../../../../arm-none-eabi/lib/armv7-m\libcr_c.a(setvbuf.o)
                              c:/nxp/lpcxpresso_8.2.0_647/lpcxpresso/tools/bin/../lib/gcc/arm-none-eabi/5.3.1/../../../../arm-none-eabi/lib/armv7-m\libcr_c.a(initio.o) (setvbuf)
c:/nxp/lpcxpresso_8.2.0_647/lpcxpresso/tools/bin/../lib/gcc/arm-none-eabi/5.3.1/../../../../arm-none-eabi/lib/armv7-m\libcr_c.a(stdio.o)
                              c:/nxp/lpcxpresso_8.2.0_647/lpcxpresso/tools/bin/../lib/gcc/arm-none-eabi/5.3.1/../../../../arm-none-eabi/lib/armv7-m\libcr_c.a(fpprintf.o) (__Ciob)
c:/nxp/lpcxpresso_8.2.0_647/lpcxpresso/tools/bin/../lib/gcc/arm-none-eabi/5.3.1/../../../../arm-none-eabi/lib/armv7-m\libcr_c.a(stdlib.o)
                              ./example/src/motorCtrl.o (abs)
c:/nxp/lpcxpresso_8.2.0_647/lpcxpresso/tools/bin/../lib/gcc/arm-none-eabi/5.3.1/../../../../arm-none-eabi/lib/armv7-m\libcr_c.a(strcat.o)
                              ./example/src/lwip_fs.o (strcat)
c:/nxp/lpcxpresso_8.2.0_647/lpcxpresso/tools/bin/../lib/gcc/arm-none-eabi/5.3.1/../../../../arm-none-eabi/lib/armv7-m\libcr_c.a(strchr.o)
                              ./example/src/netconn_fs.o (strchr)
c:/nxp/lpcxpresso_8.2.0_647/lpcxpresso/tools/bin/../lib/gcc/arm-none-eabi/5.3.1/../../../../arm-none-eabi/lib/armv7-m\libcr_c.a(strcmp.o)
[...]
Memory Configuration

Name             Origin             Length             Attributes
MFlash512        0x00000000         0x00080000         xr
RamLoc32         0x10000000         0x00008000         xrw
RamAHB32         0x2007c000         0x00008000         xrw
*default*        0x00000000         0xffffffff

Linker script and memory map

LOAD ./freertos/src/FreeRTOSCommonHooks.o
LOAD ./freertos/src/heap_3.o
LOAD ./freertos/src/list.o
LOAD ./freertos/src/port.o
LOAD ./freertos/src/queue.o
LOAD ./freertos/src/tasks.o
LOAD ./example/src/cr_redlib_heap_fix.o
LOAD ./example/src/cr_startup_lpc175x_6x.o
LOAD ./example/src/lwip_fs.o
LOAD ./example/src/motorCtrl.o
LOAD ./example/src/netconn_fs.o
LOAD ./example/src/sysinit.o
LOAD ./example/src/utils.o
LOAD ./example/src/webserver_freertos.o
LOAD C:\dev\polden-vert\polden-vert-motorControl-lpc1758\lpc_board_nxp_lpcxpresso_1769\Debug\liblpc_board_nxp_lpcxpresso_1769.a
LOAD C:\dev\polden-vert\polden-vert-motorControl-lpc1758\lpc_chip_175x_6x\Debug\liblpc_chip_175x_6x.a
START GROUP
LOAD c:/nxp/lpcxpresso_8.2.0_647/lpcxpresso/tools/bin/../lib/gcc/arm-none-eabi/5.3.1/../../../../arm-none-eabi/lib/armv7-m\libcr_nohost.a
LOAD c:/nxp/lpcxpresso_8.2.0_647/lpcxpresso/tools/bin/../lib/gcc/arm-none-eabi/5.3.1/../../../../arm-none-eabi/lib/armv7-m\libcr_c.a
LOAD c:/nxp/lpcxpresso_8.2.0_647/lpcxpresso/tools/bin/../lib/gcc/arm-none-eabi/5.3.1/armv7-m\libcr_eabihelpers.a
END GROUP
                0x00000000                __base_MFlash512 = 0x0
                0x00000000                __base_Flash = 0x0
                0x00080000                __top_MFlash512 = 0x80000
                0x00080000                __top_Flash = 0x80000
                0x10000000                __base_RamLoc32 = 0x10000000
                0x10000000                __base_RAM = 0x10000000
                0x10008000                __top_RamLoc32 = 0x10008000
                0x10008000                __top_RAM = 0x10008000
                0x2007c000                __base_RamAHB32 = 0x2007c000
                0x2007c000                __base_RAM2 = 0x2007c000
                0x20084000                __top_RamAHB32 = 0x20084000
                0x20084000                __top_RAM2 = 0x20084000

.text           0x00000000     0x50a8
 FILL mask 0xff
                0x00000000                __vectors_start__ = ABSOLUTE (.)
 *(.isr_vector)
 .isr_vector    0x00000000       0xcc ./example/src/cr_startup_lpc175x_6x.o
                0x00000000                g_pfnVectors
                0x000000cc                . = ALIGN (0x4)
                0x000000cc                __section_table_start = .
                0x000000cc                __data_section_table = .
                0x000000cc        0x4 LONG 0x50a8 LOADADDR (.data)
                0x000000d0        0x4 LONG 0x10000000 ADDR (.data)
                0x000000d4        0x4 LONG 0x8 SIZEOF (.data)
                0x000000d8        0x4 LONG 0x50a8 LOADADDR (.data_RAM2)
                0x000000dc        0x4 LONG 0x2007c000 ADDR (.data_RAM2)
                0x000000e0        0x4 LONG 0x0 SIZEOF (.data_RAM2)
                0x000000e4                __data_section_table_end = .
                0x000000e4                __bss_section_table = .
                0x000000e4        0x4 LONG 0x10000008 ADDR (.bss)
                0x000000e8        0x4 LONG 0x5d74 SIZEOF (.bss)
                0x000000ec        0x4 LONG 0x2007c000 ADDR (.bss_RAM2)
                0x000000f0        0x4 LONG 0x0 SIZEOF (.bss_RAM2)
                0x000000f4                __bss_section_table_end = .
                0x000000f4                __section_table_end = .
 *(.after_vectors*)
 .after_vectors
                0x000000f4       0xd0 ./example/src/cr_startup_lpc175x_6x.o
                0x000000f4                NMI_Handler
                0x000000f8                HardFault_Handler
                0x000000fc                MemManage_Handler
                0x00000100                BusFault_Handler
                0x00000104                UsageFault_Handler
                0x0000010c                DebugMon_Handler
                0x00000118                RIT_IRQHandler
                0x00000118                I2C1_IRQHandler
                0x00000118                USBActivity_IRQHandler
                0x00000118                UART1_IRQHandler
                0x00000118                EINT3_IRQHandler
                0x00000118                CANActivity_IRQHandler
                0x00000118                EINT2_IRQHandler
                0x00000118                PWM1_IRQHandler
                0x00000118                UART3_IRQHandler
                0x00000118                I2C0_IRQHandler
                0x00000118                IntDefaultHandler
                0x00000118                PLL0_IRQHandler
                0x00000118                CAN_IRQHandler
                0x00000118                PLL1_IRQHandler
                0x00000118                SSP0_IRQHandler
                0x00000118                I2S_IRQHandler
                0x00000118                I2C2_IRQHandler
                0x00000118                RTC_IRQHandler
                0x00000118                TIMER0_IRQHandler
                0x00000118                SPI_IRQHandler
                0x00000118                TIMER3_IRQHandler
                0x00000118                EINT1_IRQHandler
                0x00000118                TIMER1_IRQHandler
                0x00000118                UART2_IRQHandler
                0x00000118                ADC_IRQHandler
                0x00000118                SSP1_IRQHandler
                0x00000118                USB_IRQHandler
                0x00000118                BOD_IRQHandler
                0x00000118                TIMER2_IRQHandler
                0x00000118                WDT_IRQHandler
                0x00000118                QEI_IRQHandler
                0x00000118                EINT0_IRQHandler
                0x00000118                ETH_IRQHandler
                0x00000118                DMA_IRQHandler
                0x00000118                MCPWM_IRQHandler
                0x0000011c                ResetISR
                0x00000190                data_init
                0x000001ac                bss_init
 *(.text*)
 .text.vApplicationMallocFailedHook
                0x000001c4       0x14 ./freertos/src/FreeRTOSCommonHooks.o
                0x000001c4                vApplicationMallocFailedHook
 .text.vApplicationIdleHook
                0x000001d8        0x4 ./freertos/src/FreeRTOSCommonHooks.o
                0x000001d8                vApplicationIdleHook
 .text.vApplicationStackOverflowHook
                0x000001dc       0x14 ./freertos/src/FreeRTOSCommonHooks.o
                0x000001dc                vApplicationStackOverflowHook
 .text.pvPortMalloc
                0x000001f0       0x24 ./freertos/src/heap_3.o
                0x000001f0                pvPortMalloc
 .text.vPortFree
                0x00000214       0x1c ./freertos/src/heap_3.o
                0x00000214                vPortFree
 .text.vListInitialise
                0x00000230       0x18 ./freertos/src/list.o
                0x00000230                vListInitialise
 .text.vListInitialiseItem
                0x00000248        0x8 ./freertos/src/list.o
                0x00000248                vListInitialiseItem
 .text.vListInsertEnd
                0x00000250       0x1c ./freertos/src/list.o
                0x00000250                vListInsertEnd
 .text.uxListRemove
                0x0000026c       0x28 ./freertos/src/list.o
                0x0000026c                uxListRemove
 .text.prvPortStartFirstTask
                0x00000294       0x14 ./freertos/src/port.o
 .text.pxPortInitialiseStack
                0x000002a8       0x24 ./freertos/src/port.o
                0x000002a8                pxPortInitialiseStack
 .text.SVC_Handler
                0x000002cc       0x20 ./freertos/src/port.o
                0x000002cc                SVC_Handler
 .text.vPortYield
                0x000002ec       0x18 ./freertos/src/port.o
                0x000002ec                vPortYield
 .text.ulPortSetInterruptMask
                0x00000304       0x10 ./freertos/src/port.o
                0x00000304                ulPortSetInterruptMask
 .text.prvTaskExitError
                0x00000314        0x8 ./freertos/src/port.o
 .text.vPortEnterCritical
                0x0000031c       0x1c ./freertos/src/port.o
                0x0000031c                vPortEnterCritical
 .text.vPortClearInterruptMask
                0x00000338        0x8 ./freertos/src/port.o
                0x00000338                vPortClearInterruptMask
 .text.vPortExitCritical
                0x00000340       0x14 ./freertos/src/port.o
                0x00000340                vPortExitCritical
 .text.PendSV_Handler
                0x00000354       0x3c ./freertos/src/port.o
                0x00000354                PendSV_Handler
 .text.SysTick_Handler
                0x00000390       0x24 ./freertos/src/port.o
                0x00000390                SysTick_Handler
 .text.vPortSetupTimerInterrupt
                0x000003b4       0x2c ./freertos/src/port.o
                0x000003b4                vPortSetupTimerInterrupt
 .text.xPortStartScheduler
                0x000003e0       0x30 ./freertos/src/port.o
                0x000003e0                xPortStartScheduler
 .text.xTaskGenericCreate
                0x00000410      0x1d0 ./freertos/src/tasks.o
                0x00000410                xTaskGenericCreate
 .text.vTaskStartScheduler
                0x000005e0      0x190 ./freertos/src/tasks.o
                0x000005e0                vTaskStartScheduler
 .text.vTaskSuspendAll
                0x00000770       0x10 ./freertos/src/tasks.o
                0x00000770                vTaskSuspendAll
 .text.xTaskGetTickCount
                0x00000780       0x18 ./freertos/src/tasks.o
                0x00000780                xTaskGetTickCount
 .text.xTaskIncrementTick
                0x00000798      0x148 ./freertos/src/tasks.o
                0x00000798                xTaskIncrementTick
 .text.xTaskResumeAll
                0x000008e0       0xd4 ./freertos/src/tasks.o
                0x000008e0                xTaskResumeAll
 .text.prvIdleTask
                0x000009b4       0x8c ./freertos/src/tasks.o
 .text.vTaskSwitchContext
                0x00000a40       0x8c ./freertos/src/tasks.o
                0x00000a40                vTaskSwitchContext
 .text.__check_heap_overflow
                0x00000acc       0x10 ./example/src/cr_redlib_heap_fix.o
                0x00000acc                __check_heap_overflow
 .text.parseStr
                0x00000adc      0x1c4 ./example/src/motorCtrl.o
                0x00000adc                parseStr
 .text.motorCtrlPoll
                0x00000ca0       0xac ./example/src/motorCtrl.o
                0x00000ca0                motorCtrlPoll
 .text.vUartctrl
                0x00000d4c      0x1d8 ./example/src/motorCtrl.o
                0x00000d4c                vUartctrl
 .text.SystemInit
                0x00000f24       0x80 ./example/src/sysinit.o
                0x00000f24                SystemInit
 .text.getPos   0x00000fa4      0x10c ./example/src/utils.o
                0x00000fa4                getPos
 .text.motorSetDiv
                0x000010b0       0x9c ./example/src/utils.o
                0x000010b0                motorSetDiv
 .text.motorSetDir
                0x0000114c       0x90 ./example/src/utils.o
                0x0000114c                motorSetDir
 .text.motorPositionReset
                0x000011dc       0x6c ./example/src/utils.o
                0x000011dc                motorPositionReset
 .text.motorDisable
                0x00001248       0x90 ./example/src/utils.o
                0x00001248                motorDisable
 .text.motorEnable
                0x000012d8       0x88 ./example/src/utils.o
                0x000012d8                motorEnable
 .text.impToMm  0x00001360       0x14 ./example/src/utils.o
                0x00001360                impToMm
 .text.mmToImp  0x00001374        0xc ./example/src/utils.o
                0x00001374                mmToImp
 .text.uartInit
                0x00001380       0x80 ./example/src/webserver_freertos.o
                0x00001380                uartInit
 .text.UART0_IRQHandler
                0x00001400       0x14 ./example/src/webserver_freertos.o
                0x00001400                UART0_IRQHandler
 .text.SSPInit  0x00001414       0x34 ./example/src/webserver_freertos.o
                0x00001414                SSPInit
 .text.startup.main
                0x00001448      0x16c ./example/src/webserver_freertos.o
                0x00001448                main
 .text.Chip_IOCON_Init
                0x000015b4       0x18 C:\dev\polden-vert\polden-vert-motorControl-lpc1758\lpc_board_nxp_lpcxpresso_1769\Debug\liblpc_board_nxp_lpcxpresso_1769.a(board.o)
 .text.Chip_GPIO_Init
                0x000015cc       0x18 C:\dev\polden-vert\polden-vert-motorControl-lpc1758\lpc_board_nxp_lpcxpresso_1769\Debug\liblpc_board_nxp_lpcxpresso_1769.a(board.o)
 .text.Chip_GPIO_SetPinDIROutput
                0x000015e4       0x38 C:\dev\polden-vert\polden-vert-motorControl-lpc1758\lpc_board_nxp_lpcxpresso_1769\Debug\liblpc_board_nxp_lpcxpresso_1769.a(board.o)
 .text.Chip_GPIO_SetPinDIRInput
                0x0000161c       0x3c C:\dev\polden-vert\polden-vert-motorControl-lpc1758\lpc_board_nxp_lpcxpresso_1769\Debug\liblpc_board_nxp_lpcxpresso_1769.a(board.o)
 .text.Chip_GPIO_SetPinDIR
                0x00001658       0x44 C:\dev\polden-vert\polden-vert-motorControl-lpc1758\lpc_board_nxp_lpcxpresso_1769\Debug\liblpc_board_nxp_lpcxpresso_1769.a(board.o)
 .text.Chip_GPIO_WriteDirBit
                0x0000169c       0x30 C:\dev\polden-vert\polden-vert-motorControl-lpc1758\lpc_board_nxp_lpcxpresso_1769\Debug\liblpc_board_nxp_lpcxpresso_1769.a(board.o)
 .text.Chip_UART_SendByte
                0x000016cc       0x1c C:\dev\polden-vert\polden-vert-motorControl-lpc1758\lpc_board_nxp_lpcxpresso_1769\Debug\liblpc_board_nxp_lpcxpresso_1769.a(board.o)
 .text.Chip_UART_ConfigData
                0x000016e8       0x1c C:\dev\polden-vert\polden-vert-motorControl-lpc1758\lpc_board_nxp_lpcxpresso_1769\Debug\liblpc_board_nxp_lpcxpresso_1769.a(board.o)
 .text.Chip_UART_ReadLineStatus
                0x00001704       0x18 C:\dev\polden-vert\polden-vert-motorControl-lpc1758\lpc_board_nxp_lpcxpresso_1769\Debug\liblpc_board_nxp_lpcxpresso_1769.a(board.o)
 .text.__sys_write
                0x0000171c       0x38 C:\dev\polden-vert\polden-vert-motorControl-lpc1758\lpc_board_nxp_lpcxpresso_1769\Debug\liblpc_board_nxp_lpcxpresso_1769.a(board.o)
                0x0000171c                __sys_write
 .text.Board_LED_Init
                0x00001754       0x18 C:\dev\polden-vert\polden-vert-motorControl-lpc1758\lpc_board_nxp_lpcxpresso_1769\Debug\liblpc_board_nxp_lpcxpresso_1769.a(board.o)
 .text.Board_UART_Init
                0x0000176c       0x14 C:\dev\polden-vert\polden-vert-motorControl-lpc1758\lpc_board_nxp_lpcxpresso_1769\Debug\liblpc_board_nxp_lpcxpresso_1769.a(board.o)
                0x0000176c                Board_UART_Init
 .text.Board_Debug_Init
                0x00001780       0x30 C:\dev\polden-vert\polden-vert-motorControl-lpc1758\lpc_board_nxp_lpcxpresso_1769\Debug\liblpc_board_nxp_lpcxpresso_1769.a(board.o)
                0x00001780                Board_Debug_Init
 .text.Board_UARTPutChar
                0x000017b0       0x34 C:\dev\polden-vert\polden-vert-motorControl-lpc1758\lpc_board_nxp_lpcxpresso_1769\Debug\liblpc_board_nxp_lpcxpresso_1769.a(board.o)
                0x000017b0                Board_UARTPutChar
 .text.Board_UARTPutSTR
                0x000017e4       0x28 C:\dev\polden-vert\polden-vert-motorControl-lpc1758\lpc_board_nxp_lpcxpresso_1769\Debug\liblpc_board_nxp_lpcxpresso_1769.a(board.o)
                0x000017e4                Board_UARTPutSTR
 .text.Board_Init
                0x0000180c       0x24 C:\dev\polden-vert\polden-vert-motorControl-lpc1758\lpc_board_nxp_lpcxpresso_1769\Debug\liblpc_board_nxp_lpcxpresso_1769.a(board.o)
                0x0000180c                Board_Init
 .text.Board_SSP_Init
                0x00001830       0xa4 C:\dev\polden-vert\polden-vert-motorControl-lpc1758\lpc_board_nxp_lpcxpresso_1769\Debug\liblpc_board_nxp_lpcxpresso_1769.a(board.o)
                0x00001830                Board_SSP_Init
 .text.SystemCoreClockUpdate
                0x000018d4       0x18 C:\dev\polden-vert\polden-vert-motorControl-lpc1758\lpc_chip_175x_6x\Debug\liblpc_chip_175x_6x.a(chip_17xx_40xx.o)
                0x000018d4                SystemCoreClockUpdate
 .text.Chip_Clock_IsMainPLLEnabled
                0x000018ec       0x24 C:\dev\polden-vert\polden-vert-motorControl-lpc1758\lpc_chip_175x_6x\Debug\liblpc_chip_175x_6x.a(clock_17xx_40xx.o)
 .text.Chip_Clock_IsMainPLLConnected
                0x00001910       0x24 C:\dev\polden-vert\polden-vert-motorControl-lpc1758\lpc_chip_175x_6x\Debug\liblpc_chip_175x_6x.a(clock_17xx_40xx.o)
 .text.Chip_Clock_FeedPLL
                0x00001934       0x34 C:\dev\polden-vert\polden-vert-motorControl-lpc1758\lpc_chip_175x_6x\Debug\liblpc_chip_175x_6x.a(clock_17xx_40xx.o)
 .text.Chip_Clock_GetMainPLLSource
                0x00001968       0x20 C:\dev\polden-vert\polden-vert-motorControl-lpc1758\lpc_chip_175x_6x\Debug\liblpc_chip_175x_6x.a(clock_17xx_40xx.o)
 .text.Chip_Clock_GetMainOscRate
                0x00001988       0x14 C:\dev\polden-vert\polden-vert-motorControl-lpc1758\lpc_chip_175x_6x\Debug\liblpc_chip_175x_6x.a(clock_17xx_40xx.o)
 .text.Chip_Clock_GetIntOscRate
                0x0000199c       0x14 C:\dev\polden-vert\polden-vert-motorControl-lpc1758\lpc_chip_175x_6x\Debug\liblpc_chip_175x_6x.a(clock_17xx_40xx.o)
 .text.Chip_Clock_GetRTCOscRate
                0x000019b0       0x14 C:\dev\polden-vert\polden-vert-motorControl-lpc1758\lpc_chip_175x_6x\Debug\liblpc_chip_175x_6x.a(clock_17xx_40xx.o)
 .text.Chip_Clock_GetMainPLLInClockRate
                0x000019c4       0x10 C:\dev\polden-vert\polden-vert-motorControl-lpc1758\lpc_chip_175x_6x\Debug\liblpc_chip_175x_6x.a(clock_17xx_40xx.o)
 .text.Chip_Clock_EnablePLL
                0x000019d4       0x44 C:\dev\polden-vert\polden-vert-motorControl-lpc1758\lpc_chip_175x_6x\Debug\liblpc_chip_175x_6x.a(clock_17xx_40xx.o)
                0x000019d4                Chip_Clock_EnablePLL
 .text.Chip_Clock_DisablePLL
                0x00001a18       0x48 C:\dev\polden-vert\polden-vert-motorControl-lpc1758\lpc_chip_175x_6x\Debug\liblpc_chip_175x_6x.a(clock_17xx_40xx.o)
                0x00001a18                Chip_Clock_DisablePLL
 .text.Chip_Clock_SetupPLL
                0x00001a60       0x5c C:\dev\polden-vert\polden-vert-motorControl-lpc1758\lpc_chip_175x_6x\Debug\liblpc_chip_175x_6x.a(clock_17xx_40xx.o)
                0x00001a60                Chip_Clock_SetupPLL
 .text.Chip_Clock_EnablePeriphClock
                0x00001abc       0x34 C:\dev\polden-vert\polden-vert-motorControl-lpc1758\lpc_chip_175x_6x\Debug\liblpc_chip_175x_6x.a(clock_17xx_40xx.o)
                0x00001abc                Chip_Clock_EnablePeriphClock
 .text.Chip_Clock_GetCPUClockSource
                0x00001af0       0x24 C:\dev\polden-vert\polden-vert-motorControl-lpc1758\lpc_chip_175x_6x\Debug\liblpc_chip_175x_6x.a(clock_17xx_40xx.o)
                0x00001af0                Chip_Clock_GetCPUClockSource
 .text.Chip_Clock_SetCPUClockDiv
                0x00001b14       0x20 C:\dev\polden-vert\polden-vert-motorControl-lpc1758\lpc_chip_175x_6x\Debug\liblpc_chip_175x_6x.a(clock_17xx_40xx.o)
                0x00001b14                Chip_Clock_SetCPUClockDiv
 .text.Chip_Clock_GetCPUClockDiv
                0x00001b34       0x1c C:\dev\polden-vert\polden-vert-motorControl-lpc1758\lpc_chip_175x_6x\Debug\liblpc_chip_175x_6x.a(clock_17xx_40xx.o)
                0x00001b34                Chip_Clock_GetCPUClockDiv
 .text.Chip_Clock_GetPCLKDiv
                0x00001b50       0x8c C:\dev\polden-vert\polden-vert-motorControl-lpc1758\lpc_chip_175x_6x\Debug\liblpc_chip_175x_6x.a(clock_17xx_40xx.o)
                0x00001b50                Chip_Clock_GetPCLKDiv
 .text.Chip_Clock_GetSYSCLKRate
                0x00001bdc       0x34 C:\dev\polden-vert\polden-vert-motorControl-lpc1758\lpc_chip_175x_6x\Debug\liblpc_chip_175x_6x.a(clock_17xx_40xx.o)
                0x00001bdc                Chip_Clock_GetSYSCLKRate
 .text.Chip_Clock_GetMainPLLOutClockRate
                0x00001c10       0x54 C:\dev\polden-vert\polden-vert-motorControl-lpc1758\lpc_chip_175x_6x\Debug\liblpc_chip_175x_6x.a(clock_17xx_40xx.o)
                0x00001c10                Chip_Clock_GetMainPLLOutClockRate
 .text.Chip_Clock_GetMainClockRate
                0x00001c64       0x28 C:\dev\polden-vert\polden-vert-motorControl-lpc1758\lpc_chip_175x_6x\Debug\liblpc_chip_175x_6x.a(clock_17xx_40xx.o)
                0x00001c64                Chip_Clock_GetMainClockRate
 .text.Chip_Clock_GetSystemClockRate
                0x00001c8c       0x18 C:\dev\polden-vert\polden-vert-motorControl-lpc1758\lpc_chip_175x_6x\Debug\liblpc_chip_175x_6x.a(clock_17xx_40xx.o)
                0x00001c8c                Chip_Clock_GetSystemClockRate
 .text.Chip_Clock_GetPeripheralClockRate
                0x00001ca4       0x28 C:\dev\polden-vert\polden-vert-motorControl-lpc1758\lpc_chip_175x_6x\Debug\liblpc_chip_175x_6x.a(clock_17xx_40xx.o)
                0x00001ca4                Chip_Clock_GetPeripheralClockRate
 .text.Chip_IOCON_PinMux
                0x00001ccc       0x94 C:\dev\polden-vert\polden-vert-motorControl-lpc1758\lpc_chip_175x_6x\Debug\liblpc_chip_175x_6x.a(iocon_17xx_40xx.o)
                0x00001ccc                Chip_IOCON_PinMux
 .text.RingBuffer_GetCount
                0x00001d60       0x20 C:\dev\polden-vert\polden-vert-motorControl-lpc1758\lpc_chip_175x_6x\Debug\liblpc_chip_175x_6x.a(ring_buffer.o)
 .text.RingBuffer_IsFull
                0x00001d80       0x28 C:\dev\polden-vert\polden-vert-motorControl-lpc1758\lpc_chip_175x_6x\Debug\liblpc_chip_175x_6x.a(ring_buffer.o)
 .text.RingBuffer_IsEmpty
                0x00001da8       0x28 C:\dev\polden-vert\polden-vert-motorControl-lpc1758\lpc_chip_175x_6x\Debug\liblpc_chip_175x_6x.a(ring_buffer.o)
 .text.RingBuffer_Init
                0x00001dd0       0x3c C:\dev\polden-vert\polden-vert-motorControl-lpc1758\lpc_chip_175x_6x\Debug\liblpc_chip_175x_6x.a(ring_buffer.o)
                0x00001dd0                RingBuffer_Init
 .text.RingBuffer_Insert
                0x00001e0c       0x5c C:\dev\polden-vert\polden-vert-motorControl-lpc1758\lpc_chip_175x_6x\Debug\liblpc_chip_175x_6x.a(ring_buffer.o)
                0x00001e0c                RingBuffer_Insert
 .text.RingBuffer_Pop
                0x00001e68       0x5c C:\dev\polden-vert\polden-vert-motorControl-lpc1758\lpc_chip_175x_6x\Debug\liblpc_chip_175x_6x.a(ring_buffer.o)
                0x00001e68                RingBuffer_Pop
 .text.Chip_SSP_Set_Mode
                0x00001ec4       0x24 C:\dev\polden-vert\polden-vert-motorControl-lpc1758\lpc_chip_175x_6x\Debug\liblpc_chip_175x_6x.a(ssp_17xx_40xx.o)
 .text.Chip_SSP_GetClkIndex
                0x00001ee8       0x2c C:\dev\polden-vert\polden-vert-motorControl-lpc1758\lpc_chip_175x_6x\Debug\liblpc_chip_175x_6x.a(ssp_17xx_40xx.o)
 .text.Chip_SSP_SetClockRate
                0x00001f14       0x34 C:\dev\polden-vert\polden-vert-motorControl-lpc1758\lpc_chip_175x_6x\Debug\liblpc_chip_175x_6x.a(ssp_17xx_40xx.o)
                0x00001f14                Chip_SSP_SetClockRate
 .text.Chip_SSP_SetMaster
                0x00001f48       0x2c C:\dev\polden-vert\polden-vert-motorControl-lpc1758\lpc_chip_175x_6x\Debug\liblpc_chip_175x_6x.a(ssp_17xx_40xx.o)
                0x00001f48                Chip_SSP_SetMaster
 .text.Chip_SSP_SetBitRate
                0x00001f74       0x74 C:\dev\polden-vert\polden-vert-motorControl-lpc1758\lpc_chip_175x_6x\Debug\liblpc_chip_175x_6x.a(ssp_17xx_40xx.o)
                0x00001f74                Chip_SSP_SetBitRate
 .text.RingBuffer_IsEmpty
                0x00001fe8       0x28 C:\dev\polden-vert\polden-vert-motorControl-lpc1758\lpc_chip_175x_6x\Debug\liblpc_chip_175x_6x.a(uart_17xx_40xx.o)
 .text.Chip_UART_SendByte
                0x00002010       0x1c C:\dev\polden-vert\polden-vert-motorControl-lpc1758\lpc_chip_175x_6x\Debug\liblpc_chip_175x_6x.a(uart_17xx_40xx.o)
 .text.Chip_UART_ReadByte
                0x0000202c       0x18 C:\dev\polden-vert\polden-vert-motorControl-lpc1758\lpc_chip_175x_6x\Debug\liblpc_chip_175x_6x.a(uart_17xx_40xx.o)
 .text.Chip_UART_IntDisable
                0x00002044       0x24 C:\dev\polden-vert\polden-vert-motorControl-lpc1758\lpc_chip_175x_6x\Debug\liblpc_chip_175x_6x.a(uart_17xx_40xx.o)
 .text.Chip_UART_ReadIntIDReg
                0x00002068       0x18 C:\dev\polden-vert\polden-vert-motorControl-lpc1758\lpc_chip_175x_6x\Debug\liblpc_chip_175x_6x.a(uart_17xx_40xx.o)
 .text.Chip_UART_SetupFIFOS
                0x00002080       0x1c C:\dev\polden-vert\polden-vert-motorControl-lpc1758\lpc_chip_175x_6x\Debug\liblpc_chip_175x_6x.a(uart_17xx_40xx.o)
 .text.Chip_UART_ConfigData
                0x0000209c       0x1c C:\dev\polden-vert\polden-vert-motorControl-lpc1758\lpc_chip_175x_6x\Debug\liblpc_chip_175x_6x.a(uart_17xx_40xx.o)
 .text.Chip_UART_EnableDivisorAccess
                0x000020b8       0x20 C:\dev\polden-vert\polden-vert-motorControl-lpc1758\lpc_chip_175x_6x\Debug\liblpc_chip_175x_6x.a(uart_17xx_40xx.o)
 .text.Chip_UART_DisableDivisorAccess
                0x000020d8       0x20 C:\dev\polden-vert\polden-vert-motorControl-lpc1758\lpc_chip_175x_6x\Debug\liblpc_chip_175x_6x.a(uart_17xx_40xx.o)
 .text.Chip_UART_SetDivisorLatches
                0x000020f8       0x28 C:\dev\polden-vert\polden-vert-motorControl-lpc1758\lpc_chip_175x_6x\Debug\liblpc_chip_175x_6x.a(uart_17xx_40xx.o)
 .text.Chip_UART_ReadLineStatus
                0x00002120       0x18 C:\dev\polden-vert\polden-vert-motorControl-lpc1758\lpc_chip_175x_6x\Debug\liblpc_chip_175x_6x.a(uart_17xx_40xx.o)
 .text.Chip_UART_SetAutoBaudReg
                0x00002138       0x20 C:\dev\polden-vert\polden-vert-motorControl-lpc1758\lpc_chip_175x_6x\Debug\liblpc_chip_175x_6x.a(uart_17xx_40xx.o)
 .text.Chip_UART_GetClockIndex
                0x00002158       0x50 C:\dev\polden-vert\polden-vert-motorControl-lpc1758\lpc_chip_175x_6x\Debug\liblpc_chip_175x_6x.a(uart_17xx_40xx.o)
 .text.Chip_UART_ABIntHandler
                0x000021a8       0x6c C:\dev\polden-vert\polden-vert-motorControl-lpc1758\lpc_chip_175x_6x\Debug\liblpc_chip_175x_6x.a(uart_17xx_40xx.o)
 .text.Chip_UART_GetClkIndex
                0x00002214       0x50 C:\dev\polden-vert\polden-vert-motorControl-lpc1758\lpc_chip_175x_6x\Debug\liblpc_chip_175x_6x.a(uart_17xx_40xx.o)
 .text.Chip_UART_Init
                0x00002264       0x78 C:\dev\polden-vert\polden-vert-motorControl-lpc1758\lpc_chip_175x_6x\Debug\liblpc_chip_175x_6x.a(uart_17xx_40xx.o)
                0x00002264                Chip_UART_Init
 .text.Chip_UART_TXEnable
                0x000022dc       0x18 C:\dev\polden-vert\polden-vert-motorControl-lpc1758\lpc_chip_175x_6x\Debug\liblpc_chip_175x_6x.a(uart_17xx_40xx.o)
                0x000022dc                Chip_UART_TXEnable
 .text.Chip_UART_TXDisable
                0x000022f4       0x18 C:\dev\polden-vert\polden-vert-motorControl-lpc1758\lpc_chip_175x_6x\Debug\liblpc_chip_175x_6x.a(uart_17xx_40xx.o)
                0x000022f4                Chip_UART_TXDisable
 .text.Chip_UART_SetBaud
                0x0000230c       0x64 C:\dev\polden-vert\polden-vert-motorControl-lpc1758\lpc_chip_175x_6x\Debug\liblpc_chip_175x_6x.a(uart_17xx_40xx.o)
                0x0000230c                Chip_UART_SetBaud
 .text.Chip_UART_RXIntHandlerRB
                0x00002370       0x3c C:\dev\polden-vert\polden-vert-motorControl-lpc1758\lpc_chip_175x_6x\Debug\liblpc_chip_175x_6x.a(uart_17xx_40xx.o)
                0x00002370                Chip_UART_RXIntHandlerRB
 .text.Chip_UART_TXIntHandlerRB
                0x000023ac       0x40 C:\dev\polden-vert\polden-vert-motorControl-lpc1758\lpc_chip_175x_6x\Debug\liblpc_chip_175x_6x.a(uart_17xx_40xx.o)
                0x000023ac                Chip_UART_TXIntHandlerRB
 .text.Chip_UART_IRQRBHandler
                0x000023ec       0x4c C:\dev\polden-vert\polden-vert-motorControl-lpc1758\lpc_chip_175x_6x\Debug\liblpc_chip_175x_6x.a(uart_17xx_40xx.o)
                0x000023ec                Chip_UART_IRQRBHandler
 .text.__main   0x00002438       0x14 c:/nxp/lpcxpresso_8.2.0_647/lpcxpresso/tools/bin/../lib/gcc/arm-none-eabi/5.3.1/../../../../arm-none-eabi/lib/armv7-m\libcr_nohost.a(_cr__main.o)
                0x00002438                __main
 .text.memcpy   0x0000244c        0x4 c:/nxp/lpcxpresso_8.2.0_647/lpcxpresso/tools/bin/../lib/gcc/arm-none-eabi/5.3.1/../../../../arm-none-eabi/lib/armv7-m\libcr_c.a(memcpy.o)
                0x0000244c                memcpy
 .text.memset   0x00002450        0x4 c:/nxp/lpcxpresso_8.2.0_647/lpcxpresso/tools/bin/../lib/gcc/arm-none-eabi/5.3.1/../../../../arm-none-eabi/lib/armv7-m\libcr_c.a(memset.o)
                0x00002450                memset
 .text.malloc   0x00002454       0xc8 c:/nxp/lpcxpresso_8.2.0_647/lpcxpresso/tools/bin/../lib/gcc/arm-none-eabi/5.3.1/../../../../arm-none-eabi/lib/armv7-m\libcr_c.a(alloc.o)
                0x00002454                malloc
 .text.free     0x0000251c       0x30 c:/nxp/lpcxpresso_8.2.0_647/lpcxpresso/tools/bin/../lib/gcc/arm-none-eabi/5.3.1/../../../../arm-none-eabi/lib/armv7-m\libcr_c.a(alloc.o)
                0x0000251c                free
 .text._Csys_alloc
                0x0000254c       0x20 c:/nxp/lpcxpresso_8.2.0_647/lpcxpresso/tools/bin/../lib/gcc/arm-none-eabi/5.3.1/../../../../arm-none-eabi/lib/armv7-m\libcr_c.a(alloc.o)
                0x0000254c                _Csys_alloc
 .text.fp_round
                0x0000256c       0x4c c:/nxp/lpcxpresso_8.2.0_647/lpcxpresso/tools/bin/../lib/gcc/arm-none-eabi/5.3.1/../../../../arm-none-eabi/lib/armv7-m\libcr_c.a(fpprintf.o)
 .text.pr_dec.constprop.1
                0x000025b8       0x26 c:/nxp/lpcxpresso_8.2.0_647/lpcxpresso/tools/bin/../lib/gcc/arm-none-eabi/5.3.1/../../../../arm-none-eabi/lib/armv7-m\libcr_c.a(fpprintf.o)
 *fill*         0x000025de        0x2 ff
 .text.sprintf  0x000025e0       0x6c c:/nxp/lpcxpresso_8.2.0_647/lpcxpresso/tools/bin/../lib/gcc/arm-none-eabi/5.3.1/../../../../arm-none-eabi/lib/armv7-m\libcr_c.a(fpprintf.o)
                0x000025e0                sprintf
 *fill*         0x0000264c        0x4 ff
 .text.fp_display
                0x00002650      0x8ec c:/nxp/lpcxpresso_8.2.0_647/lpcxpresso/tools/bin/../lib/gcc/arm-none-eabi/5.3.1/../../../../arm-none-eabi/lib/armv7-m\libcr_c.a(fpprintf.o)
 .text.vsnprintf
                0x00002f3c       0x5c c:/nxp/lpcxpresso_8.2.0_647/lpcxpresso/tools/bin/../lib/gcc/arm-none-eabi/5.3.1/../../../../arm-none-eabi/lib/armv7-m\libcr_c.a(fpprintf.o)
                0x00002f3c                vsnprintf
 .text.printf   0x00002f98       0x54 c:/nxp/lpcxpresso_8.2.0_647/lpcxpresso/tools/bin/../lib/gcc/arm-none-eabi/5.3.1/../../../../arm-none-eabi/lib/armv7-m\libcr_c.a(fpprintf.o)
                0x00002f98                printf
 .text._initio  0x00002fec       0xa4 c:/nxp/lpcxpresso_8.2.0_647/lpcxpresso/tools/bin/../lib/gcc/arm-none-eabi/5.3.1/../../../../arm-none-eabi/lib/armv7-m\libcr_c.a(initio.o)
                0x00002fec                _initio
 .text.__vfprintf
                0x00003090      0xd28 c:/nxp/lpcxpresso_8.2.0_647/lpcxpresso/tools/bin/../lib/gcc/arm-none-eabi/5.3.1/../../../../arm-none-eabi/lib/armv7-m\libcr_c.a(printf.o)
                0x00003090                __vfprintf
 .text.ch_val   0x00003db8       0x30 c:/nxp/lpcxpresso_8.2.0_647/lpcxpresso/tools/bin/../lib/gcc/arm-none-eabi/5.3.1/../../../../arm-none-eabi/lib/armv7-m\libcr_c.a(scanf.o)
 .text._strtoul
                0x00003de8       0xbc c:/nxp/lpcxpresso_8.2.0_647/lpcxpresso/tools/bin/../lib/gcc/arm-none-eabi/5.3.1/../../../../arm-none-eabi/lib/armv7-m\libcr_c.a(scanf.o)
 .text.strtol   0x00003ea4       0x7c c:/nxp/lpcxpresso_8.2.0_647/lpcxpresso/tools/bin/../lib/gcc/arm-none-eabi/5.3.1/../../../../arm-none-eabi/lib/armv7-m\libcr_c.a(scanf.o)
                0x00003ea4                strtol
 .text.atoi     0x00003f20       0x18 c:/nxp/lpcxpresso_8.2.0_647/lpcxpresso/tools/bin/../lib/gcc/arm-none-eabi/5.3.1/../../../../arm-none-eabi/lib/armv7-m\libcr_c.a(scanf.o)
                0x00003f20                atoi
 .text.setvbuf  0x00003f38       0x40 c:/nxp/lpcxpresso_8.2.0_647/lpcxpresso/tools/bin/../lib/gcc/arm-none-eabi/5.3.1/../../../../arm-none-eabi/lib/armv7-m\libcr_c.a(setvbuf.o)
                0x00003f38                setvbuf
 .text.abs      0x00003f78        0x8 c:/nxp/lpcxpresso_8.2.0_647/lpcxpresso/tools/bin/../lib/gcc/arm-none-eabi/5.3.1/../../../../arm-none-eabi/lib/armv7-m\libcr_c.a(stdlib.o)
                0x00003f78                abs
 .text.strcmp   0x00003f80       0x44 c:/nxp/lpcxpresso_8.2.0_647/lpcxpresso/tools/bin/../lib/gcc/arm-none-eabi/5.3.1/../../../../arm-none-eabi/lib/armv7-m\libcr_c.a(strcmp.o)
                0x00003f80                strcmp
 .text.strlen   0x00003fc4       0x4a c:/nxp/lpcxpresso_8.2.0_647/lpcxpresso/tools/bin/../lib/gcc/arm-none-eabi/5.3.1/../../../../arm-none-eabi/lib/armv7-m\libcr_c.a(strlen.o)
                0x00003fc4                strlen
 *fill*         0x0000400e        0x2 ff
 .text._sbrk    0x00004010       0x40 c:/nxp/lpcxpresso_8.2.0_647/lpcxpresso/tools/bin/../lib/gcc/arm-none-eabi/5.3.1/../../../../arm-none-eabi/lib/armv7-m\libcr_c.a(_cr_sbrk.o)
                0x00004010                _sbrk
 .text._deferredlazyseek
                0x00004050       0x44 c:/nxp/lpcxpresso_8.2.0_647/lpcxpresso/tools/bin/../lib/gcc/arm-none-eabi/5.3.1/../../../../arm-none-eabi/lib/armv7-m\libcr_c.a(_deferredlazyseek.o)
                0x00004050                _deferredlazyseek
 .text.__flsbuf
                0x00004094      0x140 c:/nxp/lpcxpresso_8.2.0_647/lpcxpresso/tools/bin/../lib/gcc/arm-none-eabi/5.3.1/../../../../arm-none-eabi/lib/armv7-m\libcr_c.a(_deferredlazyseek.o)
                0x00004094                __flsbuf
 .text._fdopen  0x000041d4       0x6a c:/nxp/lpcxpresso_8.2.0_647/lpcxpresso/tools/bin/../lib/gcc/arm-none-eabi/5.3.1/../../../../arm-none-eabi/lib/armv7-m\libcr_c.a(_fdopen.o)
                0x000041d4                _fdopen
 .text._fflush  0x0000423e       0x58 c:/nxp/lpcxpresso_8.2.0_647/lpcxpresso/tools/bin/../lib/gcc/arm-none-eabi/5.3.1/../../../../arm-none-eabi/lib/armv7-m\libcr_c.a(_fflush.o)
                0x0000423e                _fflush
 .text._frexpl  0x00004296       0x5a c:/nxp/lpcxpresso_8.2.0_647/lpcxpresso/tools/bin/../lib/gcc/arm-none-eabi/5.3.1/../../../../arm-none-eabi/lib/armv7-m\libcr_c.a(_frexpl.o)
                0x00004296                _frexpl
 .text._ldexpl  0x000042f0       0x4c c:/nxp/lpcxpresso_8.2.0_647/lpcxpresso/tools/bin/../lib/gcc/arm-none-eabi/5.3.1/../../../../arm-none-eabi/lib/armv7-m\libcr_c.a(_ldexpl.o)
                0x000042f0                _ldexpl
 .text._Cwritebuf
                0x0000433c       0x68 c:/nxp/lpcxpresso_8.2.0_647/lpcxpresso/tools/bin/../lib/gcc/arm-none-eabi/5.3.1/../../../../arm-none-eabi/lib/armv7-m\libcr_c.a(_writebuf.o)
                0x0000433c                _Cwritebuf
 .text.fclose   0x000043a4       0x6c c:/nxp/lpcxpresso_8.2.0_647/lpcxpresso/tools/bin/../lib/gcc/arm-none-eabi/5.3.1/../../../../arm-none-eabi/lib/armv7-m\libcr_c.a(fclose.o)
                0x000043a4                fclose
 .text.fflush   0x00004410       0x30 c:/nxp/lpcxpresso_8.2.0_647/lpcxpresso/tools/bin/../lib/gcc/arm-none-eabi/5.3.1/../../../../arm-none-eabi/lib/armv7-m\libcr_c.a(fflush.o)
                0x00004410                fflush
 .text.fseek    0x00004440      0x110 c:/nxp/lpcxpresso_8.2.0_647/lpcxpresso/tools/bin/../lib/gcc/arm-none-eabi/5.3.1/../../../../arm-none-eabi/lib/armv7-m\libcr_c.a(fseek.o)
                0x00004440                fseek
 .text.ftell    0x00004550       0x4c c:/nxp/lpcxpresso_8.2.0_647/lpcxpresso/tools/bin/../lib/gcc/arm-none-eabi/5.3.1/../../../../arm-none-eabi/lib/armv7-m\libcr_c.a(ftell.o)
                0x00004550                ftell
 .text.remove   0x0000459c       0x14 c:/nxp/lpcxpresso_8.2.0_647/lpcxpresso/tools/bin/../lib/gcc/arm-none-eabi/5.3.1/../../../../arm-none-eabi/lib/armv7-m\libcr_c.a(remove.o)
                0x0000459c                remove
 .text._do_fflush
                0x000045b0       0x44 c:/nxp/lpcxpresso_8.2.0_647/lpcxpresso/tools/bin/../lib/gcc/arm-none-eabi/5.3.1/../../../../arm-none-eabi/lib/armv7-m\libcr_c.a(_do_fflush.o)
                0x000045b0                _do_fflush
 .text.__aeabi_dmul
                0x000045f4      0x110 c:/nxp/lpcxpresso_8.2.0_647/lpcxpresso/tools/bin/../lib/gcc/arm-none-eabi/5.3.1/armv7-m\libcr_eabihelpers.a(double.o)
                0x000045f4                __aeabi_dmul
 .text.__aeabi_ddiv
                0x00004704      0x138 c:/nxp/lpcxpresso_8.2.0_647/lpcxpresso/tools/bin/../lib/gcc/arm-none-eabi/5.3.1/armv7-m\libcr_eabihelpers.a(double.o)
                0x00004704                __aeabi_ddiv
 .text.__aeabi_dsub
                0x0000483c      0x1a0 c:/nxp/lpcxpresso_8.2.0_647/lpcxpresso/tools/bin/../lib/gcc/arm-none-eabi/5.3.1/armv7-m\libcr_eabihelpers.a(double.o)
                0x0000483c                __aeabi_dsub
 .text.__aeabi_dadd
                0x000049dc      0x10c c:/nxp/lpcxpresso_8.2.0_647/lpcxpresso/tools/bin/../lib/gcc/arm-none-eabi/5.3.1/armv7-m\libcr_eabihelpers.a(double.o)
                0x000049dc                __aeabi_dadd
 .text.__aeabi_d2iz
                0x00004ae8       0x40 c:/nxp/lpcxpresso_8.2.0_647/lpcxpresso/tools/bin/../lib/gcc/arm-none-eabi/5.3.1/armv7-m\libcr_eabihelpers.a(double.o)
                0x00004ae8                __aeabi_d2iz
 .text.__bhs_ui2d
                0x00004b28       0x46 c:/nxp/lpcxpresso_8.2.0_647/lpcxpresso/tools/bin/../lib/gcc/arm-none-eabi/5.3.1/armv7-m\libcr_eabihelpers.a(double.o)
                0x00004b28                __bhs_ui2d
 .text.__aeabi_i2d
                0x00004b6e       0x10 c:/nxp/lpcxpresso_8.2.0_647/lpcxpresso/tools/bin/../lib/gcc/arm-none-eabi/5.3.1/armv7-m\libcr_eabihelpers.a(double.o)
                0x00004b6e                __aeabi_i2d
 .text.__aeabi_dcmpeq
                0x00004b7e       0x2c c:/nxp/lpcxpresso_8.2.0_647/lpcxpresso/tools/bin/../lib/gcc/arm-none-eabi/5.3.1/armv7-m\libcr_eabihelpers.a(double.o)
                0x00004b7e                __aeabi_dcmpeq
 .text.__aeabi_dcmplt
                0x00004baa       0x54 c:/nxp/lpcxpresso_8.2.0_647/lpcxpresso/tools/bin/../lib/gcc/arm-none-eabi/5.3.1/armv7-m\libcr_eabihelpers.a(double.o)
                0x00004baa                __aeabi_dcmplt
 .text.__aeabi_dcmple
                0x00004bfe       0x54 c:/nxp/lpcxpresso_8.2.0_647/lpcxpresso/tools/bin/../lib/gcc/arm-none-eabi/5.3.1/armv7-m\libcr_eabihelpers.a(double.o)
                0x00004bfe                __aeabi_dcmple
 .text.__aeabi_dcmpge
                0x00004c52       0x54 c:/nxp/lpcxpresso_8.2.0_647/lpcxpresso/tools/bin/../lib/gcc/arm-none-eabi/5.3.1/armv7-m\libcr_eabihelpers.a(double.o)
                0x00004c52                __aeabi_dcmpge
 .text.__aeabi_memcpy
                0x00004ca6       0x34 c:/nxp/lpcxpresso_8.2.0_647/lpcxpresso/tools/bin/../lib/gcc/arm-none-eabi/5.3.1/armv7-m\libcr_eabihelpers.a(memcpy.o)
                0x00004ca6                __aeabi_memcpy
                0x00004cb0                __aeabi_memcpy8
                0x00004cb0                __aeabi_memcpy4
 .text.__aeabi_memset_lowlevel
                0x00004cda       0x32 c:/nxp/lpcxpresso_8.2.0_647/lpcxpresso/tools/bin/../lib/gcc/arm-none-eabi/5.3.1/armv7-m\libcr_eabihelpers.a(memcpy.o)
                0x00004cda                __aeabi_lowlevel_memset
 .text.__sys_appexit
                0x00004d0c        0x2 c:/nxp/lpcxpresso_8.2.0_647/lpcxpresso/tools/bin/../lib/gcc/arm-none-eabi/5.3.1/../../../../arm-none-eabi/lib/armv7-m\libcr_nohost.a(__sys_appexit.o)
                0x00004d0c                __sys_appexit
                0x00004d0c                __exit
 .text.__sys_close
                0x00004d0e        0x6 c:/nxp/lpcxpresso_8.2.0_647/lpcxpresso/tools/bin/../lib/gcc/arm-none-eabi/5.3.1/../../../../arm-none-eabi/lib/armv7-m\libcr_nohost.a(__sys_close.o)
                0x00004d0e                __sys_close
 .text.__sys_flen
                0x00004d14        0x6 c:/nxp/lpcxpresso_8.2.0_647/lpcxpresso/tools/bin/../lib/gcc/arm-none-eabi/5.3.1/../../../../arm-none-eabi/lib/armv7-m\libcr_nohost.a(__sys_flen.o)
                0x00004d14                __sys_flen
 .text.__sys_istty
                0x00004d1a        0x6 c:/nxp/lpcxpresso_8.2.0_647/lpcxpresso/tools/bin/../lib/gcc/arm-none-eabi/5.3.1/../../../../arm-none-eabi/lib/armv7-m\libcr_nohost.a(__sys_istty.o)
                0x00004d1a                __sys_istty
 .text.__sys_remove
                0x00004d20        0x6 c:/nxp/lpcxpresso_8.2.0_647/lpcxpresso/tools/bin/../lib/gcc/arm-none-eabi/5.3.1/../../../../arm-none-eabi/lib/armv7-m\libcr_nohost.a(__sys_remove.o)
                0x00004d20                __sys_remove
 .text.__sys_seek
                0x00004d26        0x6 c:/nxp/lpcxpresso_8.2.0_647/lpcxpresso/tools/bin/../lib/gcc/arm-none-eabi/5.3.1/../../../../arm-none-eabi/lib/armv7-m\libcr_nohost.a(__sys_seek.o)
                0x00004d26                __sys_seek
 .text.__sys_tmpnam
                0x00004d2c        0x6 c:/nxp/lpcxpresso_8.2.0_647/lpcxpresso/tools/bin/../lib/gcc/arm-none-eabi/5.3.1/../../../../arm-none-eabi/lib/armv7-m\libcr_nohost.a(__sys_tmpnam.o)
                0x00004d2c                __sys_tmpnam
 *(.rodata .rodata.* .constdata .constdata.*)
 *fill*         0x00004d32        0x2 ff
 .rodata.str1.4
                0x00004d34       0x58 ./freertos/src/FreeRTOSCommonHooks.o
 .rodata.str1.4
                0x00004d8c        0x5 ./freertos/src/tasks.o
 *fill*         0x00004d91        0x3 ff
 .rodata.str1.4
                0x00004d94       0x8c ./example/src/motorCtrl.o
                                 0x8f (size before relaxing)
 .rodata.str1.4
                0x00004e20       0x50 ./example/src/utils.o
 .rodata.str1.4
                0x00004e70       0x24 ./example/src/webserver_freertos.o
                                 0x22 (size before relaxing)
 .rodata.OscRateIn
                0x00004e94        0x4 C:\dev\polden-vert\polden-vert-motorControl-lpc1758\lpc_board_nxp_lpcxpresso_1769\Debug\liblpc_board_nxp_lpcxpresso_1769.a(board.o)
                0x00004e94                OscRateIn
 .rodata.RTCOscRateIn
                0x00004e98        0x4 C:\dev\polden-vert\polden-vert-motorControl-lpc1758\lpc_board_nxp_lpcxpresso_1769\Debug\liblpc_board_nxp_lpcxpresso_1769.a(board.o)
                0x00004e98                RTCOscRateIn
 .rodata.str1.1
                0x00004e9c       0x18 c:/nxp/lpcxpresso_8.2.0_647/lpcxpresso/tools/bin/../lib/gcc/arm-none-eabi/5.3.1/../../../../arm-none-eabi/lib/armv7-m\libcr_c.a(alloc.o)
 .rodata.str1.1
                0x00004eb4       0x34 c:/nxp/lpcxpresso_8.2.0_647/lpcxpresso/tools/bin/../lib/gcc/arm-none-eabi/5.3.1/../../../../arm-none-eabi/lib/armv7-m\libcr_c.a(fpprintf.o)
                                 0x35 (size before relaxing)
 .rodata.str1.1
                0x00004ee8        0x4 c:/nxp/lpcxpresso_8.2.0_647/lpcxpresso/tools/bin/../lib/gcc/arm-none-eabi/5.3.1/../../../../arm-none-eabi/lib/armv7-m\libcr_c.a(initio.o)
 .rodata.str1.1
                0x00004eec       0x31 c:/nxp/lpcxpresso_8.2.0_647/lpcxpresso/tools/bin/../lib/gcc/arm-none-eabi/5.3.1/../../../../arm-none-eabi/lib/armv7-m\libcr_c.a(printf.o)
                                 0x38 (size before relaxing)
 *fill*         0x00004f1d        0x3 ff
 .rodata.__huge_vall
                0x00004f20        0x8 c:/nxp/lpcxpresso_8.2.0_647/lpcxpresso/tools/bin/../lib/gcc/arm-none-eabi/5.3.1/../../../../arm-none-eabi/lib/armv7-m\libcr_c.a(_hugeval.o)
                0x00004f20                __huge_vall
 .rodata.__ctype
                0x00004f28      0x180 c:/nxp/lpcxpresso_8.2.0_647/lpcxpresso/tools/bin/../lib/gcc/arm-none-eabi/5.3.1/../../../../arm-none-eabi/lib/armv7-m\libcr_c.a(ctype.o)
                0x00004f28                __ctype
                0x000050a8                . = ALIGN (0x4)

.glue_7         0x000050a8        0x0
 .glue_7        0x000050a8        0x0 linker stubs

.glue_7t        0x000050a8        0x0
 .glue_7t       0x000050a8        0x0 linker stubs

.vfp11_veneer   0x000050a8        0x0
 .vfp11_veneer  0x000050a8        0x0 linker stubs

.v4_bx          0x000050a8        0x0
 .v4_bx         0x000050a8        0x0 linker stubs

.iplt           0x000050a8        0x0
 .iplt          0x000050a8        0x0 ./freertos/src/FreeRTOSCommonHooks.o

.rel.dyn        0x000050a8        0x0
 .rel.iplt      0x000050a8        0x0 ./freertos/src/FreeRTOSCommonHooks.o

.ARM.extab
 *(.ARM.extab* .gnu.linkonce.armextab.*)
                0x000050a8                __exidx_start = .

.ARM.exidx
 *(.ARM.exidx* .gnu.linkonce.armexidx.*)
                0x000050a8                __exidx_end = .
                0x000050a8                _etext = .

.data_RAM2      0x2007c000        0x0 load address 0x000050a8
 FILL mask 0xff
                [!provide]                PROVIDE (__start_data_RAM2, .)
 *(.ramfunc.$RAM2)
 *(.ramfunc.$RamAHB32)
 *(.data.$RAM2*)
 *(.data.$RamAHB32*)
                0x2007c000                . = ALIGN (0x4)
                [!provide]                PROVIDE (__end_data_RAM2, .)

.uninit_RESERVED
                0x10000000        0x0
 *(.bss.$RESERVED*)
                0x10000000                . = ALIGN (0x4)
                0x10000000                _end_uninit_RESERVED = .

.data           0x10000000        0x8 load address 0x000050a8
 FILL mask 0xff
                0x10000000                _data = .
 *(vtable)
 *(.ramfunc*)
 *(.data*)
 .data.uxCriticalNesting
                0x10000000        0x4 ./freertos/src/port.o
 .data.xNextTaskUnblockTime
                0x10000004        0x4 ./freertos/src/tasks.o
                0x10000008                . = ALIGN (0x4)
                0x10000008                _edata = .

.igot.plt       0x10000008        0x0 load address 0x000050b0
 .igot.plt      0x10000008        0x0 ./freertos/src/FreeRTOSCommonHooks.o

.bss_RAM2       0x2007c000        0x0
                [!provide]                PROVIDE (__start_bss_RAM2, .)
 *(.bss.$RAM2*)
 *(.bss.$RamAHB32*)
                0x2007c000                . = ALIGN ((. != 0x0)?0x4:0x1)
                [!provide]                PROVIDE (__end_bss_RAM2, .)

.bss            0x10000008     0x5d74
                0x10000008                _bss = .
 *(.bss*)
 .bss.pxDelayedTaskList
                0x10000008        0x4 ./freertos/src/tasks.o
 .bss.xSchedulerRunning
                0x1000000c        0x4 ./freertos/src/tasks.o
 .bss.uxTasksDeleted
                0x10000010        0x4 ./freertos/src/tasks.o
 .bss.xTasksWaitingTermination
                0x10000014       0x14 ./freertos/src/tasks.o
 .bss.xSuspendedTaskList
                0x10000028       0x14 ./freertos/src/tasks.o
 .bss.pxReadyTasksLists
                0x1000003c       0x64 ./freertos/src/tasks.o
 .bss.uxSchedulerSuspended
                0x100000a0        0x4 ./freertos/src/tasks.o
 .bss.pxCurrentTCB
                0x100000a4        0x4 ./freertos/src/tasks.o
                0x100000a4                pxCurrentTCB
 .bss.xPendingReadyList
                0x100000a8       0x14 ./freertos/src/tasks.o
 .bss.xNumOfOverflows
                0x100000bc        0x4 ./freertos/src/tasks.o
 .bss.xTickCount
                0x100000c0        0x4 ./freertos/src/tasks.o
 .bss.pxOverflowDelayedTaskList
                0x100000c4        0x4 ./freertos/src/tasks.o
 .bss.uxTaskNumber
                0x100000c8        0x4 ./freertos/src/tasks.o
 .bss.xDelayedTaskList1
                0x100000cc       0x14 ./freertos/src/tasks.o
 .bss.xDelayedTaskList2
                0x100000e0       0x14 ./freertos/src/tasks.o
 .bss.uxPendedTicks
                0x100000f4        0x4 ./freertos/src/tasks.o
 .bss.uxCurrentNumberOfTasks
                0x100000f8        0x4 ./freertos/src/tasks.o
 .bss.uxTopReadyPriority
                0x100000fc        0x4 ./freertos/src/tasks.o
 .bss.xYieldPending
                0x10000100        0x4 ./freertos/src/tasks.o
 .bss.lastPos   0x10000104       0x28 ./example/src/motorCtrl.o
                0x10000104                lastPos
 .bss.uartRxBuff
                0x1000012c      0x800 ./example/src/webserver_freertos.o
 .bss.ABsyncSts
                0x1000092c        0x1 C:\dev\polden-vert\polden-vert-motorControl-lpc1758\lpc_chip_175x_6x\Debug\liblpc_chip_175x_6x.a(uart_17xx_40xx.o)
 *fill*         0x1000092d        0x3 
 .bss._extra    0x10000930        0x4 c:/nxp/lpcxpresso_8.2.0_647/lpcxpresso/tools/bin/../lib/gcc/arm-none-eabi/5.3.1/../../../../arm-none-eabi/lib/armv7-m\libcr_c.a(initio.o)
                0x10000930                _extra
 .bss.__Ciob    0x10000934      0x140 c:/nxp/lpcxpresso_8.2.0_647/lpcxpresso/tools/bin/../lib/gcc/arm-none-eabi/5.3.1/../../../../arm-none-eabi/lib/armv7-m\libcr_c.a(stdio.o)
                0x10000934                __Ciob
 .bss.__heaps   0x10000a74        0x4 c:/nxp/lpcxpresso_8.2.0_647/lpcxpresso/tools/bin/../lib/gcc/arm-none-eabi/5.3.1/../../../../arm-none-eabi/lib/armv7-m\libcr_c.a(__init_alloc.o)
                0x10000a74                __heaps
 .bss.__end_of_heap
                0x10000a78        0x4 c:/nxp/lpcxpresso_8.2.0_647/lpcxpresso/tools/bin/../lib/gcc/arm-none-eabi/5.3.1/../../../../arm-none-eabi/lib/armv7-m\libcr_c.a(__init_alloc.o)
                0x10000a78                __end_of_heap
 .bss.errno     0x10000a7c        0x4 c:/nxp/lpcxpresso_8.2.0_647/lpcxpresso/tools/bin/../lib/gcc/arm-none-eabi/5.3.1/../../../../arm-none-eabi/lib/armv7-m\libcr_c.a(errno.o)
                0x10000a7c                errno
 *(COMMON)
 COMMON         0x10000a80     0x52d0 ./example/src/motorCtrl.o
                0x10000a80                mst
                0x10000c88                posCmdRB
                0x10000d50                posCmdBuff
 COMMON         0x10005d50       0x28 ./example/src/webserver_freertos.o
                0x10005d50                txring
                0x10005d64                uartRxRb
 COMMON         0x10005d78        0x4 C:\dev\polden-vert\polden-vert-motorControl-lpc1758\lpc_chip_175x_6x\Debug\liblpc_chip_175x_6x.a(chip_17xx_40xx.o)
                0x10005d78                SystemCoreClock
                0x10005d7c                . = ALIGN (0x4)
                0x10005d7c                _ebss = .
                [!provide]                PROVIDE (end, .)

.noinit_RAM2    0x2007c000        0x0
 *(.noinit.$RAM2*)
 *(.noinit.$RamAHB32*)
                0x2007c000                . = ALIGN (0x4)

.noinit         0x10005d7c        0x0
                0x10005d7c                _noinit = .
 *(.noinit*)
                0x10005d7c                . = ALIGN (0x4)
                0x10005d7c                _end_noinit = .
                0x10005d7c                PROVIDE (_pvHeapStart, DEFINED (__user_heap_base)?__user_heap_base:.)
                0x10008000                PROVIDE (_vStackTop, DEFINED (__user_stack_top)?__user_stack_top:(__top_RamLoc32 - 0x0))
                [!provide]                PROVIDE (__valid_user_code_checksum, (0x0 - ((((((_vStackTop + (ResetISR + 0x1)) + (NMI_Handler + 0x1)) + (HardFault_Handler + 0x1)) + (DEFINED (MemManage_Handler)?MemManage_Handler:0x0 + 0x1)) + (DEFINED (BusFault_Handler)?BusFault_Handler:0x0 + 0x1)) + (DEFINED (UsageFault_Handler)?UsageFault_Handler:0x0 + 0x1))))
OUTPUT(webserver_freertos.axf elf32-littlearm)

.debug_info     0x00000000     0xcb40
 .debug_info    0x00000000      0x246 ./freertos/src/FreeRTOSCommonHooks.o
 .debug_info    0x00000246      0x1da ./freertos/src/heap_3.o
 .debug_info    0x00000420      0x2ca ./freertos/src/list.o
 .debug_info    0x000006ea      0x37f ./freertos/src/port.o
 .debug_info    0x00000a69     0x21dd ./freertos/src/tasks.o
 .debug_info    0x00002c46       0x72 ./example/src/cr_redlib_heap_fix.o
 .debug_info    0x00002cb8      0x34e ./example/src/cr_startup_lpc175x_6x.o
 .debug_info    0x00003006     0x11be ./example/src/motorCtrl.o
 .debug_info    0x000041c4      0x77a ./example/src/sysinit.o
 .debug_info    0x0000493e     0x1d53 ./example/src/utils.o
 .debug_info    0x00006691     0x1f1e ./example/src/webserver_freertos.o
 .debug_info    0x000085af     0x13ed C:\dev\polden-vert\polden-vert-motorControl-lpc1758\lpc_board_nxp_lpcxpresso_1769\Debug\liblpc_board_nxp_lpcxpresso_1769.a(board.o)
 .debug_info    0x0000999c      0x530 C:\dev\polden-vert\polden-vert-motorControl-lpc1758\lpc_chip_175x_6x\Debug\liblpc_chip_175x_6x.a(chip_17xx_40xx.o)
 .debug_info    0x00009ecc      0xb62 C:\dev\polden-vert\polden-vert-motorControl-lpc1758\lpc_chip_175x_6x\Debug\liblpc_chip_175x_6x.a(clock_17xx_40xx.o)
 .debug_info    0x0000aa2e      0x2e9 C:\dev\polden-vert\polden-vert-motorControl-lpc1758\lpc_chip_175x_6x\Debug\liblpc_chip_175x_6x.a(iocon_17xx_40xx.o)
 .debug_info    0x0000ad17      0x344 C:\dev\polden-vert\polden-vert-motorControl-lpc1758\lpc_chip_175x_6x\Debug\liblpc_chip_175x_6x.a(ring_buffer.o)
 .debug_info    0x0000b05b      0xbfe C:\dev\polden-vert\polden-vert-motorControl-lpc1758\lpc_chip_175x_6x\Debug\liblpc_chip_175x_6x.a(ssp_17xx_40xx.o)
 .debug_info    0x0000bc59      0xee7 C:\dev\polden-vert\polden-vert-motorControl-lpc1758\lpc_chip_175x_6x\Debug\liblpc_chip_175x_6x.a(uart_17xx_40xx.o)

.debug_abbrev   0x00000000     0x27f9
 .debug_abbrev  0x00000000      0x165 ./freertos/src/FreeRTOSCommonHooks.o
 .debug_abbrev  0x00000165      0x144 ./freertos/src/heap_3.o
 .debug_abbrev  0x000002a9      0x10a ./freertos/src/list.o
 .debug_abbrev  0x000003b3      0x1ef ./freertos/src/port.o
 .debug_abbrev  0x000005a2      0x38f ./freertos/src/tasks.o
 .debug_abbrev  0x00000931       0x63 ./example/src/cr_redlib_heap_fix.o
 .debug_abbrev  0x00000994      0x190 ./example/src/cr_startup_lpc175x_6x.o
 .debug_abbrev  0x00000b24      0x375 ./example/src/motorCtrl.o
 .debug_abbrev  0x00000e99      0x23f ./example/src/sysinit.o
 .debug_abbrev  0x000010d8      0x3c7 ./example/src/utils.o
 .debug_abbrev  0x0000149f      0x3b4 ./example/src/webserver_freertos.o
 .debug_abbrev  0x00001853      0x38f C:\dev\polden-vert\polden-vert-motorControl-lpc1758\lpc_board_nxp_lpcxpresso_1769\Debug\liblpc_board_nxp_lpcxpresso_1769.a(board.o)
 .debug_abbrev  0x00001be2      0x16c C:\dev\polden-vert\polden-vert-motorControl-lpc1758\lpc_chip_175x_6x\Debug\liblpc_chip_175x_6x.a(chip_17xx_40xx.o)
 .debug_abbrev  0x00001d4e      0x2ec C:\dev\polden-vert\polden-vert-motorControl-lpc1758\lpc_chip_175x_6x\Debug\liblpc_chip_175x_6x.a(clock_17xx_40xx.o)
 .debug_abbrev  0x0000203a      0x126 C:\dev\polden-vert\polden-vert-motorControl-lpc1758\lpc_chip_175x_6x\Debug\liblpc_chip_175x_6x.a(iocon_17xx_40xx.o)
 .debug_abbrev  0x00002160      0x12d C:\dev\polden-vert\polden-vert-motorControl-lpc1758\lpc_chip_175x_6x\Debug\liblpc_chip_175x_6x.a(ring_buffer.o)
 .debug_abbrev  0x0000228d      0x26e C:\dev\polden-vert\polden-vert-motorControl-lpc1758\lpc_chip_175x_6x\Debug\liblpc_chip_175x_6x.a(ssp_17xx_40xx.o)
 .debug_abbrev  0x000024fb      0x2fe C:\dev\polden-vert\polden-vert-motorControl-lpc1758\lpc_chip_175x_6x\Debug\liblpc_chip_175x_6x.a(uart_17xx_40xx.o)

.debug_loc      0x00000000     0x43aa
 .debug_loc     0x00000000       0x60 ./freertos/src/FreeRTOSCommonHooks.o
 .debug_loc     0x00000060       0x81 ./freertos/src/heap_3.o
 .debug_loc     0x000000e1       0x69 ./freertos/src/list.o
 .debug_loc     0x0000014a       0x66 ./freertos/src/port.o
 .debug_loc     0x000001b0     0x1b3d ./freertos/src/tasks.o
 .debug_loc     0x00001ced       0x34 ./example/src/cr_redlib_heap_fix.o
 .debug_loc     0x00001d21      0x265 ./example/src/cr_startup_lpc175x_6x.o
 .debug_loc     0x00001f86      0x9b1 ./example/src/motorCtrl.o
 .debug_loc     0x00002937       0x3c ./example/src/sysinit.o
 .debug_loc     0x00002973     0x1571 ./example/src/utils.o
 .debug_loc     0x00003ee4      0x4c6 ./example/src/webserver_freertos.o

.debug_aranges  0x00000000      0x988
 .debug_aranges
                0x00000000       0x40 ./freertos/src/FreeRTOSCommonHooks.o
 .debug_aranges
                0x00000040       0x28 ./freertos/src/heap_3.o
 .debug_aranges
                0x00000068       0x40 ./freertos/src/list.o
 .debug_aranges
                0x000000a8       0x88 ./freertos/src/port.o
 .debug_aranges
                0x00000130      0x118 ./freertos/src/tasks.o
 .debug_aranges
                0x00000248       0x20 ./example/src/cr_redlib_heap_fix.o
 .debug_aranges
                0x00000268       0x80 ./example/src/cr_startup_lpc175x_6x.o
 .debug_aranges
                0x000002e8       0x38 ./example/src/motorCtrl.o
 .debug_aranges
                0x00000320       0x30 ./example/src/sysinit.o
 .debug_aranges
                0x00000350       0x90 ./example/src/utils.o
 .debug_aranges
                0x000003e0       0x50 ./example/src/webserver_freertos.o
 .debug_aranges
                0x00000430      0x160 C:\dev\polden-vert\polden-vert-motorControl-lpc1758\lpc_board_nxp_lpcxpresso_1769\Debug\liblpc_board_nxp_lpcxpresso_1769.a(board.o)
 .debug_aranges
                0x00000590       0x38 C:\dev\polden-vert\polden-vert-motorControl-lpc1758\lpc_chip_175x_6x\Debug\liblpc_chip_175x_6x.a(chip_17xx_40xx.o)
 .debug_aranges
                0x000005c8      0x120 C:\dev\polden-vert\polden-vert-motorControl-lpc1758\lpc_chip_175x_6x\Debug\liblpc_chip_175x_6x.a(clock_17xx_40xx.o)
 .debug_aranges
                0x000006e8       0x30 C:\dev\polden-vert\polden-vert-motorControl-lpc1758\lpc_chip_175x_6x\Debug\liblpc_chip_175x_6x.a(iocon_17xx_40xx.o)
 .debug_aranges
                0x00000718       0x60 C:\dev\polden-vert\polden-vert-motorControl-lpc1758\lpc_chip_175x_6x\Debug\liblpc_chip_175x_6x.a(ring_buffer.o)
 .debug_aranges
                0x00000778       0xe8 C:\dev\polden-vert\polden-vert-motorControl-lpc1758\lpc_chip_175x_6x\Debug\liblpc_chip_175x_6x.a(ssp_17xx_40xx.o)
 .debug_aranges
                0x00000860      0x128 C:\dev\polden-vert\polden-vert-motorControl-lpc1758\lpc_chip_175x_6x\Debug\liblpc_chip_175x_6x.a(uart_17xx_40xx.o)

.debug_ranges   0x00000000     0x1720
 .debug_ranges  0x00000000       0x30 ./freertos/src/FreeRTOSCommonHooks.o
 .debug_ranges  0x00000030       0x18 ./freertos/src/heap_3.o
 .debug_ranges  0x00000048       0x30 ./freertos/src/list.o
 .debug_ranges  0x00000078       0x78 ./freertos/src/port.o
 .debug_ranges  0x000000f0      0x578 ./freertos/src/tasks.o
 .debug_ranges  0x00000668       0x10 ./example/src/cr_redlib_heap_fix.o
 .debug_ranges  0x00000678       0x88 ./example/src/cr_startup_lpc175x_6x.o
 .debug_ranges  0x00000700      0x198 ./example/src/motorCtrl.o
 .debug_ranges  0x00000898       0xf0 ./example/src/sysinit.o
 .debug_ranges  0x00000988      0x6b0 ./example/src/utils.o
 .debug_ranges  0x00001038      0x200 ./example/src/webserver_freertos.o
 .debug_ranges  0x00001238      0x150 C:\dev\polden-vert\polden-vert-motorControl-lpc1758\lpc_board_nxp_lpcxpresso_1769\Debug\liblpc_board_nxp_lpcxpresso_1769.a(board.o)
 .debug_ranges  0x00001388       0x28 C:\dev\polden-vert\polden-vert-motorControl-lpc1758\lpc_chip_175x_6x\Debug\liblpc_chip_175x_6x.a(chip_17xx_40xx.o)
 .debug_ranges  0x000013b0      0x110 C:\dev\polden-vert\polden-vert-motorControl-lpc1758\lpc_chip_175x_6x\Debug\liblpc_chip_175x_6x.a(clock_17xx_40xx.o)
 .debug_ranges  0x000014c0       0x20 C:\dev\polden-vert\polden-vert-motorControl-lpc1758\lpc_chip_175x_6x\Debug\liblpc_chip_175x_6x.a(iocon_17xx_40xx.o)
 .debug_ranges  0x000014e0       0x50 C:\dev\polden-vert\polden-vert-motorControl-lpc1758\lpc_chip_175x_6x\Debug\liblpc_chip_175x_6x.a(ring_buffer.o)
 .debug_ranges  0x00001530       0xd8 C:\dev\polden-vert\polden-vert-motorControl-lpc1758\lpc_chip_175x_6x\Debug\liblpc_chip_175x_6x.a(ssp_17xx_40xx.o)
 .debug_ranges  0x00001608      0x118 C:\dev\polden-vert\polden-vert-motorControl-lpc1758\lpc_chip_175x_6x\Debug\liblpc_chip_175x_6x.a(uart_17xx_40xx.o)

.debug_macro    0x00000000     0x7886
 .debug_macro   0x00000000      0x29c ./freertos/src/FreeRTOSCommonHooks.o
 .debug_macro   0x0000029c      0x886 ./freertos/src/FreeRTOSCommonHooks.o
 .debug_macro   0x00000b22       0x10 ./freertos/src/FreeRTOSCommonHooks.o
 .debug_macro   0x00000b32      0x12d ./freertos/src/FreeRTOSCommonHooks.o
 .debug_macro   0x00000c5f       0x16 ./freertos/src/FreeRTOSCommonHooks.o
 .debug_macro   0x00000c75       0x46 ./freertos/src/FreeRTOSCommonHooks.o
 .debug_macro   0x00000cbb      0x5b2 ./freertos/src/FreeRTOSCommonHooks.o
 .debug_macro   0x0000126d       0x22 ./freertos/src/FreeRTOSCommonHooks.o
 .debug_macro   0x0000128f       0x74 ./freertos/src/FreeRTOSCommonHooks.o
 .debug_macro   0x00001303       0x10 ./freertos/src/FreeRTOSCommonHooks.o
 .debug_macro   0x00001313       0x2d ./freertos/src/FreeRTOSCommonHooks.o
 .debug_macro   0x00001340       0x3a ./freertos/src/FreeRTOSCommonHooks.o
 .debug_macro   0x0000137a       0x2d ./freertos/src/FreeRTOSCommonHooks.o
 .debug_macro   0x000013a7      0xbb1 ./freertos/src/FreeRTOSCommonHooks.o
 .debug_macro   0x00001f58      0x22c ./freertos/src/FreeRTOSCommonHooks.o
 .debug_macro   0x00002184       0x42 ./freertos/src/FreeRTOSCommonHooks.o
 .debug_macro   0x000021c6       0x52 ./freertos/src/FreeRTOSCommonHooks.o
 .debug_macro   0x00002218       0x78 ./freertos/src/FreeRTOSCommonHooks.o
 .debug_macro   0x00002290       0x82 ./freertos/src/FreeRTOSCommonHooks.o
 .debug_macro   0x00002312      0x48c ./freertos/src/FreeRTOSCommonHooks.o
 .debug_macro   0x0000279e       0x34 ./freertos/src/FreeRTOSCommonHooks.o
 .debug_macro   0x000027d2      0x4c5 ./freertos/src/FreeRTOSCommonHooks.o
 .debug_macro   0x00002c97      0x1b7 ./freertos/src/FreeRTOSCommonHooks.o
 .debug_macro   0x00002e4e       0x10 ./freertos/src/FreeRTOSCommonHooks.o
 .debug_macro   0x00002e5e      0x21b ./freertos/src/FreeRTOSCommonHooks.o
 .debug_macro   0x00003079      0x1b9 ./freertos/src/FreeRTOSCommonHooks.o
 .debug_macro   0x00003232       0x40 ./freertos/src/FreeRTOSCommonHooks.o
 .debug_macro   0x00003272       0x22 ./freertos/src/FreeRTOSCommonHooks.o
 .debug_macro   0x00003294      0x162 ./freertos/src/FreeRTOSCommonHooks.o
 .debug_macro   0x000033f6       0x94 ./freertos/src/FreeRTOSCommonHooks.o
 .debug_macro   0x0000348a       0xb8 ./freertos/src/FreeRTOSCommonHooks.o
 .debug_macro   0x00003542       0x4c ./freertos/src/FreeRTOSCommonHooks.o
 .debug_macro   0x0000358e       0x16 ./freertos/src/FreeRTOSCommonHooks.o
 .debug_macro   0x000035a4      0x328 ./freertos/src/FreeRTOSCommonHooks.o
 .debug_macro   0x000038cc       0x49 ./freertos/src/FreeRTOSCommonHooks.o
 .debug_macro   0x00003915       0x16 ./freertos/src/FreeRTOSCommonHooks.o
 .debug_macro   0x0000392b       0xca ./freertos/src/FreeRTOSCommonHooks.o
 .debug_macro   0x000039f5       0x11 ./freertos/src/FreeRTOSCommonHooks.o
 .debug_macro   0x00003a06       0x70 ./freertos/src/FreeRTOSCommonHooks.o
 .debug_macro   0x00003a76       0x9a ./freertos/src/FreeRTOSCommonHooks.o
 .debug_macro   0x00003b10       0x20 ./freertos/src/FreeRTOSCommonHooks.o
 .debug_macro   0x00003b30       0x28 ./freertos/src/FreeRTOSCommonHooks.o
 .debug_macro   0x00003b58       0xf5 ./freertos/src/FreeRTOSCommonHooks.o
 .debug_macro   0x00003c4d       0xab ./freertos/src/FreeRTOSCommonHooks.o
 .debug_macro   0x00003cf8       0x12 ./freertos/src/FreeRTOSCommonHooks.o
 .debug_macro   0x00003d0a       0x1f ./freertos/src/FreeRTOSCommonHooks.o
 .debug_macro   0x00003d29      0x257 ./freertos/src/FreeRTOSCommonHooks.o
 .debug_macro   0x00003f80       0x64 ./freertos/src/FreeRTOSCommonHooks.o
 .debug_macro   0x00003fe4       0x57 ./freertos/src/FreeRTOSCommonHooks.o
 .debug_macro   0x0000403b      0x2b2 ./freertos/src/heap_3.o
 .debug_macro   0x000042ed       0x28 ./freertos/src/heap_3.o
 .debug_macro   0x00004315      0x297 ./freertos/src/list.o
 .debug_macro   0x000045ac      0x329 ./freertos/src/port.o
 .debug_macro   0x000048d5      0x336 ./freertos/src/tasks.o
 .debug_macro   0x00004c0b       0x5b ./freertos/src/tasks.o
 .debug_macro   0x00004c66       0x16 ./freertos/src/tasks.o
 .debug_macro   0x00004c7c       0x17 ./example/src/cr_redlib_heap_fix.o
 .debug_macro   0x00004c93       0x1d ./example/src/cr_startup_lpc175x_6x.o
 .debug_macro   0x00004cb0      0x44c ./example/src/motorCtrl.o
 .debug_macro   0x000050fc       0x76 ./example/src/motorCtrl.o
 .debug_macro   0x00005172       0x7a ./example/src/motorCtrl.o
 .debug_macro   0x000051ec       0x10 ./example/src/motorCtrl.o
 .debug_macro   0x000051fc       0x10 ./example/src/motorCtrl.o
 .debug_macro   0x0000520c       0x6a ./example/src/motorCtrl.o
 .debug_macro   0x00005276       0x40 ./example/src/motorCtrl.o
 .debug_macro   0x000052b6       0x16 ./example/src/motorCtrl.o
 .debug_macro   0x000052cc       0x76 ./example/src/motorCtrl.o
 .debug_macro   0x00005342       0x77 ./example/src/motorCtrl.o
 .debug_macro   0x000053b9       0x2e ./example/src/motorCtrl.o
 .debug_macro   0x000053e7       0x4a ./example/src/motorCtrl.o
 .debug_macro   0x00005431       0x10 ./example/src/motorCtrl.o
 .debug_macro   0x00005441       0x3a ./example/src/motorCtrl.o
 .debug_macro   0x0000547b       0x40 ./example/src/motorCtrl.o
 .debug_macro   0x000054bb       0x16 ./example/src/motorCtrl.o
 .debug_macro   0x000054d1       0x4c ./example/src/motorCtrl.o
 .debug_macro   0x0000551d      0x175 ./example/src/motorCtrl.o
 .debug_macro   0x00005692       0x10 ./example/src/motorCtrl.o
 .debug_macro   0x000056a2       0x4e ./example/src/motorCtrl.o
 .debug_macro   0x000056f0       0x64 ./example/src/motorCtrl.o
 .debug_macro   0x00005754       0x46 ./example/src/motorCtrl.o
 .debug_macro   0x0000579a       0xb5 ./example/src/motorCtrl.o
 .debug_macro   0x0000584f       0x16 ./example/src/motorCtrl.o
 .debug_macro   0x00005865       0x16 ./example/src/motorCtrl.o
 .debug_macro   0x0000587b       0x34 ./example/src/motorCtrl.o
 .debug_macro   0x000058af      0x13b ./example/src/motorCtrl.o
 .debug_macro   0x000059ea       0x80 ./example/src/motorCtrl.o
 .debug_macro   0x00005a6a      0x217 ./example/src/sysinit.o
 .debug_macro   0x00005c81       0x7b ./example/src/sysinit.o
 .debug_macro   0x00005cfc      0x231 ./example/src/utils.o
 .debug_macro   0x00005f2d       0x81 ./example/src/utils.o
 .debug_macro   0x00005fae      0x433 ./example/src/webserver_freertos.o
 .debug_macro   0x000063e1      0x289 C:\dev\polden-vert\polden-vert-motorControl-lpc1758\lpc_board_nxp_lpcxpresso_1769\Debug\liblpc_board_nxp_lpcxpresso_1769.a(board.o)
 .debug_macro   0x0000666a      0x886 C:\dev\polden-vert\polden-vert-motorControl-lpc1758\lpc_board_nxp_lpcxpresso_1769\Debug\liblpc_board_nxp_lpcxpresso_1769.a(board.o)
 .debug_macro   0x00006ef0       0x12 C:\dev\polden-vert\polden-vert-motorControl-lpc1758\lpc_board_nxp_lpcxpresso_1769\Debug\liblpc_board_nxp_lpcxpresso_1769.a(board.o)
 .debug_macro   0x00006f02      0x1cd C:\dev\polden-vert\polden-vert-motorControl-lpc1758\lpc_chip_175x_6x\Debug\liblpc_chip_175x_6x.a(chip_17xx_40xx.o)
 .debug_macro   0x000070cf      0x1cd C:\dev\polden-vert\polden-vert-motorControl-lpc1758\lpc_chip_175x_6x\Debug\liblpc_chip_175x_6x.a(clock_17xx_40xx.o)
 .debug_macro   0x0000729c      0x1cd C:\dev\polden-vert\polden-vert-motorControl-lpc1758\lpc_chip_175x_6x\Debug\liblpc_chip_175x_6x.a(iocon_17xx_40xx.o)
 .debug_macro   0x00007469       0x83 C:\dev\polden-vert\polden-vert-motorControl-lpc1758\lpc_chip_175x_6x\Debug\liblpc_chip_175x_6x.a(ring_buffer.o)
 .debug_macro   0x000074ec      0x1cd C:\dev\polden-vert\polden-vert-motorControl-lpc1758\lpc_chip_175x_6x\Debug\liblpc_chip_175x_6x.a(ssp_17xx_40xx.o)
 .debug_macro   0x000076b9      0x1cd C:\dev\polden-vert\polden-vert-motorControl-lpc1758\lpc_chip_175x_6x\Debug\liblpc_chip_175x_6x.a(uart_17xx_40xx.o)

.debug_line     0x00000000     0x7730
 .debug_line    0x00000000      0x627 ./freertos/src/FreeRTOSCommonHooks.o
 .debug_line    0x00000627      0x5e2 ./freertos/src/heap_3.o
 .debug_line    0x00000c09      0x64c ./freertos/src/list.o
 .debug_line    0x00001255      0x6c9 ./freertos/src/port.o
 .debug_line    0x0000191e      0xdf8 ./freertos/src/tasks.o
 .debug_line    0x00002716       0x55 ./example/src/cr_redlib_heap_fix.o
 .debug_line    0x0000276b       0xb8 ./example/src/cr_startup_lpc175x_6x.o
 .debug_line    0x00002823      0xa8e ./example/src/motorCtrl.o
 .debug_line    0x000032b1      0x5de ./example/src/sysinit.o
 .debug_line    0x0000388f      0xb10 ./example/src/utils.o
 .debug_line    0x0000439f      0xac3 ./example/src/webserver_freertos.o
 .debug_line    0x00004e62      0x848 C:\dev\polden-vert\polden-vert-motorControl-lpc1758\lpc_board_nxp_lpcxpresso_1769\Debug\liblpc_board_nxp_lpcxpresso_1769.a(board.o)
 .debug_line    0x000056aa      0x455 C:\dev\polden-vert\polden-vert-motorControl-lpc1758\lpc_chip_175x_6x\Debug\liblpc_chip_175x_6x.a(chip_17xx_40xx.o)
 .debug_line    0x00005aff      0x6d1 C:\dev\polden-vert\polden-vert-motorControl-lpc1758\lpc_chip_175x_6x\Debug\liblpc_chip_175x_6x.a(clock_17xx_40xx.o)
 .debug_line    0x000061d0      0x441 C:\dev\polden-vert\polden-vert-motorControl-lpc1758\lpc_chip_175x_6x\Debug\liblpc_chip_175x_6x.a(iocon_17xx_40xx.o)
 .debug_line    0x00006611      0x254 C:\dev\polden-vert\polden-vert-motorControl-lpc1758\lpc_chip_175x_6x\Debug\liblpc_chip_175x_6x.a(ring_buffer.o)
 .debug_line    0x00006865      0x74e C:\dev\polden-vert\polden-vert-motorControl-lpc1758\lpc_chip_175x_6x\Debug\liblpc_chip_175x_6x.a(ssp_17xx_40xx.o)
 .debug_line    0x00006fb3      0x77d C:\dev\polden-vert\polden-vert-motorControl-lpc1758\lpc_chip_175x_6x\Debug\liblpc_chip_175x_6x.a(uart_17xx_40xx.o)

.debug_str      0x00000000    0x1dcd5
 .debug_str     0x00000000    0x12bc3 ./freertos/src/FreeRTOSCommonHooks.o
                              0x12caf (size before relaxing)
 .debug_str     0x00012bc3      0x122 ./freertos/src/heap_3.o
                              0x12cba (size before relaxing)
 .debug_str     0x00012ce5      0x12e ./freertos/src/list.o
                              0x129b7 (size before relaxing)
 .debug_str     0x00012e13      0x7e5 ./freertos/src/port.o
                              0x133b4 (size before relaxing)
 .debug_str     0x000135f8     0x150a ./freertos/src/tasks.o
                              0x14575 (size before relaxing)
 .debug_str     0x00014b02       0x66 ./example/src/cr_redlib_heap_fix.o
                               0x253f (size before relaxing)
 .debug_str     0x00014b68      0x1b1 ./example/src/cr_startup_lpc175x_6x.o
                               0x26b2 (size before relaxing)
 .debug_str     0x00014d19     0x66ff ./example/src/motorCtrl.o
                              0x1953e (size before relaxing)
 .debug_str     0x0001b418      0x328 ./example/src/sysinit.o
                              0x10d69 (size before relaxing)
 .debug_str     0x0001b740      0x1f0 ./example/src/utils.o
                              0x10f93 (size before relaxing)
 .debug_str     0x0001b930      0xded ./example/src/webserver_freertos.o
                              0x19c2d (size before relaxing)
 .debug_str     0x0001c71d      0x974 C:\dev\polden-vert\polden-vert-motorControl-lpc1758\lpc_board_nxp_lpcxpresso_1769\Debug\liblpc_board_nxp_lpcxpresso_1769.a(board.o)
                              0x11942 (size before relaxing)
 .debug_str     0x0001d091       0xa8 C:\dev\polden-vert\polden-vert-motorControl-lpc1758\lpc_chip_175x_6x\Debug\liblpc_chip_175x_6x.a(chip_17xx_40xx.o)
                              0x10b73 (size before relaxing)
 .debug_str     0x0001d139      0x4a6 C:\dev\polden-vert\polden-vert-motorControl-lpc1758\lpc_chip_175x_6x\Debug\liblpc_chip_175x_6x.a(clock_17xx_40xx.o)
                              0x111c4 (size before relaxing)
 .debug_str     0x0001d5df       0x86 C:\dev\polden-vert\polden-vert-motorControl-lpc1758\lpc_chip_175x_6x\Debug\liblpc_chip_175x_6x.a(iocon_17xx_40xx.o)
                              0x10641 (size before relaxing)
 .debug_str     0x0001d665       0xc5 C:\dev\polden-vert\polden-vert-motorControl-lpc1758\lpc_chip_175x_6x\Debug\liblpc_chip_175x_6x.a(ring_buffer.o)
                               0x4034 (size before relaxing)
 .debug_str     0x0001d72a      0x2b6 C:\dev\polden-vert\polden-vert-motorControl-lpc1758\lpc_chip_175x_6x\Debug\liblpc_chip_175x_6x.a(ssp_17xx_40xx.o)
                              0x110df (size before relaxing)
 .debug_str     0x0001d9e0      0x2f5 C:\dev\polden-vert\polden-vert-motorControl-lpc1758\lpc_chip_175x_6x\Debug\liblpc_chip_175x_6x.a(uart_17xx_40xx.o)
                              0x110b6 (size before relaxing)

.comment        0x00000000       0xdc
 .comment       0x00000000       0x6e ./freertos/src/FreeRTOSCommonHooks.o
                                 0x6f (size before relaxing)
 .comment       0x0000006e       0x6f ./freertos/src/heap_3.o
 .comment       0x0000006e       0x6f ./freertos/src/list.o
 .comment       0x0000006e       0x6f ./freertos/src/port.o
 .comment       0x0000006e       0x6f ./freertos/src/tasks.o
 .comment       0x0000006e       0x6f ./example/src/cr_redlib_heap_fix.o
 .comment       0x0000006e       0x6f ./example/src/cr_startup_lpc175x_6x.o
 .comment       0x0000006e       0x6f ./example/src/motorCtrl.o
 .comment       0x0000006e       0x6f ./example/src/sysinit.o
 .comment       0x0000006e       0x6f ./example/src/utils.o
 .comment       0x0000006e       0x6f ./example/src/webserver_freertos.o
 .comment       0x0000006e       0x6f C:\dev\polden-vert\polden-vert-motorControl-lpc1758\lpc_board_nxp_lpcxpresso_1769\Debug\liblpc_board_nxp_lpcxpresso_1769.a(board.o)
 .comment       0x0000006e       0x6f C:\dev\polden-vert\polden-vert-motorControl-lpc1758\lpc_chip_175x_6x\Debug\liblpc_chip_175x_6x.a(chip_17xx_40xx.o)
 .comment       0x0000006e       0x6f C:\dev\polden-vert\polden-vert-motorControl-lpc1758\lpc_chip_175x_6x\Debug\liblpc_chip_175x_6x.a(clock_17xx_40xx.o)
 .comment       0x0000006e       0x6f C:\dev\polden-vert\polden-vert-motorControl-lpc1758\lpc_chip_175x_6x\Debug\liblpc_chip_175x_6x.a(iocon_17xx_40xx.o)
 .comment       0x0000006e       0x6f C:\dev\polden-vert\polden-vert-motorControl-lpc1758\lpc_chip_175x_6x\Debug\liblpc_chip_175x_6x.a(ring_buffer.o)
 .comment       0x0000006e       0x6f C:\dev\polden-vert\polden-vert-motorControl-lpc1758\lpc_chip_175x_6x\Debug\liblpc_chip_175x_6x.a(ssp_17xx_40xx.o)
 .comment       0x0000006e       0x6f C:\dev\polden-vert\polden-vert-motorControl-lpc1758\lpc_chip_175x_6x\Debug\liblpc_chip_175x_6x.a(uart_17xx_40xx.o)
 .comment       0x0000006e       0x6e c:/nxp/lpcxpresso_8.2.0_647/lpcxpresso/tools/bin/../lib/gcc/arm-none-eabi/5.3.1/../../../../arm-none-eabi/lib/armv7-m\libcr_nohost.a(_cr__main.o)
                                 0x6f (size before relaxing)
 .comment       0x000000dc       0x6f c:/nxp/lpcxpresso_8.2.0_647/lpcxpresso/tools/bin/../lib/gcc/arm-none-eabi/5.3.1/../../../../arm-none-eabi/lib/armv7-m\libcr_c.a(memcpy.o)
 .comment       0x000000dc       0x6f c:/nxp/lpcxpresso_8.2.0_647/lpcxpresso/tools/bin/../lib/gcc/arm-none-eabi/5.3.1/../../../../arm-none-eabi/lib/armv7-m\libcr_c.a(memset.o)
 .comment       0x000000dc       0x6f c:/nxp/lpcxpresso_8.2.0_647/lpcxpresso/tools/bin/../lib/gcc/arm-none-eabi/5.3.1/../../../../arm-none-eabi/lib/armv7-m\libcr_c.a(alloc.o)
 .comment       0x000000dc       0x6f c:/nxp/lpcxpresso_8.2.0_647/lpcxpresso/tools/bin/../lib/gcc/arm-none-eabi/5.3.1/../../../../arm-none-eabi/lib/armv7-m\libcr_c.a(fpprintf.o)
 .comment       0x000000dc       0x6f c:/nxp/lpcxpresso_8.2.0_647/lpcxpresso/tools/bin/../lib/gcc/arm-none-eabi/5.3.1/../../../../arm-none-eabi/lib/armv7-m\libcr_c.a(initio.o)
 .comment       0x000000dc       0x6f c:/nxp/lpcxpresso_8.2.0_647/lpcxpresso/tools/bin/../lib/gcc/arm-none-eabi/5.3.1/../../../../arm-none-eabi/lib/armv7-m\libcr_c.a(printf.o)
 .comment       0x000000dc       0x6f c:/nxp/lpcxpresso_8.2.0_647/lpcxpresso/tools/bin/../lib/gcc/arm-none-eabi/5.3.1/../../../../arm-none-eabi/lib/armv7-m\libcr_c.a(scanf.o)
 .comment       0x000000dc       0x6f c:/nxp/lpcxpresso_8.2.0_647/lpcxpresso/tools/bin/../lib/gcc/arm-none-eabi/5.3.1/../../../../arm-none-eabi/lib/armv7-m\libcr_c.a(setvbuf.o)
 .comment       0x000000dc       0x6f c:/nxp/lpcxpresso_8.2.0_647/lpcxpresso/tools/bin/../lib/gcc/arm-none-eabi/5.3.1/../../../../arm-none-eabi/lib/armv7-m\libcr_c.a(stdio.o)
 .comment       0x000000dc       0x6f c:/nxp/lpcxpresso_8.2.0_647/lpcxpresso/tools/bin/../lib/gcc/arm-none-eabi/5.3.1/../../../../arm-none-eabi/lib/armv7-m\libcr_c.a(stdlib.o)
 .comment       0x000000dc       0x6f c:/nxp/lpcxpresso_8.2.0_647/lpcxpresso/tools/bin/../lib/gcc/arm-none-eabi/5.3.1/../../../../arm-none-eabi/lib/armv7-m\libcr_c.a(strcmp.o)
 .comment       0x000000dc       0x6f c:/nxp/lpcxpresso_8.2.0_647/lpcxpresso/tools/bin/../lib/gcc/arm-none-eabi/5.3.1/../../../../arm-none-eabi/lib/armv7-m\libcr_c.a(strlen.o)
 .comment       0x000000dc       0x6f c:/nxp/lpcxpresso_8.2.0_647/lpcxpresso/tools/bin/../lib/gcc/arm-none-eabi/5.3.1/../../../../arm-none-eabi/lib/armv7-m\libcr_c.a(__init_alloc.o)
 .comment       0x000000dc       0x6f c:/nxp/lpcxpresso_8.2.0_647/lpcxpresso/tools/bin/../lib/gcc/arm-none-eabi/5.3.1/../../../../arm-none-eabi/lib/armv7-m\libcr_c.a(_cr_sbrk.o)
 .comment       0x000000dc       0x6f c:/nxp/lpcxpresso_8.2.0_647/lpcxpresso/tools/bin/../lib/gcc/arm-none-eabi/5.3.1/../../../../arm-none-eabi/lib/armv7-m\libcr_c.a(_deferredlazyseek.o)
 .comment       0x000000dc       0x6f c:/nxp/lpcxpresso_8.2.0_647/lpcxpresso/tools/bin/../lib/gcc/arm-none-eabi/5.3.1/../../../../arm-none-eabi/lib/armv7-m\libcr_c.a(_fdopen.o)
 .comment       0x000000dc       0x6f c:/nxp/lpcxpresso_8.2.0_647/lpcxpresso/tools/bin/../lib/gcc/arm-none-eabi/5.3.1/../../../../arm-none-eabi/lib/armv7-m\libcr_c.a(_fflush.o)
 .comment       0x000000dc       0x6f c:/nxp/lpcxpresso_8.2.0_647/lpcxpresso/tools/bin/../lib/gcc/arm-none-eabi/5.3.1/../../../../arm-none-eabi/lib/armv7-m\libcr_c.a(_frexpl.o)
 .comment       0x000000dc       0x6f c:/nxp/lpcxpresso_8.2.0_647/lpcxpresso/tools/bin/../lib/gcc/arm-none-eabi/5.3.1/../../../../arm-none-eabi/lib/armv7-m\libcr_c.a(_hugeval.o)
 .comment       0x000000dc       0x6f c:/nxp/lpcxpresso_8.2.0_647/lpcxpresso/tools/bin/../lib/gcc/arm-none-eabi/5.3.1/../../../../arm-none-eabi/lib/armv7-m\libcr_c.a(_ldexpl.o)
 .comment       0x000000dc       0x6f c:/nxp/lpcxpresso_8.2.0_647/lpcxpresso/tools/bin/../lib/gcc/arm-none-eabi/5.3.1/../../../../arm-none-eabi/lib/armv7-m\libcr_c.a(_writebuf.o)
 .comment       0x000000dc       0x6f c:/nxp/lpcxpresso_8.2.0_647/lpcxpresso/tools/bin/../lib/gcc/arm-none-eabi/5.3.1/../../../../arm-none-eabi/lib/armv7-m\libcr_c.a(ctype.o)
 .comment       0x000000dc       0x6f c:/nxp/lpcxpresso_8.2.0_647/lpcxpresso/tools/bin/../lib/gcc/arm-none-eabi/5.3.1/../../../../arm-none-eabi/lib/armv7-m\libcr_c.a(errno.o)
 .comment       0x000000dc       0x6f c:/nxp/lpcxpresso_8.2.0_647/lpcxpresso/tools/bin/../lib/gcc/arm-none-eabi/5.3.1/../../../../arm-none-eabi/lib/armv7-m\libcr_c.a(fclose.o)
 .comment       0x000000dc       0x6f c:/nxp/lpcxpresso_8.2.0_647/lpcxpresso/tools/bin/../lib/gcc/arm-none-eabi/5.3.1/../../../../arm-none-eabi/lib/armv7-m\libcr_c.a(fflush.o)
 .comment       0x000000dc       0x6f c:/nxp/lpcxpresso_8.2.0_647/lpcxpresso/tools/bin/../lib/gcc/arm-none-eabi/5.3.1/../../../../arm-none-eabi/lib/armv7-m\libcr_c.a(fseek.o)
 .comment       0x000000dc       0x6f c:/nxp/lpcxpresso_8.2.0_647/lpcxpresso/tools/bin/../lib/gcc/arm-none-eabi/5.3.1/../../../../arm-none-eabi/lib/armv7-m\libcr_c.a(ftell.o)
 .comment       0x000000dc       0x6f c:/nxp/lpcxpresso_8.2.0_647/lpcxpresso/tools/bin/../lib/gcc/arm-none-eabi/5.3.1/../../../../arm-none-eabi/lib/armv7-m\libcr_c.a(remove.o)
 .comment       0x000000dc       0x6f c:/nxp/lpcxpresso_8.2.0_647/lpcxpresso/tools/bin/../lib/gcc/arm-none-eabi/5.3.1/../../../../arm-none-eabi/lib/armv7-m\libcr_c.a(_do_fflush.o)
 .comment       0x000000dc       0x6f c:/nxp/lpcxpresso_8.2.0_647/lpcxpresso/tools/bin/../lib/gcc/arm-none-eabi/5.3.1/armv7-m\libcr_eabihelpers.a(double.o)
 .comment       0x000000dc       0x6f c:/nxp/lpcxpresso_8.2.0_647/lpcxpresso/tools/bin/../lib/gcc/arm-none-eabi/5.3.1/../../../../arm-none-eabi/lib/armv7-m\libcr_nohost.a(__sys_appexit.o)
 .comment       0x000000dc       0x6f c:/nxp/lpcxpresso_8.2.0_647/lpcxpresso/tools/bin/../lib/gcc/arm-none-eabi/5.3.1/../../../../arm-none-eabi/lib/armv7-m\libcr_nohost.a(__sys_close.o)
 .comment       0x000000dc       0x6f c:/nxp/lpcxpresso_8.2.0_647/lpcxpresso/tools/bin/../lib/gcc/arm-none-eabi/5.3.1/../../../../arm-none-eabi/lib/armv7-m\libcr_nohost.a(__sys_flen.o)
 .comment       0x000000dc       0x6f c:/nxp/lpcxpresso_8.2.0_647/lpcxpresso/tools/bin/../lib/gcc/arm-none-eabi/5.3.1/../../../../arm-none-eabi/lib/armv7-m\libcr_nohost.a(__sys_istty.o)
 .comment       0x000000dc       0x6f c:/nxp/lpcxpresso_8.2.0_647/lpcxpresso/tools/bin/../lib/gcc/arm-none-eabi/5.3.1/../../../../arm-none-eabi/lib/armv7-m\libcr_nohost.a(__sys_remove.o)
 .comment       0x000000dc       0x6f c:/nxp/lpcxpresso_8.2.0_647/lpcxpresso/tools/bin/../lib/gcc/arm-none-eabi/5.3.1/../../../../arm-none-eabi/lib/armv7-m\libcr_nohost.a(__sys_seek.o)
 .comment       0x000000dc       0x6f c:/nxp/lpcxpresso_8.2.0_647/lpcxpresso/tools/bin/../lib/gcc/arm-none-eabi/5.3.1/../../../../arm-none-eabi/lib/armv7-m\libcr_nohost.a(__sys_tmpnam.o)

.ARM.attributes
                0x00000000       0x31
 .ARM.attributes
                0x00000000       0x33 ./freertos/src/FreeRTOSCommonHooks.o
 .ARM.attributes
                0x00000033       0x33 ./freertos/src/heap_3.o
 .ARM.attributes
                0x00000066       0x33 ./freertos/src/list.o
 .ARM.attributes
                0x00000099       0x33 ./freertos/src/port.o
 .ARM.attributes
                0x000000cc       0x33 ./freertos/src/tasks.o
 .ARM.attributes
                0x000000ff       0x33 ./example/src/cr_redlib_heap_fix.o
 .ARM.attributes
                0x00000132       0x33 ./example/src/cr_startup_lpc175x_6x.o
 .ARM.attributes
                0x00000165       0x33 ./example/src/motorCtrl.o
 .ARM.attributes
                0x00000198       0x33 ./example/src/sysinit.o
 .ARM.attributes
                0x000001cb       0x33 ./example/src/utils.o
 .ARM.attributes
                0x000001fe       0x33 ./example/src/webserver_freertos.o
 .ARM.attributes
                0x00000231       0x33 C:\dev\polden-vert\polden-vert-motorControl-lpc1758\lpc_board_nxp_lpcxpresso_1769\Debug\liblpc_board_nxp_lpcxpresso_1769.a(board.o)
 .ARM.attributes
                0x00000264       0x33 C:\dev\polden-vert\polden-vert-motorControl-lpc1758\lpc_chip_175x_6x\Debug\liblpc_chip_175x_6x.a(chip_17xx_40xx.o)
 .ARM.attributes
                0x00000297       0x33 C:\dev\polden-vert\polden-vert-motorControl-lpc1758\lpc_chip_175x_6x\Debug\liblpc_chip_175x_6x.a(clock_17xx_40xx.o)
 .ARM.attributes
                0x000002ca       0x33 C:\dev\polden-vert\polden-vert-motorControl-lpc1758\lpc_chip_175x_6x\Debug\liblpc_chip_175x_6x.a(iocon_17xx_40xx.o)
 .ARM.attributes
                0x000002fd       0x33 C:\dev\polden-vert\polden-vert-motorControl-lpc1758\lpc_chip_175x_6x\Debug\liblpc_chip_175x_6x.a(ring_buffer.o)
 .ARM.attributes
                0x00000330       0x33 C:\dev\polden-vert\polden-vert-motorControl-lpc1758\lpc_chip_175x_6x\Debug\liblpc_chip_175x_6x.a(ssp_17xx_40xx.o)
 .ARM.attributes
                0x00000363       0x33 C:\dev\polden-vert\polden-vert-motorControl-lpc1758\lpc_chip_175x_6x\Debug\liblpc_chip_175x_6x.a(uart_17xx_40xx.o)
 .ARM.attributes
                0x00000396       0x33 c:/nxp/lpcxpresso_8.2.0_647/lpcxpresso/tools/bin/../lib/gcc/arm-none-eabi/5.3.1/../../../../arm-none-eabi/lib/armv7-m\libcr_nohost.a(_cr__main.o)
 .ARM.attributes
                0x000003c9       0x33 c:/nxp/lpcxpresso_8.2.0_647/lpcxpresso/tools/bin/../lib/gcc/arm-none-eabi/5.3.1/../../../../arm-none-eabi/lib/armv7-m\libcr_c.a(memcpy.o)
 .ARM.attributes
                0x000003fc       0x33 c:/nxp/lpcxpresso_8.2.0_647/lpcxpresso/tools/bin/../lib/gcc/arm-none-eabi/5.3.1/../../../../arm-none-eabi/lib/armv7-m\libcr_c.a(memset.o)
 .ARM.attributes
                0x0000042f       0x33 c:/nxp/lpcxpresso_8.2.0_647/lpcxpresso/tools/bin/../lib/gcc/arm-none-eabi/5.3.1/../../../../arm-none-eabi/lib/armv7-m\libcr_c.a(alloc.o)
 .ARM.attributes
                0x00000462       0x33 c:/nxp/lpcxpresso_8.2.0_647/lpcxpresso/tools/bin/../lib/gcc/arm-none-eabi/5.3.1/../../../../arm-none-eabi/lib/armv7-m\libcr_c.a(fpprintf.o)
 .ARM.attributes
                0x00000495       0x33 c:/nxp/lpcxpresso_8.2.0_647/lpcxpresso/tools/bin/../lib/gcc/arm-none-eabi/5.3.1/../../../../arm-none-eabi/lib/armv7-m\libcr_c.a(initio.o)
 .ARM.attributes
                0x000004c8       0x33 c:/nxp/lpcxpresso_8.2.0_647/lpcxpresso/tools/bin/../lib/gcc/arm-none-eabi/5.3.1/../../../../arm-none-eabi/lib/armv7-m\libcr_c.a(printf.o)
 .ARM.attributes
                0x000004fb       0x33 c:/nxp/lpcxpresso_8.2.0_647/lpcxpresso/tools/bin/../lib/gcc/arm-none-eabi/5.3.1/../../../../arm-none-eabi/lib/armv7-m\libcr_c.a(scanf.o)
 .ARM.attributes
                0x0000052e       0x33 c:/nxp/lpcxpresso_8.2.0_647/lpcxpresso/tools/bin/../lib/gcc/arm-none-eabi/5.3.1/../../../../arm-none-eabi/lib/armv7-m\libcr_c.a(setvbuf.o)
 .ARM.attributes
                0x00000561       0x33 c:/nxp/lpcxpresso_8.2.0_647/lpcxpresso/tools/bin/../lib/gcc/arm-none-eabi/5.3.1/../../../../arm-none-eabi/lib/armv7-m\libcr_c.a(stdio.o)
 .ARM.attributes
                0x00000594       0x33 c:/nxp/lpcxpresso_8.2.0_647/lpcxpresso/tools/bin/../lib/gcc/arm-none-eabi/5.3.1/../../../../arm-none-eabi/lib/armv7-m\libcr_c.a(stdlib.o)
 .ARM.attributes
                0x000005c7       0x33 c:/nxp/lpcxpresso_8.2.0_647/lpcxpresso/tools/bin/../lib/gcc/arm-none-eabi/5.3.1/../../../../arm-none-eabi/lib/armv7-m\libcr_c.a(strcmp.o)
 .ARM.attributes
                0x000005fa       0x33 c:/nxp/lpcxpresso_8.2.0_647/lpcxpresso/tools/bin/../lib/gcc/arm-none-eabi/5.3.1/../../../../arm-none-eabi/lib/armv7-m\libcr_c.a(strlen.o)
 .ARM.attributes
                0x0000062d       0x33 c:/nxp/lpcxpresso_8.2.0_647/lpcxpresso/tools/bin/../lib/gcc/arm-none-eabi/5.3.1/../../../../arm-none-eabi/lib/armv7-m\libcr_c.a(__init_alloc.o)
 .ARM.attributes
                0x00000660       0x33 c:/nxp/lpcxpresso_8.2.0_647/lpcxpresso/tools/bin/../lib/gcc/arm-none-eabi/5.3.1/../../../../arm-none-eabi/lib/armv7-m\libcr_c.a(_cr_sbrk.o)
 .ARM.attributes
                0x00000693       0x33 c:/nxp/lpcxpresso_8.2.0_647/lpcxpresso/tools/bin/../lib/gcc/arm-none-eabi/5.3.1/../../../../arm-none-eabi/lib/armv7-m\libcr_c.a(_deferredlazyseek.o)
 .ARM.attributes
                0x000006c6       0x33 c:/nxp/lpcxpresso_8.2.0_647/lpcxpresso/tools/bin/../lib/gcc/arm-none-eabi/5.3.1/../../../../arm-none-eabi/lib/armv7-m\libcr_c.a(_fdopen.o)
 .ARM.attributes
                0x000006f9       0x33 c:/nxp/lpcxpresso_8.2.0_647/lpcxpresso/tools/bin/../lib/gcc/arm-none-eabi/5.3.1/../../../../arm-none-eabi/lib/armv7-m\libcr_c.a(_fflush.o)
 .ARM.attributes
                0x0000072c       0x33 c:/nxp/lpcxpresso_8.2.0_647/lpcxpresso/tools/bin/../lib/gcc/arm-none-eabi/5.3.1/../../../../arm-none-eabi/lib/armv7-m\libcr_c.a(_frexpl.o)
 .ARM.attributes
                0x0000075f       0x33 c:/nxp/lpcxpresso_8.2.0_647/lpcxpresso/tools/bin/../lib/gcc/arm-none-eabi/5.3.1/../../../../arm-none-eabi/lib/armv7-m\libcr_c.a(_hugeval.o)
 .ARM.attributes
                0x00000792       0x33 c:/nxp/lpcxpresso_8.2.0_647/lpcxpresso/tools/bin/../lib/gcc/arm-none-eabi/5.3.1/../../../../arm-none-eabi/lib/armv7-m\libcr_c.a(_ldexpl.o)
 .ARM.attributes
                0x000007c5       0x33 c:/nxp/lpcxpresso_8.2.0_647/lpcxpresso/tools/bin/../lib/gcc/arm-none-eabi/5.3.1/../../../../arm-none-eabi/lib/armv7-m\libcr_c.a(_writebuf.o)
 .ARM.attributes
                0x000007f8       0x33 c:/nxp/lpcxpresso_8.2.0_647/lpcxpresso/tools/bin/../lib/gcc/arm-none-eabi/5.3.1/../../../../arm-none-eabi/lib/armv7-m\libcr_c.a(ctype.o)
 .ARM.attributes
                0x0000082b       0x33 c:/nxp/lpcxpresso_8.2.0_647/lpcxpresso/tools/bin/../lib/gcc/arm-none-eabi/5.3.1/../../../../arm-none-eabi/lib/armv7-m\libcr_c.a(errno.o)
 .ARM.attributes
                0x0000085e       0x33 c:/nxp/lpcxpresso_8.2.0_647/lpcxpresso/tools/bin/../lib/gcc/arm-none-eabi/5.3.1/../../../../arm-none-eabi/lib/armv7-m\libcr_c.a(fclose.o)
 .ARM.attributes
                0x00000891       0x33 c:/nxp/lpcxpresso_8.2.0_647/lpcxpresso/tools/bin/../lib/gcc/arm-none-eabi/5.3.1/../../../../arm-none-eabi/lib/armv7-m\libcr_c.a(fflush.o)
 .ARM.attributes
                0x000008c4       0x33 c:/nxp/lpcxpresso_8.2.0_647/lpcxpresso/tools/bin/../lib/gcc/arm-none-eabi/5.3.1/../../../../arm-none-eabi/lib/armv7-m\libcr_c.a(fseek.o)
 .ARM.attributes
                0x000008f7       0x33 c:/nxp/lpcxpresso_8.2.0_647/lpcxpresso/tools/bin/../lib/gcc/arm-none-eabi/5.3.1/../../../../arm-none-eabi/lib/armv7-m\libcr_c.a(ftell.o)
 .ARM.attributes
                0x0000092a       0x33 c:/nxp/lpcxpresso_8.2.0_647/lpcxpresso/tools/bin/../lib/gcc/arm-none-eabi/5.3.1/../../../../arm-none-eabi/lib/armv7-m\libcr_c.a(remove.o)
 .ARM.attributes
                0x0000095d       0x33 c:/nxp/lpcxpresso_8.2.0_647/lpcxpresso/tools/bin/../lib/gcc/arm-none-eabi/5.3.1/../../../../arm-none-eabi/lib/armv7-m\libcr_c.a(_do_fflush.o)
 .ARM.attributes
                0x00000990       0x33 c:/nxp/lpcxpresso_8.2.0_647/lpcxpresso/tools/bin/../lib/gcc/arm-none-eabi/5.3.1/armv7-m\libcr_eabihelpers.a(double.o)
 .ARM.attributes
                0x000009c3       0x21 c:/nxp/lpcxpresso_8.2.0_647/lpcxpresso/tools/bin/../lib/gcc/arm-none-eabi/5.3.1/armv7-m\libcr_eabihelpers.a(memcpy.o)
 .ARM.attributes
                0x000009e4       0x33 c:/nxp/lpcxpresso_8.2.0_647/lpcxpresso/tools/bin/../lib/gcc/arm-none-eabi/5.3.1/../../../../arm-none-eabi/lib/armv7-m\libcr_nohost.a(__sys_appexit.o)
 .ARM.attributes
                0x00000a17       0x33 c:/nxp/lpcxpresso_8.2.0_647/lpcxpresso/tools/bin/../lib/gcc/arm-none-eabi/5.3.1/../../../../arm-none-eabi/lib/armv7-m\libcr_nohost.a(__sys_close.o)
 .ARM.attributes
                0x00000a4a       0x33 c:/nxp/lpcxpresso_8.2.0_647/lpcxpresso/tools/bin/../lib/gcc/arm-none-eabi/5.3.1/../../../../arm-none-eabi/lib/armv7-m\libcr_nohost.a(__sys_flen.o)
 .ARM.attributes
                0x00000a7d       0x33 c:/nxp/lpcxpresso_8.2.0_647/lpcxpresso/tools/bin/../lib/gcc/arm-none-eabi/5.3.1/../../../../arm-none-eabi/lib/armv7-m\libcr_nohost.a(__sys_istty.o)
 .ARM.attributes
                0x00000ab0       0x33 c:/nxp/lpcxpresso_8.2.0_647/lpcxpresso/tools/bin/../lib/gcc/arm-none-eabi/5.3.1/../../../../arm-none-eabi/lib/armv7-m\libcr_nohost.a(__sys_remove.o)
 .ARM.attributes
                0x00000ae3       0x33 c:/nxp/lpcxpresso_8.2.0_647/lpcxpresso/tools/bin/../lib/gcc/arm-none-eabi/5.3.1/../../../../arm-none-eabi/lib/armv7-m\libcr_nohost.a(__sys_seek.o)
 .ARM.attributes
                0x00000b16       0x33 c:/nxp/lpcxpresso_8.2.0_647/lpcxpresso/tools/bin/../lib/gcc/arm-none-eabi/5.3.1/../../../../arm-none-eabi/lib/armv7-m\libcr_nohost.a(__sys_tmpnam.o)

.debug_frame    0x00000000     0x2174
 .debug_frame   0x00000000       0x80 ./freertos/src/FreeRTOSCommonHooks.o
 .debug_frame   0x00000080       0x44 ./freertos/src/heap_3.o
 .debug_frame   0x000000c4       0x88 ./freertos/src/list.o
 .debug_frame   0x0000014c      0x120 ./freertos/src/port.o
 .debug_frame   0x0000026c      0x41c ./freertos/src/tasks.o
 .debug_frame   0x00000688       0x20 ./example/src/cr_redlib_heap_fix.o
 .debug_frame   0x000006a8      0x104 ./example/src/cr_startup_lpc175x_6x.o
 .debug_frame   0x000007ac       0xbc ./example/src/motorCtrl.o
 .debug_frame   0x00000868       0x88 ./example/src/sysinit.o
 .debug_frame   0x000008f0      0x1c0 ./example/src/utils.o
 .debug_frame   0x00000ab0       0xd4 ./example/src/webserver_freertos.o
 .debug_frame   0x00000b84      0x5d4 C:\dev\polden-vert\polden-vert-motorControl-lpc1758\lpc_board_nxp_lpcxpresso_1769\Debug\liblpc_board_nxp_lpcxpresso_1769.a(board.o)
 .debug_frame   0x00001158       0x88 C:\dev\polden-vert\polden-vert-motorControl-lpc1758\lpc_chip_175x_6x\Debug\liblpc_chip_175x_6x.a(chip_17xx_40xx.o)
 .debug_frame   0x000011e0      0x490 C:\dev\polden-vert\polden-vert-motorControl-lpc1758\lpc_chip_175x_6x\Debug\liblpc_chip_175x_6x.a(clock_17xx_40xx.o)
 .debug_frame   0x00001670       0x80 C:\dev\polden-vert\polden-vert-motorControl-lpc1758\lpc_chip_175x_6x\Debug\liblpc_chip_175x_6x.a(iocon_17xx_40xx.o)
 .debug_frame   0x000016f0      0x164 C:\dev\polden-vert\polden-vert-motorControl-lpc1758\lpc_chip_175x_6x\Debug\liblpc_chip_175x_6x.a(ring_buffer.o)
 .debug_frame   0x00001854      0x3e8 C:\dev\polden-vert\polden-vert-motorControl-lpc1758\lpc_chip_175x_6x\Debug\liblpc_chip_175x_6x.a(ssp_17xx_40xx.o)
 .debug_frame   0x00001c3c      0x538 C:\dev\polden-vert\polden-vert-motorControl-lpc1758\lpc_chip_175x_6x\Debug\liblpc_chip_175x_6x.a(uart_17xx_40xx.o)